Archive member included to satisfy reference by file (symbol)

c:/program files (x86)/atollic/truestudio for stm32 9.3.0/armtools/bin/../lib/gcc/arm-atollic-eabi/6.3.1/../../../../arm-atollic-eabi/lib/armv7e-m/fpu\libc.a(lib_a-errno.o)
                              Src\syscalls.o (__errno)
c:/program files (x86)/atollic/truestudio for stm32 9.3.0/armtools/bin/../lib/gcc/arm-atollic-eabi/6.3.1/../../../../arm-atollic-eabi/lib/armv7e-m/fpu\libc.a(lib_a-fflush.o)
                              Src\sample_service.o (fflush)
c:/program files (x86)/atollic/truestudio for stm32 9.3.0/armtools/bin/../lib/gcc/arm-atollic-eabi/6.3.1/../../../../arm-atollic-eabi/lib/armv7e-m/fpu\libc.a(lib_a-findfp.o)
                              c:/program files (x86)/atollic/truestudio for stm32 9.3.0/armtools/bin/../lib/gcc/arm-atollic-eabi/6.3.1/../../../../arm-atollic-eabi/lib/armv7e-m/fpu\libc.a(lib_a-fflush.o) (__sinit)
c:/program files (x86)/atollic/truestudio for stm32 9.3.0/armtools/bin/../lib/gcc/arm-atollic-eabi/6.3.1/../../../../arm-atollic-eabi/lib/armv7e-m/fpu\libc.a(lib_a-freer.o)
                              c:/program files (x86)/atollic/truestudio for stm32 9.3.0/armtools/bin/../lib/gcc/arm-atollic-eabi/6.3.1/../../../../arm-atollic-eabi/lib/armv7e-m/fpu\libc.a(lib_a-fflush.o) (_free_r)
c:/program files (x86)/atollic/truestudio for stm32 9.3.0/armtools/bin/../lib/gcc/arm-atollic-eabi/6.3.1/../../../../arm-atollic-eabi/lib/armv7e-m/fpu\libc.a(lib_a-fwalk.o)
                              c:/program files (x86)/atollic/truestudio for stm32 9.3.0/armtools/bin/../lib/gcc/arm-atollic-eabi/6.3.1/../../../../arm-atollic-eabi/lib/armv7e-m/fpu\libc.a(lib_a-findfp.o) (_fwalk)
c:/program files (x86)/atollic/truestudio for stm32 9.3.0/armtools/bin/../lib/gcc/arm-atollic-eabi/6.3.1/../../../../arm-atollic-eabi/lib/armv7e-m/fpu\libc.a(lib_a-impure.o)
                              c:/program files (x86)/atollic/truestudio for stm32 9.3.0/armtools/bin/../lib/gcc/arm-atollic-eabi/6.3.1/../../../../arm-atollic-eabi/lib/armv7e-m/fpu\libc.a(lib_a-fflush.o) (_global_impure_ptr)
c:/program files (x86)/atollic/truestudio for stm32 9.3.0/armtools/bin/../lib/gcc/arm-atollic-eabi/6.3.1/../../../../arm-atollic-eabi/lib/armv7e-m/fpu\libc.a(lib_a-init.o)
                              startup\startup_stm32l476xx.o (__libc_init_array)
c:/program files (x86)/atollic/truestudio for stm32 9.3.0/armtools/bin/../lib/gcc/arm-atollic-eabi/6.3.1/../../../../arm-atollic-eabi/lib/armv7e-m/fpu\libc.a(lib_a-lock.o)
                              c:/program files (x86)/atollic/truestudio for stm32 9.3.0/armtools/bin/../lib/gcc/arm-atollic-eabi/6.3.1/../../../../arm-atollic-eabi/lib/armv7e-m/fpu\libc.a(lib_a-findfp.o) (__retarget_lock_init_recursive)
c:/program files (x86)/atollic/truestudio for stm32 9.3.0/armtools/bin/../lib/gcc/arm-atollic-eabi/6.3.1/../../../../arm-atollic-eabi/lib/armv7e-m/fpu\libc.a(lib_a-mallocr.o)
                              c:/program files (x86)/atollic/truestudio for stm32 9.3.0/armtools/bin/../lib/gcc/arm-atollic-eabi/6.3.1/../../../../arm-atollic-eabi/lib/armv7e-m/fpu\libc.a(lib_a-findfp.o) (_malloc_r)
c:/program files (x86)/atollic/truestudio for stm32 9.3.0/armtools/bin/../lib/gcc/arm-atollic-eabi/6.3.1/../../../../arm-atollic-eabi/lib/armv7e-m/fpu\libc.a(lib_a-memcpy-stub.o)
                              Middlewares\BlueNRG-MS\Wireless\Controller\bluenrg_gap_aci.o (memcpy)
c:/program files (x86)/atollic/truestudio for stm32 9.3.0/armtools/bin/../lib/gcc/arm-atollic-eabi/6.3.1/../../../../arm-atollic-eabi/lib/armv7e-m/fpu\libc.a(lib_a-memset.o)
                              Middlewares\BlueNRG-MS\Wireless\Controller\bluenrg_gap_aci.o (memset)
c:/program files (x86)/atollic/truestudio for stm32 9.3.0/armtools/bin/../lib/gcc/arm-atollic-eabi/6.3.1/../../../../arm-atollic-eabi/lib/armv7e-m/fpu\libc.a(lib_a-mlock.o)
                              c:/program files (x86)/atollic/truestudio for stm32 9.3.0/armtools/bin/../lib/gcc/arm-atollic-eabi/6.3.1/../../../../arm-atollic-eabi/lib/armv7e-m/fpu\libc.a(lib_a-freer.o) (__malloc_lock)
c:/program files (x86)/atollic/truestudio for stm32 9.3.0/armtools/bin/../lib/gcc/arm-atollic-eabi/6.3.1/../../../../arm-atollic-eabi/lib/armv7e-m/fpu\libc.a(lib_a-printf.o)
                              Src\app_x-cube-ble1.o (printf)
c:/program files (x86)/atollic/truestudio for stm32 9.3.0/armtools/bin/../lib/gcc/arm-atollic-eabi/6.3.1/../../../../arm-atollic-eabi/lib/armv7e-m/fpu\libc.a(lib_a-putchar.o)
                              Src\sample_service.o (putchar)
c:/program files (x86)/atollic/truestudio for stm32 9.3.0/armtools/bin/../lib/gcc/arm-atollic-eabi/6.3.1/../../../../arm-atollic-eabi/lib/armv7e-m/fpu\libc.a(lib_a-puts.o)
                              Src\app_x-cube-ble1.o (puts)
c:/program files (x86)/atollic/truestudio for stm32 9.3.0/armtools/bin/../lib/gcc/arm-atollic-eabi/6.3.1/../../../../arm-atollic-eabi/lib/armv7e-m/fpu\libc.a(lib_a-sbrkr.o)
[...]
Memory Configuration

Name             Origin             Length             Attributes
RAM              0x20000000         0x00018000         xrw
RAM2             0x10000000         0x00008000         xrw
FLASH            0x08000000         0x00100000         xr
*default*        0x00000000         0xffffffff

Linker script and memory map

LOAD c:/program files (x86)/atollic/truestudio for stm32 9.3.0/armtools/bin/../lib/gcc/arm-atollic-eabi/6.3.1/armv7e-m/fpu/crti.o
LOAD c:/program files (x86)/atollic/truestudio for stm32 9.3.0/armtools/bin/../lib/gcc/arm-atollic-eabi/6.3.1/armv7e-m/fpu/crtbegin.o
LOAD Drivers\STM32L4xx_HAL_Driver\stm32l4xx_hal.o
LOAD Drivers\STM32L4xx_HAL_Driver\stm32l4xx_hal_cortex.o
LOAD Drivers\STM32L4xx_HAL_Driver\stm32l4xx_hal_dma.o
LOAD Drivers\STM32L4xx_HAL_Driver\stm32l4xx_hal_dma_ex.o
LOAD Drivers\STM32L4xx_HAL_Driver\stm32l4xx_hal_exti.o
LOAD Drivers\STM32L4xx_HAL_Driver\stm32l4xx_hal_flash.o
LOAD Drivers\STM32L4xx_HAL_Driver\stm32l4xx_hal_flash_ex.o
LOAD Drivers\STM32L4xx_HAL_Driver\stm32l4xx_hal_flash_ramfunc.o
LOAD Drivers\STM32L4xx_HAL_Driver\stm32l4xx_hal_gpio.o
LOAD Drivers\STM32L4xx_HAL_Driver\stm32l4xx_hal_i2c.o
LOAD Drivers\STM32L4xx_HAL_Driver\stm32l4xx_hal_i2c_ex.o
LOAD Drivers\STM32L4xx_HAL_Driver\stm32l4xx_hal_pwr.o
LOAD Drivers\STM32L4xx_HAL_Driver\stm32l4xx_hal_pwr_ex.o
LOAD Drivers\STM32L4xx_HAL_Driver\stm32l4xx_hal_rcc.o
LOAD Drivers\STM32L4xx_HAL_Driver\stm32l4xx_hal_rcc_ex.o
LOAD Drivers\STM32L4xx_HAL_Driver\stm32l4xx_hal_spi.o
LOAD Drivers\STM32L4xx_HAL_Driver\stm32l4xx_hal_spi_ex.o
LOAD Drivers\STM32L4xx_HAL_Driver\stm32l4xx_hal_tim.o
LOAD Drivers\STM32L4xx_HAL_Driver\stm32l4xx_hal_tim_ex.o
LOAD Drivers\STM32L4xx_HAL_Driver\stm32l4xx_hal_uart.o
LOAD Drivers\STM32L4xx_HAL_Driver\stm32l4xx_hal_uart_ex.o
LOAD Middlewares\BlueNRG-MS\Wireless\Controller\bluenrg_gap_aci.o
LOAD Middlewares\BlueNRG-MS\Wireless\Controller\bluenrg_gatt_aci.o
LOAD Middlewares\BlueNRG-MS\Wireless\Controller\bluenrg_hal_aci.o
LOAD Middlewares\BlueNRG-MS\Wireless\Controller\bluenrg_l2cap_aci.o
LOAD Middlewares\BlueNRG-MS\Wireless\Controller\bluenrg_updater_aci.o
LOAD Middlewares\BlueNRG-MS\Wireless\Controller\bluenrg_utils_small.o
LOAD Middlewares\BlueNRG-MS\Wireless\HCI_TL\Basic\hci_le.o
LOAD Middlewares\BlueNRG-MS\Wireless\HCI_TL\Basic\hci_tl.o
LOAD Middlewares\BlueNRG-MS\Wireless\Utils\ble_list.o
LOAD Middlewares\FreeRTOS\cmsis_os.o
LOAD Middlewares\FreeRTOS\croutine.o
LOAD Middlewares\FreeRTOS\event_groups.o
LOAD Middlewares\FreeRTOS\heap_4.o
LOAD Middlewares\FreeRTOS\list.o
LOAD Middlewares\FreeRTOS\port.o
LOAD Middlewares\FreeRTOS\queue.o
LOAD Middlewares\FreeRTOS\stream_buffer.o
LOAD Middlewares\FreeRTOS\tasks.o
LOAD Middlewares\FreeRTOS\timers.o
LOAD Src\app_x-cube-ble1.o
LOAD Src\device_manager.o
LOAD Src\freertos.o
LOAD Src\hci_tl_interface.o
LOAD Src\main.o
LOAD Src\one_wire_driver.o
LOAD Src\sample_service.o
LOAD Src\sensor.o
LOAD Src\stm32l4xx_hal_msp.o
LOAD Src\stm32l4xx_hal_timebase_tim.o
LOAD Src\stm32l4xx_it.o
LOAD Src\stm32l4xx_nucleo.o
LOAD Src\stm32l4xx_nucleo_bus.o
LOAD Src\syscalls.o
LOAD Src\system_stm32l4xx.o
LOAD Src\timer.o
LOAD startup\startup_stm32l476xx.o
                0x00001000                malloc_getpagesize_P = 0x1000
START GROUP
LOAD c:/program files (x86)/atollic/truestudio for stm32 9.3.0/armtools/bin/../lib/gcc/arm-atollic-eabi/6.3.1/../../../../arm-atollic-eabi/lib/armv7e-m/fpu\libstdc++.a
LOAD c:/program files (x86)/atollic/truestudio for stm32 9.3.0/armtools/bin/../lib/gcc/arm-atollic-eabi/6.3.1/../../../../arm-atollic-eabi/lib/armv7e-m/fpu\libsupc++.a
END GROUP
LOAD c:/program files (x86)/atollic/truestudio for stm32 9.3.0/armtools/bin/../lib/gcc/arm-atollic-eabi/6.3.1/../../../../arm-atollic-eabi/lib/armv7e-m/fpu\libstdc++.a
LOAD c:/program files (x86)/atollic/truestudio for stm32 9.3.0/armtools/bin/../lib/gcc/arm-atollic-eabi/6.3.1/../../../../arm-atollic-eabi/lib/armv7e-m/fpu\libm.a
LOAD c:/program files (x86)/atollic/truestudio for stm32 9.3.0/armtools/bin/../lib/gcc/arm-atollic-eabi/6.3.1/../../../../arm-atollic-eabi/lib/armv7e-m/fpu\libc.a
START GROUP
LOAD c:/program files (x86)/atollic/truestudio for stm32 9.3.0/armtools/bin/../lib/gcc/arm-atollic-eabi/6.3.1/armv7e-m/fpu\libgcc.a
LOAD c:/program files (x86)/atollic/truestudio for stm32 9.3.0/armtools/bin/../lib/gcc/arm-atollic-eabi/6.3.1/../../../../arm-atollic-eabi/lib/armv7e-m/fpu\libc.a
END GROUP
START GROUP
LOAD c:/program files (x86)/atollic/truestudio for stm32 9.3.0/armtools/bin/../lib/gcc/arm-atollic-eabi/6.3.1/armv7e-m/fpu\libgcc.a
LOAD c:/program files (x86)/atollic/truestudio for stm32 9.3.0/armtools/bin/../lib/gcc/arm-atollic-eabi/6.3.1/../../../../arm-atollic-eabi/lib/armv7e-m/fpu\libc.a
LOAD c:/program files (x86)/atollic/truestudio for stm32 9.3.0/armtools/bin/../lib/gcc/arm-atollic-eabi/6.3.1/../../../../arm-atollic-eabi/lib/armv7e-m/fpu\libnosys.a
END GROUP
LOAD c:/program files (x86)/atollic/truestudio for stm32 9.3.0/armtools/bin/../lib/gcc/arm-atollic-eabi/6.3.1/armv7e-m/fpu/crtend.o
LOAD c:/program files (x86)/atollic/truestudio for stm32 9.3.0/armtools/bin/../lib/gcc/arm-atollic-eabi/6.3.1/armv7e-m/fpu/crtn.o
                0x20018000                _estack = 0x20018000
                0x00000200                _Min_Heap_Size = 0x200
                0x00000400                _Min_Stack_Size = 0x400

.isr_vector     0x08000000      0x188
                0x08000000                . = ALIGN (0x4)
 *(.isr_vector)
 .isr_vector    0x08000000      0x188 startup\startup_stm32l476xx.o
                0x08000000                g_pfnVectors
                0x08000188                . = ALIGN (0x4)

.text           0x08000190     0xc920
                0x08000190                . = ALIGN (0x4)
 *(.text)
 .text          0x08000190       0x40 c:/program files (x86)/atollic/truestudio for stm32 9.3.0/armtools/bin/../lib/gcc/arm-atollic-eabi/6.3.1/armv7e-m/fpu/crtbegin.o
 .text          0x080001d0       0x10 c:/program files (x86)/atollic/truestudio for stm32 9.3.0/armtools/bin/../lib/gcc/arm-atollic-eabi/6.3.1/../../../../arm-atollic-eabi/lib/armv7e-m/fpu\libc.a(lib_a-strlen.o)
                0x080001d0                strlen
 .text          0x080001e0       0xa0 c:/program files (x86)/atollic/truestudio for stm32 9.3.0/armtools/bin/../lib/gcc/arm-atollic-eabi/6.3.1/../../../../arm-atollic-eabi/lib/armv7e-m/fpu\libc.a(lib_a-memchr.o)
                0x080001e0                memchr
 .text          0x08000280      0x370 c:/program files (x86)/atollic/truestudio for stm32 9.3.0/armtools/bin/../lib/gcc/arm-atollic-eabi/6.3.1/armv7e-m/fpu\libgcc.a(_arm_addsubdf3.o)
                0x08000280                __aeabi_drsub
                0x08000288                __aeabi_dsub
                0x08000288                __subdf3
                0x0800028c                __aeabi_dadd
                0x0800028c                __adddf3
                0x08000504                __floatunsidf
                0x08000504                __aeabi_ui2d
                0x08000524                __floatsidf
                0x08000524                __aeabi_i2d
                0x08000548                __aeabi_f2d
                0x08000548                __extendsfdf2
                0x08000584                __floatundidf
                0x08000584                __aeabi_ul2d
                0x08000594                __floatdidf
                0x08000594                __aeabi_l2d
 .text          0x080005f0      0x424 c:/program files (x86)/atollic/truestudio for stm32 9.3.0/armtools/bin/../lib/gcc/arm-atollic-eabi/6.3.1/armv7e-m/fpu\libgcc.a(_arm_muldivdf3.o)
                0x080005f0                __aeabi_dmul
                0x080005f0                __muldf3
                0x08000844                __divdf3
                0x08000844                __aeabi_ddiv
 .text          0x08000a14      0x110 c:/program files (x86)/atollic/truestudio for stm32 9.3.0/armtools/bin/../lib/gcc/arm-atollic-eabi/6.3.1/armv7e-m/fpu\libgcc.a(_arm_cmpdf2.o)
                0x08000a14                __gtdf2
                0x08000a14                __gedf2
                0x08000a1c                __ltdf2
                0x08000a1c                __ledf2
                0x08000a24                __nedf2
                0x08000a24                __eqdf2
                0x08000a24                __cmpdf2
                0x08000aa0                __aeabi_cdrcmple
                0x08000ab0                __aeabi_cdcmpeq
                0x08000ab0                __aeabi_cdcmple
                0x08000ac0                __aeabi_dcmpeq
                0x08000ad4                __aeabi_dcmplt
                0x08000ae8                __aeabi_dcmple
                0x08000afc                __aeabi_dcmpge
                0x08000b10                __aeabi_dcmpgt
 .text          0x08000b24       0x2c c:/program files (x86)/atollic/truestudio for stm32 9.3.0/armtools/bin/../lib/gcc/arm-atollic-eabi/6.3.1/armv7e-m/fpu\libgcc.a(_arm_unorddf2.o)
                0x08000b24                __unorddf2
                0x08000b24                __aeabi_dcmpun
 .text          0x08000b50       0x50 c:/program files (x86)/atollic/truestudio for stm32 9.3.0/armtools/bin/../lib/gcc/arm-atollic-eabi/6.3.1/armv7e-m/fpu\libgcc.a(_arm_fixdfsi.o)
                0x08000b50                __aeabi_d2iz
                0x08000b50                __fixdfsi
 .text          0x08000ba0       0x40 c:/program files (x86)/atollic/truestudio for stm32 9.3.0/armtools/bin/../lib/gcc/arm-atollic-eabi/6.3.1/armv7e-m/fpu\libgcc.a(_arm_fixunsdfsi.o)
                0x08000ba0                __aeabi_d2uiz
                0x08000ba0                __fixunsdfsi
 .text          0x08000be0       0x30 c:/program files (x86)/atollic/truestudio for stm32 9.3.0/armtools/bin/../lib/gcc/arm-atollic-eabi/6.3.1/armv7e-m/fpu\libgcc.a(_aeabi_uldivmod.o)
                0x08000be0                __aeabi_uldivmod
 .text          0x08000c10      0x2dc c:/program files (x86)/atollic/truestudio for stm32 9.3.0/armtools/bin/../lib/gcc/arm-atollic-eabi/6.3.1/armv7e-m/fpu\libgcc.a(_udivmoddi4.o)
                0x08000c10                __udivmoddi4
 .text          0x08000eec      0x9cc c:/program files (x86)/atollic/truestudio for stm32 9.3.0/armtools/bin/../lib/gcc/arm-atollic-eabi/6.3.1/armv7e-m/fpu\libgcc.a(unwind-arm.o)
                0x080011ac                _Unwind_GetCFA
                0x080011b0                __gnu_Unwind_RaiseException
                0x08001210                __gnu_Unwind_ForcedUnwind
                0x08001224                __gnu_Unwind_Resume
                0x08001268                __gnu_Unwind_Resume_or_Rethrow
                0x08001278                _Unwind_Complete
                0x0800127c                _Unwind_DeleteException
                0x08001288                _Unwind_VRS_Get
                0x080012d4                _Unwind_VRS_Set
                0x08001324                __gnu_Unwind_Backtrace
                0x08001664                __aeabi_unwind_cpp_pr0
                0x08001668                __aeabi_unwind_cpp_pr1
                0x0800166c                __aeabi_unwind_cpp_pr2
                0x08001670                _Unwind_VRS_Pop
 .text          0x080018b8      0x1ac c:/program files (x86)/atollic/truestudio for stm32 9.3.0/armtools/bin/../lib/gcc/arm-atollic-eabi/6.3.1/armv7e-m/fpu\libgcc.a(libunwind.o)
                0x080018b8                __restore_core_regs
                0x080018b8                restore_core_regs
                0x080018d0                __gnu_Unwind_Restore_VFP
                0x080018d8                __gnu_Unwind_Save_VFP
                0x080018e0                __gnu_Unwind_Restore_VFP_D
                0x080018e8                __gnu_Unwind_Save_VFP_D
                0x080018f0                __gnu_Unwind_Restore_VFP_D_16_to_31
                0x080018f8                __gnu_Unwind_Save_VFP_D_16_to_31
                0x08001900                __gnu_Unwind_Restore_WMMXD
                0x08001944                __gnu_Unwind_Save_WMMXD
                0x08001988                __gnu_Unwind_Restore_WMMXC
                0x0800199c                __gnu_Unwind_Save_WMMXC
                0x080019b0                ___Unwind_RaiseException
                0x080019b0                _Unwind_RaiseException
                0x080019d4                _Unwind_Resume
                0x080019d4                ___Unwind_Resume
                0x080019f8                _Unwind_Resume_or_Rethrow
                0x080019f8                ___Unwind_Resume_or_Rethrow
                0x08001a1c                _Unwind_ForcedUnwind
                0x08001a1c                ___Unwind_ForcedUnwind
                0x08001a40                ___Unwind_Backtrace
                0x08001a40                _Unwind_Backtrace
 .text          0x08001a64      0x380 c:/program files (x86)/atollic/truestudio for stm32 9.3.0/armtools/bin/../lib/gcc/arm-atollic-eabi/6.3.1/armv7e-m/fpu\libgcc.a(pr-support.o)
                0x08001abc                __gnu_unwind_execute
                0x08001d8c                __gnu_unwind_frame
                0x08001db4                _Unwind_GetRegionStart
                0x08001dc0                _Unwind_GetLanguageSpecificData
                0x08001dd4                _Unwind_GetTextRelBase
                0x08001ddc                _Unwind_GetDataRelBase
 .text          0x08001de4        0x4 c:/program files (x86)/atollic/truestudio for stm32 9.3.0/armtools/bin/../lib/gcc/arm-atollic-eabi/6.3.1/armv7e-m/fpu\libgcc.a(_dvmd_tls.o)
                0x08001de4                __aeabi_idiv0
                0x08001de4                __aeabi_ldiv0
 *(.text*)
 .text.HAL_Init
                0x08001de8       0x2c Drivers\STM32L4xx_HAL_Driver\stm32l4xx_hal.o
                0x08001de8                HAL_Init
 .text.HAL_IncTick
                0x08001e14       0x18 Drivers\STM32L4xx_HAL_Driver\stm32l4xx_hal.o
                0x08001e14                HAL_IncTick
 .text.HAL_GetTick
                0x08001e2c        0xc Drivers\STM32L4xx_HAL_Driver\stm32l4xx_hal.o
                0x08001e2c                HAL_GetTick
 .text.HAL_Delay
                0x08001e38       0x28 Drivers\STM32L4xx_HAL_Driver\stm32l4xx_hal.o
                0x08001e38                HAL_Delay
 .text.HAL_NVIC_SetPriorityGrouping
                0x08001e60       0x24 Drivers\STM32L4xx_HAL_Driver\stm32l4xx_hal_cortex.o
                0x08001e60                HAL_NVIC_SetPriorityGrouping
 .text.HAL_NVIC_SetPriority
                0x08001e84       0x68 Drivers\STM32L4xx_HAL_Driver\stm32l4xx_hal_cortex.o
                0x08001e84                HAL_NVIC_SetPriority
 .text.HAL_NVIC_EnableIRQ
                0x08001eec       0x1c Drivers\STM32L4xx_HAL_Driver\stm32l4xx_hal_cortex.o
                0x08001eec                HAL_NVIC_EnableIRQ
 .text.HAL_EXTI_RegisterCallback
                0x08001f08        0xc Drivers\STM32L4xx_HAL_Driver\stm32l4xx_hal_exti.o
                0x08001f08                HAL_EXTI_RegisterCallback
 .text.HAL_EXTI_GetHandle
                0x08001f14        0xc Drivers\STM32L4xx_HAL_Driver\stm32l4xx_hal_exti.o
                0x08001f14                HAL_EXTI_GetHandle
 .text.HAL_EXTI_IRQHandler
                0x08001f20       0x30 Drivers\STM32L4xx_HAL_Driver\stm32l4xx_hal_exti.o
                0x08001f20                HAL_EXTI_IRQHandler
 .text.HAL_GPIO_Init
                0x08001f50      0x1b8 Drivers\STM32L4xx_HAL_Driver\stm32l4xx_hal_gpio.o
                0x08001f50                HAL_GPIO_Init
 .text.HAL_GPIO_DeInit
                0x08002108      0x114 Drivers\STM32L4xx_HAL_Driver\stm32l4xx_hal_gpio.o
                0x08002108                HAL_GPIO_DeInit
 .text.HAL_GPIO_ReadPin
                0x0800221c        0xc Drivers\STM32L4xx_HAL_Driver\stm32l4xx_hal_gpio.o
                0x0800221c                HAL_GPIO_ReadPin
 .text.HAL_GPIO_WritePin
                0x08002228        0xa Drivers\STM32L4xx_HAL_Driver\stm32l4xx_hal_gpio.o
                0x08002228                HAL_GPIO_WritePin
 .text.HAL_GPIO_TogglePin
                0x08002232        0xc Drivers\STM32L4xx_HAL_Driver\stm32l4xx_hal_gpio.o
                0x08002232                HAL_GPIO_TogglePin
 *fill*         0x0800223e        0x2 
 .text.HAL_PWREx_GetVoltageRange
                0x08002240       0x10 Drivers\STM32L4xx_HAL_Driver\stm32l4xx_hal_pwr_ex.o
                0x08002240                HAL_PWREx_GetVoltageRange
 .text.HAL_PWREx_ControlVoltageScaling
                0x08002250       0x6c Drivers\STM32L4xx_HAL_Driver\stm32l4xx_hal_pwr_ex.o
                0x08002250                HAL_PWREx_ControlVoltageScaling
 .text.RCC_SetFlashLatencyFromMSIRange
                0x080022bc       0x84 Drivers\STM32L4xx_HAL_Driver\stm32l4xx_hal_rcc.o
 .text.HAL_RCC_GetSysClockFreq
                0x08002340       0x9c Drivers\STM32L4xx_HAL_Driver\stm32l4xx_hal_rcc.o
                0x08002340                HAL_RCC_GetSysClockFreq
 .text.HAL_RCC_OscConfig
                0x080023dc      0x50c Drivers\STM32L4xx_HAL_Driver\stm32l4xx_hal_rcc.o
                0x080023dc                HAL_RCC_OscConfig
 .text.HAL_RCC_ClockConfig
                0x080028e8      0x12c Drivers\STM32L4xx_HAL_Driver\stm32l4xx_hal_rcc.o
                0x080028e8                HAL_RCC_ClockConfig
 .text.HAL_RCC_GetHCLKFreq
                0x08002a14        0xc Drivers\STM32L4xx_HAL_Driver\stm32l4xx_hal_rcc.o
                0x08002a14                HAL_RCC_GetHCLKFreq
 .text.HAL_RCC_GetPCLK1Freq
                0x08002a20       0x24 Drivers\STM32L4xx_HAL_Driver\stm32l4xx_hal_rcc.o
                0x08002a20                HAL_RCC_GetPCLK1Freq
 .text.HAL_RCC_GetPCLK2Freq
                0x08002a44       0x24 Drivers\STM32L4xx_HAL_Driver\stm32l4xx_hal_rcc.o
                0x08002a44                HAL_RCC_GetPCLK2Freq
 .text.HAL_RCC_GetClockConfig
                0x08002a68       0x3c Drivers\STM32L4xx_HAL_Driver\stm32l4xx_hal_rcc.o
                0x08002a68                HAL_RCC_GetClockConfig
 .text.HAL_RCC_CSSCallback
                0x08002aa4        0x2 Drivers\STM32L4xx_HAL_Driver\stm32l4xx_hal_rcc.o
                0x08002aa4                HAL_RCC_CSSCallback
 *fill*         0x08002aa6        0x2 
 .text.HAL_RCC_NMI_IRQHandler
                0x08002aa8       0x1c Drivers\STM32L4xx_HAL_Driver\stm32l4xx_hal_rcc.o
                0x08002aa8                HAL_RCC_NMI_IRQHandler
 .text.RCCEx_PLLSAI1_Config
                0x08002ac4      0x11c Drivers\STM32L4xx_HAL_Driver\stm32l4xx_hal_rcc_ex.o
 .text.RCCEx_PLLSAI2_Config
                0x08002be0       0xfc Drivers\STM32L4xx_HAL_Driver\stm32l4xx_hal_rcc_ex.o
 .text.HAL_RCCEx_PeriphCLKConfig
                0x08002cdc      0x3d0 Drivers\STM32L4xx_HAL_Driver\stm32l4xx_hal_rcc_ex.o
                0x08002cdc                HAL_RCCEx_PeriphCLKConfig
 .text.SPI_WaitFifoStateUntilTimeout.part.1
                0x080030ac       0x50 Drivers\STM32L4xx_HAL_Driver\stm32l4xx_hal_spi.o
 .text.SPI_WaitFlagStateUntilTimeout.constprop.10
                0x080030fc       0x2c Drivers\STM32L4xx_HAL_Driver\stm32l4xx_hal_spi.o
 .text.SPI_WaitFifoStateUntilTimeout.constprop.11
                0x08003128       0x34 Drivers\STM32L4xx_HAL_Driver\stm32l4xx_hal_spi.o
 .text.SPI_EndRxTxTransaction
                0x0800315c       0x44 Drivers\STM32L4xx_HAL_Driver\stm32l4xx_hal_spi.o
 .text.HAL_SPI_MspInit
                0x080031a0        0x2 Drivers\STM32L4xx_HAL_Driver\stm32l4xx_hal_spi.o
                0x080031a0                HAL_SPI_MspInit
 .text.HAL_SPI_Init
                0x080031a2       0xa2 Drivers\STM32L4xx_HAL_Driver\stm32l4xx_hal_spi.o
                0x080031a2                HAL_SPI_Init
 .text.HAL_SPI_TransmitReceive
                0x08003244      0x248 Drivers\STM32L4xx_HAL_Driver\stm32l4xx_hal_spi.o
                0x08003244                HAL_SPI_TransmitReceive
 .text.HAL_SPI_GetState
                0x0800348c        0x6 Drivers\STM32L4xx_HAL_Driver\stm32l4xx_hal_spi.o
                0x0800348c                HAL_SPI_GetState
 .text.HAL_TIM_Base_Stop
                0x08003492       0x2e Drivers\STM32L4xx_HAL_Driver\stm32l4xx_hal_tim.o
                0x08003492                HAL_TIM_Base_Stop
 .text.HAL_TIM_Base_Start_IT
                0x080034c0       0x2c Drivers\STM32L4xx_HAL_Driver\stm32l4xx_hal_tim.o
                0x080034c0                HAL_TIM_Base_Start_IT
 .text.HAL_TIM_OC_DelayElapsedCallback
                0x080034ec        0x2 Drivers\STM32L4xx_HAL_Driver\stm32l4xx_hal_tim.o
                0x080034ec                HAL_TIM_OC_DelayElapsedCallback
 .text.HAL_TIM_IC_CaptureCallback
                0x080034ee        0x2 Drivers\STM32L4xx_HAL_Driver\stm32l4xx_hal_tim.o
                0x080034ee                HAL_TIM_IC_CaptureCallback
 .text.HAL_TIM_PWM_PulseFinishedCallback
                0x080034f0        0x2 Drivers\STM32L4xx_HAL_Driver\stm32l4xx_hal_tim.o
                0x080034f0                HAL_TIM_PWM_PulseFinishedCallback
 .text.HAL_TIM_TriggerCallback
                0x080034f2        0x2 Drivers\STM32L4xx_HAL_Driver\stm32l4xx_hal_tim.o
                0x080034f2                HAL_TIM_TriggerCallback
 .text.HAL_TIM_IRQHandler
                0x080034f4      0x160 Drivers\STM32L4xx_HAL_Driver\stm32l4xx_hal_tim.o
                0x080034f4                HAL_TIM_IRQHandler
 .text.TIM_Base_SetConfig
                0x08003654       0xcc Drivers\STM32L4xx_HAL_Driver\stm32l4xx_hal_tim.o
                0x08003654                TIM_Base_SetConfig
 .text.HAL_TIM_Base_Init
                0x08003720       0x34 Drivers\STM32L4xx_HAL_Driver\stm32l4xx_hal_tim.o
                0x08003720                HAL_TIM_Base_Init
 .text.HAL_TIMEx_MasterConfigSynchronization
                0x08003754       0x94 Drivers\STM32L4xx_HAL_Driver\stm32l4xx_hal_tim_ex.o
                0x08003754                HAL_TIMEx_MasterConfigSynchronization
 .text.HAL_TIMEx_CommutCallback
                0x080037e8        0x2 Drivers\STM32L4xx_HAL_Driver\stm32l4xx_hal_tim_ex.o
                0x080037e8                HAL_TIMEx_CommutCallback
 .text.HAL_TIMEx_BreakCallback
                0x080037ea        0x2 Drivers\STM32L4xx_HAL_Driver\stm32l4xx_hal_tim_ex.o
                0x080037ea                HAL_TIMEx_BreakCallback
 .text.HAL_TIMEx_Break2Callback
                0x080037ec        0x2 Drivers\STM32L4xx_HAL_Driver\stm32l4xx_hal_tim_ex.o
                0x080037ec                HAL_TIMEx_Break2Callback
 *fill*         0x080037ee        0x2 
 .text.UART_SetConfig
                0x080037f0      0x330 Drivers\STM32L4xx_HAL_Driver\stm32l4xx_hal_uart.o
                0x080037f0                UART_SetConfig
 .text.UART_AdvFeatureConfig
                0x08003b20       0xa8 Drivers\STM32L4xx_HAL_Driver\stm32l4xx_hal_uart.o
                0x08003b20                UART_AdvFeatureConfig
 .text.UART_WaitOnFlagUntilTimeout
                0x08003bc8       0x86 Drivers\STM32L4xx_HAL_Driver\stm32l4xx_hal_uart.o
                0x08003bc8                UART_WaitOnFlagUntilTimeout
 .text.HAL_UART_Transmit
                0x08003c4e       0xb0 Drivers\STM32L4xx_HAL_Driver\stm32l4xx_hal_uart.o
                0x08003c4e                HAL_UART_Transmit
 .text.UART_CheckIdleState
                0x08003cfe       0x60 Drivers\STM32L4xx_HAL_Driver\stm32l4xx_hal_uart.o
                0x08003cfe                UART_CheckIdleState
 .text.HAL_UART_Init
                0x08003d5e       0x5c Drivers\STM32L4xx_HAL_Driver\stm32l4xx_hal_uart.o
                0x08003d5e                HAL_UART_Init
 .text.aci_gap_init_IDB05A1
                0x08003dba       0x7c Middlewares\BlueNRG-MS\Wireless\Controller\bluenrg_gap_aci.o
                0x08003dba                aci_gap_init_IDB05A1
 .text.aci_gap_init_IDB04A1
                0x08003e36       0x7a Middlewares\BlueNRG-MS\Wireless\Controller\bluenrg_gap_aci.o
                0x08003e36                aci_gap_init_IDB04A1
 .text.aci_gap_set_discoverable
                0x08003eb0       0xba Middlewares\BlueNRG-MS\Wireless\Controller\bluenrg_gap_aci.o
                0x08003eb0                aci_gap_set_discoverable
 .text.aci_gap_set_auth_requirement
                0x08003f6a       0x80 Middlewares\BlueNRG-MS\Wireless\Controller\bluenrg_gap_aci.o
                0x08003f6a                aci_gap_set_auth_requirement
 .text.aci_gap_create_connection
                0x08003fea       0x96 Middlewares\BlueNRG-MS\Wireless\Controller\bluenrg_gap_aci.o
                0x08003fea                aci_gap_create_connection
 .text.aci_gatt_init
                0x08004080       0x3e Middlewares\BlueNRG-MS\Wireless\Controller\bluenrg_gatt_aci.o
                0x08004080                aci_gatt_init
 .text.aci_gatt_add_serv
                0x080040be       0x86 Middlewares\BlueNRG-MS\Wireless\Controller\bluenrg_gatt_aci.o
                0x080040be                aci_gatt_add_serv
 .text.aci_gatt_add_char
                0x08004144       0xbc Middlewares\BlueNRG-MS\Wireless\Controller\bluenrg_gatt_aci.o
                0x08004144                aci_gatt_add_char
 .text.aci_gatt_update_char_value
                0x08004200       0x6e Middlewares\BlueNRG-MS\Wireless\Controller\bluenrg_gatt_aci.o
                0x08004200                aci_gatt_update_char_value
 .text.aci_gatt_disc_charac_by_uuid
                0x0800426e       0x6c Middlewares\BlueNRG-MS\Wireless\Controller\bluenrg_gatt_aci.o
                0x0800426e                aci_gatt_disc_charac_by_uuid
 .text.aci_gatt_write_charac_descriptor
                0x080042da       0x6c Middlewares\BlueNRG-MS\Wireless\Controller\bluenrg_gatt_aci.o
                0x080042da                aci_gatt_write_charac_descriptor
 .text.aci_gatt_write_without_response
                0x08004346       0x66 Middlewares\BlueNRG-MS\Wireless\Controller\bluenrg_gatt_aci.o
                0x08004346                aci_gatt_write_without_response
 .text.aci_hal_write_config_data
                0x080043ac       0x64 Middlewares\BlueNRG-MS\Wireless\Controller\bluenrg_hal_aci.o
                0x080043ac                aci_hal_write_config_data
 .text.aci_hal_set_tx_power_level
                0x08004410       0x4c Middlewares\BlueNRG-MS\Wireless\Controller\bluenrg_hal_aci.o
                0x08004410                aci_hal_set_tx_power_level
 .text.getBlueNRGVersion
                0x0800445c       0x42 Middlewares\BlueNRG-MS\Wireless\Controller\bluenrg_utils_small.o
                0x0800445c                getBlueNRGVersion
 .text.hci_reset
                0x0800449e       0x3a Middlewares\BlueNRG-MS\Wireless\HCI_TL\Basic\hci_le.o
                0x0800449e                hci_reset
 .text.hci_le_read_local_version
                0x080044d8       0x80 Middlewares\BlueNRG-MS\Wireless\HCI_TL\Basic\hci_le.o
                0x080044d8                hci_le_read_local_version
 .text.hci_le_set_scan_resp_data
                0x08004558       0x66 Middlewares\BlueNRG-MS\Wireless\HCI_TL\Basic\hci_le.o
                0x08004558                hci_le_set_scan_resp_data
 *fill*         0x080045be        0x2 
 .text.move_list.constprop.0
                0x080045c0       0x28 Middlewares\BlueNRG-MS\Wireless\HCI_TL\Basic\hci_tl.o
 .text.hci_init
                0x080045e8       0x54 Middlewares\BlueNRG-MS\Wireless\HCI_TL\Basic\hci_tl.o
                0x080045e8                hci_init
 .text.hci_register_io_bus
                0x0800463c       0x1c Middlewares\BlueNRG-MS\Wireless\HCI_TL\Basic\hci_tl.o
                0x0800463c                hci_register_io_bus
 .text.hci_send_req
                0x08004658      0x180 Middlewares\BlueNRG-MS\Wireless\HCI_TL\Basic\hci_tl.o
                0x08004658                hci_send_req
 .text.hci_user_evt_proc
                0x080047d8       0x40 Middlewares\BlueNRG-MS\Wireless\HCI_TL\Basic\hci_tl.o
                0x080047d8                hci_user_evt_proc
 .text.hci_notify_asynch_evt
                0x08004818       0x60 Middlewares\BlueNRG-MS\Wireless\HCI_TL\Basic\hci_tl.o
                0x08004818                hci_notify_asynch_evt
 .text.list_init_head
                0x08004878        0x6 Middlewares\BlueNRG-MS\Wireless\Utils\ble_list.o
                0x08004878                list_init_head
 .text.list_is_empty
                0x0800487e       0x14 Middlewares\BlueNRG-MS\Wireless\Utils\ble_list.o
                0x0800487e                list_is_empty
 .text.list_insert_head
                0x08004892       0x18 Middlewares\BlueNRG-MS\Wireless\Utils\ble_list.o
                0x08004892                list_insert_head
 .text.list_insert_tail
                0x080048aa       0x18 Middlewares\BlueNRG-MS\Wireless\Utils\ble_list.o
                0x080048aa                list_insert_tail
 .text.list_remove_node
                0x080048c2       0x16 Middlewares\BlueNRG-MS\Wireless\Utils\ble_list.o
                0x080048c2                list_remove_node
 .text.list_remove_head
                0x080048d8       0x24 Middlewares\BlueNRG-MS\Wireless\Utils\ble_list.o
                0x080048d8                list_remove_head
 .text.list_remove_tail
                0x080048fc       0x24 Middlewares\BlueNRG-MS\Wireless\Utils\ble_list.o
                0x080048fc                list_remove_tail
 .text.list_get_size
                0x08004920       0x1c Middlewares\BlueNRG-MS\Wireless\Utils\ble_list.o
                0x08004920                list_get_size
 .text.osKernelStart
                0x0800493c        0xa Middlewares\FreeRTOS\cmsis_os.o
                0x0800493c                osKernelStart
 .text.osThreadCreate
                0x08004946       0x50 Middlewares\FreeRTOS\cmsis_os.o
                0x08004946                osThreadCreate
 .text.osDelay  0x08004996       0x10 Middlewares\FreeRTOS\cmsis_os.o
                0x08004996                osDelay
 *fill*         0x080049a6        0x2 
 .text.unlikely.prvInsertBlockIntoFreeList
                0x080049a8       0x48 Middlewares\FreeRTOS\heap_4.o
 .text.pvPortMalloc
                0x080049f0      0x11c Middlewares\FreeRTOS\heap_4.o
                0x080049f0                pvPortMalloc
 .text.vPortFree
                0x08004b0c       0x70 Middlewares\FreeRTOS\heap_4.o
                0x08004b0c                vPortFree
 .text.vListInitialise
                0x08004b7c       0x16 Middlewares\FreeRTOS\list.o
                0x08004b7c                vListInitialise
 .text.vListInitialiseItem
                0x08004b92        0x6 Middlewares\FreeRTOS\list.o
                0x08004b92                vListInitialiseItem
 .text.vListInsertEnd
                0x08004b98       0x18 Middlewares\FreeRTOS\list.o
                0x08004b98                vListInsertEnd
 .text.vListInsert
                0x08004bb0       0x2e Middlewares\FreeRTOS\list.o
                0x08004bb0                vListInsert
 .text.uxListRemove
                0x08004bde       0x22 Middlewares\FreeRTOS\list.o
                0x08004bde                uxListRemove
 .text.prvTaskExitError
                0x08004c00       0x40 Middlewares\FreeRTOS\port.o
 .text.unlikely.prvPortStartFirstTask
                0x08004c40       0x28 Middlewares\FreeRTOS\port.o
 .text.unlikely.vPortEnableVFP
                0x08004c68       0x14 Middlewares\FreeRTOS\port.o
 .text.pxPortInitialiseStack
                0x08004c7c       0x2c Middlewares\FreeRTOS\port.o
                0x08004c7c                pxPortInitialiseStack
 *fill*         0x08004ca8        0x8 
 .text.SVC_Handler
                0x08004cb0       0x24 Middlewares\FreeRTOS\port.o
                0x08004cb0                SVC_Handler
 .text.vPortEnterCritical
                0x08004cd4       0x44 Middlewares\FreeRTOS\port.o
                0x08004cd4                vPortEnterCritical
 .text.vPortExitCritical
                0x08004d18       0x28 Middlewares\FreeRTOS\port.o
                0x08004d18                vPortExitCritical
 .text.PendSV_Handler
                0x08004d40       0x64 Middlewares\FreeRTOS\port.o
                0x08004d40                PendSV_Handler
 .text.SysTick_Handler
                0x08004da4       0x2c Middlewares\FreeRTOS\port.o
                0x08004da4                SysTick_Handler
 .text.vPortSetupTimerInterrupt
                0x08004dd0       0x34 Middlewares\FreeRTOS\port.o
                0x08004dd0                vPortSetupTimerInterrupt
 .text.xPortStartScheduler
                0x08004e04      0x10c Middlewares\FreeRTOS\port.o
                0x08004e04                xPortStartScheduler
 .text.vPortValidateInterruptPriority
                0x08004f10       0x5c Middlewares\FreeRTOS\port.o
                0x08004f10                vPortValidateInterruptPriority
 .text.prvIsQueueEmpty
                0x08004f6c       0x16 Middlewares\FreeRTOS\queue.o
 .text.prvUnlockQueue
                0x08004f82       0x70 Middlewares\FreeRTOS\queue.o
 *fill*         0x08004ff2        0x2 
 .text.xQueueGenericReset
                0x08004ff4       0x80 Middlewares\FreeRTOS\queue.o
                0x08004ff4                xQueueGenericReset
 .text.xQueueGenericCreate
                0x08005074       0x48 Middlewares\FreeRTOS\queue.o
                0x08005074                xQueueGenericCreate
 .text.xQueueGiveFromISR
                0x080050bc       0xa8 Middlewares\FreeRTOS\queue.o
                0x080050bc                xQueueGiveFromISR
 .text.xQueueSemaphoreTake
                0x08005164      0x180 Middlewares\FreeRTOS\queue.o
                0x08005164                xQueueSemaphoreTake
 .text.prvAddNewTaskToReadyList
                0x080052e4       0xf8 Middlewares\FreeRTOS\tasks.o
 .text.prvResetNextTaskUnblockTime
                0x080053dc       0x24 Middlewares\FreeRTOS\tasks.o
 .text.prvInitialiseNewTask.isra.2
                0x08005400       0x8a Middlewares\FreeRTOS\tasks.o
 .text.prvDeleteTCB
                0x0800548a       0x36 Middlewares\FreeRTOS\tasks.o
 .text.prvIdleTask
                0x080054c0       0x64 Middlewares\FreeRTOS\tasks.o
 .text.prvAddCurrentTaskToDelayedList
                0x08005524       0x8c Middlewares\FreeRTOS\tasks.o
 .text.unlikely.xTaskCreateStatic.part.5
                0x080055b0       0x12 Middlewares\FreeRTOS\tasks.o
 .text.xTaskCreateStatic
                0x080055c2       0x62 Middlewares\FreeRTOS\tasks.o
                0x080055c2                xTaskCreateStatic
 .text.xTaskCreate
                0x08005624       0x5a Middlewares\FreeRTOS\tasks.o
                0x08005624                xTaskCreate
 *fill*         0x0800567e        0x2 
 .text.vTaskStartScheduler
                0x08005680       0x6c Middlewares\FreeRTOS\tasks.o
                0x08005680                vTaskStartScheduler
 .text.vTaskSuspendAll
                0x080056ec       0x10 Middlewares\FreeRTOS\tasks.o
                0x080056ec                vTaskSuspendAll
 .text.xTaskIncrementTick
                0x080056fc      0x124 Middlewares\FreeRTOS\tasks.o
                0x080056fc                xTaskIncrementTick
 .text.xTaskResumeAll
                0x08005820       0xf0 Middlewares\FreeRTOS\tasks.o
                0x08005820                xTaskResumeAll
 .text.vTaskDelay
                0x08005910       0x48 Middlewares\FreeRTOS\tasks.o
                0x08005910                vTaskDelay
 .text.vTaskSwitchContext
                0x08005958       0x74 Middlewares\FreeRTOS\tasks.o
                0x08005958                vTaskSwitchContext
 .text.vTaskPlaceOnEventList
                0x080059cc       0x34 Middlewares\FreeRTOS\tasks.o
                0x080059cc                vTaskPlaceOnEventList
 .text.xTaskRemoveFromEventList
                0x08005a00       0x84 Middlewares\FreeRTOS\tasks.o
                0x08005a00                xTaskRemoveFromEventList
 .text.vTaskInternalSetTimeOutState
                0x08005a84       0x18 Middlewares\FreeRTOS\tasks.o
                0x08005a84                vTaskInternalSetTimeOutState
 .text.xTaskCheckForTimeOut
                0x08005a9c       0x78 Middlewares\FreeRTOS\tasks.o
                0x08005a9c                xTaskCheckForTimeOut
 .text.vTaskMissedYield
                0x08005b14        0xc Middlewares\FreeRTOS\tasks.o
                0x08005b14                vTaskMissedYield
 .text.xTaskGetSchedulerState
                0x08005b20       0x20 Middlewares\FreeRTOS\tasks.o
                0x08005b20                xTaskGetSchedulerState
 .text.xTaskPriorityInherit
                0x08005b40       0xa8 Middlewares\FreeRTOS\tasks.o
                0x08005b40                xTaskPriorityInherit
 .text.vTaskPriorityDisinheritAfterTimeout
                0x08005be8       0xb4 Middlewares\FreeRTOS\tasks.o
                0x08005be8                vTaskPriorityDisinheritAfterTimeout
 .text.pvTaskIncrementMutexHeldCount
                0x08005c9c       0x18 Middlewares\FreeRTOS\tasks.o
                0x08005c9c                pvTaskIncrementMutexHeldCount
 .text.xTaskNotifyWait
                0x08005cb4       0x8c Middlewares\FreeRTOS\tasks.o
                0x08005cb4                xTaskNotifyWait
 .text.xTaskGenericNotify
                0x08005d40       0xe8 Middlewares\FreeRTOS\tasks.o
                0x08005d40                xTaskGenericNotify
 .text.MX_BlueNRG_MS_Init
                0x08005e28      0x184 Src\app_x-cube-ble1.o
                0x08005e28                MX_BlueNRG_MS_Init
 .text.MX_BlueNRG_MS_Process
                0x08005fac       0xac Src\app_x-cube-ble1.o
                0x08005fac                MX_BlueNRG_MS_Process
 .text.BSP_PB_Callback
                0x08006058        0xc Src\app_x-cube-ble1.o
                0x08006058                BSP_PB_Callback
 .text._ZN13DeviceManagerC2Ev
                0x08006064       0x92 Src\device_manager.o
                0x08006064                DeviceManager::DeviceManager()
                0x08006064                DeviceManager::DeviceManager()
 .text._ZN13DeviceManager14checkIfPinFreeEP7PinData
                0x080060f6       0x7a Src\device_manager.o
                0x080060f6                DeviceManager::checkIfPinFree(PinData*)
 .text._ZN13DeviceManager10getFreePinEv
                0x08006170       0x4a Src\device_manager.o
                0x08006170                DeviceManager::getFreePin()
 *fill*         0x080061ba        0x2 
 .text._ZN13DeviceManager17getNewTimerHandleEv
                0x080061bc       0x3c Src\device_manager.o
                0x080061bc                DeviceManager::getNewTimerHandle()
 .text._ZN13DeviceManager13getTimerIndexEP17TIM_HandleTypeDef
                0x080061f8       0x58 Src\device_manager.o
                0x080061f8                DeviceManager::getTimerIndex(TIM_HandleTypeDef*)
 .text._Z41__static_initialization_and_destruction_0ii
                0x08006250       0x54 Src\device_manager.o
 .text._GLOBAL__sub_I_htim7
                0x080062a4       0x10 Src\device_manager.o
 .text.vApplicationGetIdleTaskMemory
                0x080062b4       0x18 Src\freertos.o
                0x080062b4                vApplicationGetIdleTaskMemory
 .text.HCI_TL_SPI_Init
                0x080062cc       0x68 Src\hci_tl_interface.o
                0x080062cc                HCI_TL_SPI_Init
 .text.HCI_TL_SPI_DeInit
                0x08006334       0x26 Src\hci_tl_interface.o
                0x08006334                HCI_TL_SPI_DeInit
 .text.HCI_TL_SPI_Reset
                0x0800635a       0x2e Src\hci_tl_interface.o
                0x0800635a                HCI_TL_SPI_Reset
 .text.HCI_TL_SPI_Receive
                0x08006388       0x8e Src\hci_tl_interface.o
                0x08006388                HCI_TL_SPI_Receive
 *fill*         0x08006416        0x2 
 .text.HCI_TL_SPI_Send
                0x08006418       0x94 Src\hci_tl_interface.o
                0x08006418                HCI_TL_SPI_Send
 .text.hci_tl_lowlevel_isr
                0x080064ac       0x1c Src\hci_tl_interface.o
                0x080064ac                hci_tl_lowlevel_isr
 .text.hci_tl_lowlevel_init
                0x080064c8       0x6c Src\hci_tl_interface.o
                0x080064c8                hci_tl_lowlevel_init
 .text.main     0x08006534       0x98 Src\main.o
                0x08006534                main
 .text.SystemClock_Config
                0x080065cc      0x116 Src\main.o
                0x080065cc                SystemClock_Config
 *fill*         0x080066e2        0x2 
 .text.MX_USART3_UART_Init
                0x080066e4       0x68 Src\main.o
                0x080066e4                MX_USART3_UART_Init
 .text.MX_GPIO_Init
                0x0800674c      0x110 Src\main.o
 .text.MX_TIM7_Init
                0x0800685c       0x80 Src\main.o
 .text.MX_TIM6_Init
                0x080068dc       0x80 Src\main.o
 .text.MX_TIM4_Init
                0x0800695c       0x80 Src\main.o
 .text.StartDefaultTask
                0x080069dc       0x60 Src\main.o
                0x080069dc                StartDefaultTask
 .text.ReadoutTask
                0x08006a3c       0x30 Src\main.o
                0x08006a3c                ReadoutTask
 .text._ZN13OneWireDriver17firstStateHandlerEv
                0x08006a6c       0x54 Src\main.o
                0x08006a6c                OneWireDriver::firstStateHandler()
 .text._ZN13OneWireDriver18secondStateHandlerEv
                0x08006ac0       0x50 Src\main.o
                0x08006ac0                OneWireDriver::secondStateHandler()
 .text._ZN13OneWireDriver17thirdStateHandlerEv
                0x08006b10      0x230 Src\main.o
                0x08006b10                OneWireDriver::thirdStateHandler()
 .text.delayMicroseconds
                0x08006d40       0xac Src\main.o
                0x08006d40                delayMicroseconds
 .text.HAL_TIM_PeriodElapsedCallback
                0x08006dec       0x4c Src\main.o
                0x08006dec                HAL_TIM_PeriodElapsedCallback
 .text.Error_Handler
                0x08006e38       0x1c Src\main.o
                0x08006e38                Error_Handler
 .text._Z41__static_initialization_and_destruction_0ii
                0x08006e54       0x4c Src\main.o
 .text._GLOBAL__sub_I_huart3
                0x08006ea0       0x10 Src\main.o
 .text._ZN13OneWireDriverC2EP7PinData
                0x08006eb0       0x64 Src\one_wire_driver.o
                0x08006eb0                OneWireDriver::OneWireDriver(PinData*)
                0x08006eb0                OneWireDriver::OneWireDriver(PinData*)
 .text._ZN13OneWireDriver18driverStartReadoutEv
                0x08006f14       0x28 Src\one_wire_driver.o
                0x08006f14                OneWireDriver::driverStartReadout()
 .text._ZN13OneWireDriver12executeStateEv
                0x08006f3c       0x48 Src\one_wire_driver.o
                0x08006f3c                OneWireDriver::executeState()
 .text._ZN13OneWireDriver13changePinModeE11oneWireMode
                0x08006f84       0x4c Src\one_wire_driver.o
                0x08006f84                OneWireDriver::changePinMode(oneWireMode)
 .text._ZN13OneWireDriver8writePinEb
                0x08006fd0       0x32 Src\one_wire_driver.o
                0x08006fd0                OneWireDriver::writePin(bool)
 .text._ZN13OneWireDriver7readPinEv
                0x08007002       0x34 Src\one_wire_driver.o
                0x08007002                OneWireDriver::readPin()
 *fill*         0x08007036        0x2 
 .text.Add_Sample_Service
                0x08007038       0xd0 Src\sample_service.o
                0x08007038                Add_Sample_Service
 .text.Make_Connection
                0x08007108       0xb8 Src\sample_service.o
                0x08007108                Make_Connection
 .text.startReadTXCharHandle
                0x080071c0       0x4c Src\sample_service.o
                0x080071c0                startReadTXCharHandle
 .text.startReadRXCharHandle
                0x0800720c       0x4c Src\sample_service.o
                0x0800720c                startReadRXCharHandle
 .text.receiveData
                0x08007258       0x30 Src\sample_service.o
                0x08007258                receiveData
 .text.sendData
                0x08007288       0x50 Src\sample_service.o
                0x08007288                sendData
 .text.enableNotification
                0x080072d8       0x54 Src\sample_service.o
                0x080072d8                enableNotification
 .text.Attribute_Modified_CB
                0x0800732c       0x34 Src\sample_service.o
                0x0800732c                Attribute_Modified_CB
 .text.GAP_ConnectionComplete_CB
                0x08007360       0x48 Src\sample_service.o
                0x08007360                GAP_ConnectionComplete_CB
 .text.GAP_DisconnectionComplete_CB
                0x080073a8       0x4c Src\sample_service.o
                0x080073a8                GAP_DisconnectionComplete_CB
 .text.GATT_Notification_CB
                0x080073f4       0x18 Src\sample_service.o
                0x080073f4                GATT_Notification_CB
 .text.user_notify
                0x0800740c      0x104 Src\sample_service.o
                0x0800740c                user_notify
 .text._ZN6SensorC2EP7PinData
                0x08007510       0x1e Src\sensor.o
                0x08007510                Sensor::Sensor(PinData*)
                0x08007510                Sensor::Sensor(PinData*)
 .text._ZN6Sensor15startNewReadoutEv
                0x0800752e       0x18 Src\sensor.o
                0x0800752e                Sensor::startNewReadout()
 *fill*         0x08007546        0x2 
 .text.HAL_MspInit
                0x08007548       0x40 Src\stm32l4xx_hal_msp.o
                0x08007548                HAL_MspInit
 .text.HAL_TIM_Base_MspInit
                0x08007588       0xa0 Src\stm32l4xx_hal_msp.o
                0x08007588                HAL_TIM_Base_MspInit
 .text.HAL_UART_MspInit
                0x08007628       0x64 Src\stm32l4xx_hal_msp.o
                0x08007628                HAL_UART_MspInit
 .text.HAL_InitTick
                0x0800768c       0x78 Src\stm32l4xx_hal_timebase_tim.o
                0x0800768c                HAL_InitTick
 .text.NMI_Handler
                0x08007704        0x4 Src\stm32l4xx_it.o
                0x08007704                NMI_Handler
 .text.HardFault_Handler
                0x08007708        0x2 Src\stm32l4xx_it.o
                0x08007708                HardFault_Handler
 .text.MemManage_Handler
                0x0800770a        0x2 Src\stm32l4xx_it.o
                0x0800770a                MemManage_Handler
 .text.BusFault_Handler
                0x0800770c        0x2 Src\stm32l4xx_it.o
                0x0800770c                BusFault_Handler
 .text.UsageFault_Handler
                0x0800770e        0x2 Src\stm32l4xx_it.o
                0x0800770e                UsageFault_Handler
 .text.DebugMon_Handler
                0x08007710        0x2 Src\stm32l4xx_it.o
                0x08007710                DebugMon_Handler
 *fill*         0x08007712        0x2 
 .text.EXTI0_IRQHandler
                0x08007714        0xc Src\stm32l4xx_it.o
                0x08007714                EXTI0_IRQHandler
 .text.TIM3_IRQHandler
                0x08007720        0xc Src\stm32l4xx_it.o
                0x08007720                TIM3_IRQHandler
 .text.EXTI15_10_IRQHandler
                0x0800772c        0xc Src\stm32l4xx_it.o
                0x0800772c                EXTI15_10_IRQHandler
 .text.TIM7_IRQHandler
                0x08007738        0xc Src\stm32l4xx_it.o
                0x08007738                TIM7_IRQHandler
 .text.BSP_LED_Init
                0x08007744       0x48 Src\stm32l4xx_nucleo.o
                0x08007744                BSP_LED_Init
 .text.BSP_LED_On
                0x0800778c       0x12 Src\stm32l4xx_nucleo.o
                0x0800778c                BSP_LED_On
 .text.BSP_LED_Off
                0x0800779e       0x12 Src\stm32l4xx_nucleo.o
                0x0800779e                BSP_LED_Off
 .text.BSP_LED_Toggle
                0x080077b0       0x10 Src\stm32l4xx_nucleo.o
                0x080077b0                BSP_LED_Toggle
 .text.BSP_PB_Init
                0x080077c0       0x98 Src\stm32l4xx_nucleo.o
                0x080077c0                BSP_PB_Init
 .text.BSP_PB_GetState
                0x08007858       0x18 Src\stm32l4xx_nucleo.o
                0x08007858                BSP_PB_GetState
 .text.BUTTON_USER_EXTI_Callback
                0x08007870        0xa Src\stm32l4xx_nucleo.o
 *fill*         0x0800787a        0x2 
 .text.MX_USART2_UART_Init
                0x0800787c       0x30 Src\stm32l4xx_nucleo.o
                0x0800787c                MX_USART2_UART_Init
 .text.BSP_COM_Init
                0x080078ac       0x80 Src\stm32l4xx_nucleo.o
                0x080078ac                BSP_COM_Init
 .text.__io_putchar
                0x0800792c       0x2c Src\stm32l4xx_nucleo.o
                0x0800792c                __io_putchar
 .text.BSP_SPI1_SendRecv
                0x08007958       0x28 Src\stm32l4xx_nucleo_bus.o
                0x08007958                BSP_SPI1_SendRecv
 .text.BSP_GetTick
                0x08007980        0x4 Src\stm32l4xx_nucleo_bus.o
                0x08007980                BSP_GetTick
 .text.MX_SPI1_Init
                0x08007984       0x44 Src\stm32l4xx_nucleo_bus.o
                0x08007984                MX_SPI1_Init
 .text.BSP_SPI1_Init
                0x080079c8       0xbc Src\stm32l4xx_nucleo_bus.o
                0x080079c8                BSP_SPI1_Init
 .text._getpid  0x08007a84        0x4 Src\syscalls.o
                0x08007a84                _getpid
 .text._kill    0x08007a88       0x10 Src\syscalls.o
                0x08007a88                _kill
 .text._exit    0x08007a98        0xc Src\syscalls.o
                0x08007a98                _exit
 .text._read    0x08007aa4       0x1c Src\syscalls.o
                0x08007aa4                _read
 .text._write   0x08007ac0       0x1c Src\syscalls.o
                0x08007ac0                _write
 .text._sbrk    0x08007adc       0x34 Src\syscalls.o
                0x08007adc                _sbrk
 .text._close   0x08007b10        0x6 Src\syscalls.o
                0x08007b10                _close
 .text._fstat   0x08007b16        0xa Src\syscalls.o
                0x08007b16                _fstat
 .text._isatty  0x08007b20        0x4 Src\syscalls.o
                0x08007b20                _isatty
 .text._lseek   0x08007b24        0x4 Src\syscalls.o
                0x08007b24                _lseek
 .text.SystemInit
                0x08007b28       0x48 Src\system_stm32l4xx.o
                0x08007b28                SystemInit
 .text._ZN5TimerC2EP17TIM_HandleTypeDef
                0x08007b70       0x1e Src\timer.o
                0x08007b70                Timer::Timer(TIM_HandleTypeDef*)
                0x08007b70                Timer::Timer(TIM_HandleTypeDef*)
 .text._ZN5Timer9getHandleEv
                0x08007b8e       0x18 Src\timer.o
                0x08007b8e                Timer::getHandle()
 .text._ZN5Timer9setDriverEP13OneWireDriver
                0x08007ba6       0x1c Src\timer.o
                0x08007ba6                Timer::setDriver(OneWireDriver*)
 .text._ZN5Timer9getDriverEv
                0x08007bc2       0x18 Src\timer.o
                0x08007bc2                Timer::getDriver()
 .text._ZN5Timer25wakeMeUpAfterMicrosecondsEt
                0x08007bda       0x5e Src\timer.o
                0x08007bda                Timer::wakeMeUpAfterMicroseconds(unsigned short)
 .text.Reset_Handler
                0x08007c38       0x50 startup\startup_stm32l476xx.o
                0x08007c38                Reset_Handler
 .text.Default_Handler
                0x08007c88        0x2 startup\startup_stm32l476xx.o
                0x08007c88                RTC_Alarm_IRQHandler
                0x08007c88                EXTI2_IRQHandler
                0x08007c88                TIM8_TRG_COM_IRQHandler
                0x08007c88                TIM8_CC_IRQHandler
                0x08007c88                TIM1_CC_IRQHandler
                0x08007c88                TSC_IRQHandler
                0x08007c88                TAMP_STAMP_IRQHandler
                0x08007c88                EXTI3_IRQHandler
                0x08007c88                LPTIM2_IRQHandler
                0x08007c88                DFSDM1_FLT1_IRQHandler
                0x08007c88                I2C3_ER_IRQHandler
                0x08007c88                DFSDM1_FLT2_IRQHandler
                0x08007c88                I2C2_EV_IRQHandler
                0x08007c88                CAN1_RX0_IRQHandler
                0x08007c88                FPU_IRQHandler
                0x08007c88                TIM1_UP_TIM16_IRQHandler
                0x08007c88                ADC1_2_IRQHandler
                0x08007c88                SPI1_IRQHandler
                0x08007c88                TIM6_DAC_IRQHandler
                0x08007c88                TIM8_UP_IRQHandler
                0x08007c88                DMA2_Channel2_IRQHandler
                0x08007c88                DMA1_Channel4_IRQHandler
                0x08007c88                SAI2_IRQHandler
                0x08007c88                DFSDM1_FLT3_IRQHandler
                0x08007c88                USART3_IRQHandler
                0x08007c88                DMA1_Channel7_IRQHandler
                0x08007c88                CAN1_RX1_IRQHandler
                0x08007c88                LCD_IRQHandler
                0x08007c88                UART5_IRQHandler
                0x08007c88                ADC3_IRQHandler
                0x08007c88                TIM4_IRQHandler
                0x08007c88                DMA2_Channel1_IRQHandler
                0x08007c88                QUADSPI_IRQHandler
                0x08007c88                I2C1_EV_IRQHandler
                0x08007c88                DMA1_Channel6_IRQHandler
                0x08007c88                UART4_IRQHandler
                0x08007c88                DMA2_Channel4_IRQHandler
                0x08007c88                RCC_IRQHandler
                0x08007c88                DMA1_Channel1_IRQHandler
                0x08007c88                Default_Handler
                0x08007c88                DMA2_Channel7_IRQHandler
                0x08007c88                SDMMC1_IRQHandler
                0x08007c88                TIM5_IRQHandler
                0x08007c88                I2C3_EV_IRQHandler
                0x08007c88                EXTI9_5_IRQHandler
                0x08007c88                RTC_WKUP_IRQHandler
                0x08007c88                PVD_PVM_IRQHandler
                0x08007c88                SPI2_IRQHandler
                0x08007c88                CAN1_TX_IRQHandler
                0x08007c88                DMA2_Channel5_IRQHandler
                0x08007c88                DMA1_Channel5_IRQHandler
                0x08007c88                EXTI4_IRQHandler
                0x08007c88                RNG_IRQHandler
                0x08007c88                TIM1_TRG_COM_TIM17_IRQHandler
                0x08007c88                DMA1_Channel3_IRQHandler
                0x08007c88                COMP_IRQHandler
                0x08007c88                WWDG_IRQHandler
                0x08007c88                LPUART1_IRQHandler
                0x08007c88                DMA2_Channel6_IRQHandler
                0x08007c88                TIM2_IRQHandler
                0x08007c88                EXTI1_IRQHandler
                0x08007c88                USART2_IRQHandler
                0x08007c88                DFSDM1_FLT0_IRQHandler
                0x08007c88                I2C2_ER_IRQHandler
                0x08007c88                DMA1_Channel2_IRQHandler
                0x08007c88                TIM8_BRK_IRQHandler
                0x08007c88                CAN1_SCE_IRQHandler
                0x08007c88                FLASH_IRQHandler
                0x08007c88                USART1_IRQHandler
                0x08007c88                OTG_FS_IRQHandler
                0x08007c88                SPI3_IRQHandler
                0x08007c88                I2C1_ER_IRQHandler
                0x08007c88                FMC_IRQHandler
                0x08007c88                SWPMI1_IRQHandler
                0x08007c88                LPTIM1_IRQHandler
                0x08007c88                SAI1_IRQHandler
                0x08007c88                DMA2_Channel3_IRQHandler
                0x08007c88                TIM1_BRK_TIM15_IRQHandler
 *fill*         0x08007c8a        0x2 
 .text.__errno  0x08007c8c        0xc c:/program files (x86)/atollic/truestudio for stm32 9.3.0/armtools/bin/../lib/gcc/arm-atollic-eabi/6.3.1/../../../../arm-atollic-eabi/lib/armv7e-m/fpu\libc.a(lib_a-errno.o)
                0x08007c8c                __errno
 .text.__sflush_r
                0x08007c98      0x124 c:/program files (x86)/atollic/truestudio for stm32 9.3.0/armtools/bin/../lib/gcc/arm-atollic-eabi/6.3.1/../../../../arm-atollic-eabi/lib/armv7e-m/fpu\libc.a(lib_a-fflush.o)
                0x08007c98                __sflush_r
 .text._fflush_r
                0x08007dbc       0x78 c:/program files (x86)/atollic/truestudio for stm32 9.3.0/armtools/bin/../lib/gcc/arm-atollic-eabi/6.3.1/../../../../arm-atollic-eabi/lib/armv7e-m/fpu\libc.a(lib_a-fflush.o)
                0x08007dbc                _fflush_r
 .text.fflush   0x08007e34       0x24 c:/program files (x86)/atollic/truestudio for stm32 9.3.0/armtools/bin/../lib/gcc/arm-atollic-eabi/6.3.1/../../../../arm-atollic-eabi/lib/armv7e-m/fpu\libc.a(lib_a-fflush.o)
                0x08007e34                fflush
 .text._cleanup_r
                0x08007e58        0xc c:/program files (x86)/atollic/truestudio for stm32 9.3.0/armtools/bin/../lib/gcc/arm-atollic-eabi/6.3.1/../../../../arm-atollic-eabi/lib/armv7e-m/fpu\libc.a(lib_a-findfp.o)
                0x08007e58                _cleanup_r
 .text.std.isra.0
                0x08007e64       0x48 c:/program files (x86)/atollic/truestudio for stm32 9.3.0/armtools/bin/../lib/gcc/arm-atollic-eabi/6.3.1/../../../../arm-atollic-eabi/lib/armv7e-m/fpu\libc.a(lib_a-findfp.o)
 .text.__sfmoreglue
                0x08007eac       0x2c c:/program files (x86)/atollic/truestudio for stm32 9.3.0/armtools/bin/../lib/gcc/arm-atollic-eabi/6.3.1/../../../../arm-atollic-eabi/lib/armv7e-m/fpu\libc.a(lib_a-findfp.o)
                0x08007eac                __sfmoreglue
 .text.__sfp_lock_acquire
                0x08007ed8        0xc c:/program files (x86)/atollic/truestudio for stm32 9.3.0/armtools/bin/../lib/gcc/arm-atollic-eabi/6.3.1/../../../../arm-atollic-eabi/lib/armv7e-m/fpu\libc.a(lib_a-findfp.o)
                0x08007ed8                __sfp_lock_acquire
 .text.__sfp_lock_release
                0x08007ee4        0xc c:/program files (x86)/atollic/truestudio for stm32 9.3.0/armtools/bin/../lib/gcc/arm-atollic-eabi/6.3.1/../../../../arm-atollic-eabi/lib/armv7e-m/fpu\libc.a(lib_a-findfp.o)
                0x08007ee4                __sfp_lock_release
 .text.__sinit_lock_acquire
                0x08007ef0        0xc c:/program files (x86)/atollic/truestudio for stm32 9.3.0/armtools/bin/../lib/gcc/arm-atollic-eabi/6.3.1/../../../../arm-atollic-eabi/lib/armv7e-m/fpu\libc.a(lib_a-findfp.o)
                0x08007ef0                __sinit_lock_acquire
 .text.__sinit_lock_release
                0x08007efc        0xc c:/program files (x86)/atollic/truestudio for stm32 9.3.0/armtools/bin/../lib/gcc/arm-atollic-eabi/6.3.1/../../../../arm-atollic-eabi/lib/armv7e-m/fpu\libc.a(lib_a-findfp.o)
                0x08007efc                __sinit_lock_release
 .text.__sinit  0x08007f08       0x74 c:/program files (x86)/atollic/truestudio for stm32 9.3.0/armtools/bin/../lib/gcc/arm-atollic-eabi/6.3.1/../../../../arm-atollic-eabi/lib/armv7e-m/fpu\libc.a(lib_a-findfp.o)
                0x08007f08                __sinit
 .text.__sfp    0x08007f7c       0x8c c:/program files (x86)/atollic/truestudio for stm32 9.3.0/armtools/bin/../lib/gcc/arm-atollic-eabi/6.3.1/../../../../arm-atollic-eabi/lib/armv7e-m/fpu\libc.a(lib_a-findfp.o)
                0x08007f7c                __sfp
 .text._malloc_trim_r
                0x08008008       0xac c:/program files (x86)/atollic/truestudio for stm32 9.3.0/armtools/bin/../lib/gcc/arm-atollic-eabi/6.3.1/../../../../arm-atollic-eabi/lib/armv7e-m/fpu\libc.a(lib_a-freer.o)
                0x08008008                _malloc_trim_r
 .text._free_r  0x080080b4      0x178 c:/program files (x86)/atollic/truestudio for stm32 9.3.0/armtools/bin/../lib/gcc/arm-atollic-eabi/6.3.1/../../../../arm-atollic-eabi/lib/armv7e-m/fpu\libc.a(lib_a-freer.o)
                0x080080b4                _free_r
 .text._fwalk_reent
                0x0800822c       0x3c c:/program files (x86)/atollic/truestudio for stm32 9.3.0/armtools/bin/../lib/gcc/arm-atollic-eabi/6.3.1/../../../../arm-atollic-eabi/lib/armv7e-m/fpu\libc.a(lib_a-fwalk.o)
                0x0800822c                _fwalk_reent
 .text.__libc_init_array
                0x08008268       0x48 c:/program files (x86)/atollic/truestudio for stm32 9.3.0/armtools/bin/../lib/gcc/arm-atollic-eabi/6.3.1/../../../../arm-atollic-eabi/lib/armv7e-m/fpu\libc.a(lib_a-init.o)
                0x08008268                __libc_init_array
 .text.__retarget_lock_init_recursive
                0x080082b0        0x2 c:/program files (x86)/atollic/truestudio for stm32 9.3.0/armtools/bin/../lib/gcc/arm-atollic-eabi/6.3.1/../../../../arm-atollic-eabi/lib/armv7e-m/fpu\libc.a(lib_a-lock.o)
                0x080082b0                __retarget_lock_init_recursive
 .text.__retarget_lock_close_recursive
                0x080082b2        0x2 c:/program files (x86)/atollic/truestudio for stm32 9.3.0/armtools/bin/../lib/gcc/arm-atollic-eabi/6.3.1/../../../../arm-atollic-eabi/lib/armv7e-m/fpu\libc.a(lib_a-lock.o)
                0x080082b2                __retarget_lock_close_recursive
 .text.__retarget_lock_acquire_recursive
                0x080082b4        0x2 c:/program files (x86)/atollic/truestudio for stm32 9.3.0/armtools/bin/../lib/gcc/arm-atollic-eabi/6.3.1/../../../../arm-atollic-eabi/lib/armv7e-m/fpu\libc.a(lib_a-lock.o)
                0x080082b4                __retarget_lock_acquire_recursive
 .text.__retarget_lock_release_recursive
                0x080082b6        0x2 c:/program files (x86)/atollic/truestudio for stm32 9.3.0/armtools/bin/../lib/gcc/arm-atollic-eabi/6.3.1/../../../../arm-atollic-eabi/lib/armv7e-m/fpu\libc.a(lib_a-lock.o)
                0x080082b6                __retarget_lock_release_recursive
 .text._malloc_r
                0x080082b8      0x41c c:/program files (x86)/atollic/truestudio for stm32 9.3.0/armtools/bin/../lib/gcc/arm-atollic-eabi/6.3.1/../../../../arm-atollic-eabi/lib/armv7e-m/fpu\libc.a(lib_a-mallocr.o)
                0x080082b8                _malloc_r
 .text.memcpy   0x080086d4       0x16 c:/program files (x86)/atollic/truestudio for stm32 9.3.0/armtools/bin/../lib/gcc/arm-atollic-eabi/6.3.1/../../../../arm-atollic-eabi/lib/armv7e-m/fpu\libc.a(lib_a-memcpy-stub.o)
                0x080086d4                memcpy
 .text.memset   0x080086ea       0x10 c:/program files (x86)/atollic/truestudio for stm32 9.3.0/armtools/bin/../lib/gcc/arm-atollic-eabi/6.3.1/../../../../arm-atollic-eabi/lib/armv7e-m/fpu\libc.a(lib_a-memset.o)
                0x080086ea                memset
 *fill*         0x080086fa        0x2 
 .text.__malloc_lock
                0x080086fc        0xc c:/program files (x86)/atollic/truestudio for stm32 9.3.0/armtools/bin/../lib/gcc/arm-atollic-eabi/6.3.1/../../../../arm-atollic-eabi/lib/armv7e-m/fpu\libc.a(lib_a-mlock.o)
                0x080086fc                __malloc_lock
 .text.__malloc_unlock
                0x08008708        0xc c:/program files (x86)/atollic/truestudio for stm32 9.3.0/armtools/bin/../lib/gcc/arm-atollic-eabi/6.3.1/../../../../arm-atollic-eabi/lib/armv7e-m/fpu\libc.a(lib_a-mlock.o)
                0x08008708                __malloc_unlock
 .text.printf   0x08008714       0x30 c:/program files (x86)/atollic/truestudio for stm32 9.3.0/armtools/bin/../lib/gcc/arm-atollic-eabi/6.3.1/../../../../arm-atollic-eabi/lib/armv7e-m/fpu\libc.a(lib_a-printf.o)
                0x08008714                printf
 .text.putchar  0x08008744       0x28 c:/program files (x86)/atollic/truestudio for stm32 9.3.0/armtools/bin/../lib/gcc/arm-atollic-eabi/6.3.1/../../../../arm-atollic-eabi/lib/armv7e-m/fpu\libc.a(lib_a-putchar.o)
                0x08008744                putchar
 .text._puts_r  0x0800876c       0xc0 c:/program files (x86)/atollic/truestudio for stm32 9.3.0/armtools/bin/../lib/gcc/arm-atollic-eabi/6.3.1/../../../../arm-atollic-eabi/lib/armv7e-m/fpu\libc.a(lib_a-puts.o)
                0x0800876c                _puts_r
 .text.puts     0x0800882c       0x10 c:/program files (x86)/atollic/truestudio for stm32 9.3.0/armtools/bin/../lib/gcc/arm-atollic-eabi/6.3.1/../../../../arm-atollic-eabi/lib/armv7e-m/fpu\libc.a(lib_a-puts.o)
                0x0800882c                puts
 .text._sbrk_r  0x0800883c       0x20 c:/program files (x86)/atollic/truestudio for stm32 9.3.0/armtools/bin/../lib/gcc/arm-atollic-eabi/6.3.1/../../../../arm-atollic-eabi/lib/armv7e-m/fpu\libc.a(lib_a-sbrkr.o)
                0x0800883c                _sbrk_r
 .text.sprintf  0x0800885c       0x48 c:/program files (x86)/atollic/truestudio for stm32 9.3.0/armtools/bin/../lib/gcc/arm-atollic-eabi/6.3.1/../../../../arm-atollic-eabi/lib/armv7e-m/fpu\libc.a(lib_a-sprintf.o)
                0x0800885c                sprintf
 .text.__sread  0x080088a4       0x22 c:/program files (x86)/atollic/truestudio for stm32 9.3.0/armtools/bin/../lib/gcc/arm-atollic-eabi/6.3.1/../../../../arm-atollic-eabi/lib/armv7e-m/fpu\libc.a(lib_a-stdio.o)
                0x080088a4                __sread
 .text.__swrite
                0x080088c6       0x38 c:/program files (x86)/atollic/truestudio for stm32 9.3.0/armtools/bin/../lib/gcc/arm-atollic-eabi/6.3.1/../../../../arm-atollic-eabi/lib/armv7e-m/fpu\libc.a(lib_a-stdio.o)
                0x080088c6                __swrite
 .text.__sseek  0x080088fe       0x24 c:/program files (x86)/atollic/truestudio for stm32 9.3.0/armtools/bin/../lib/gcc/arm-atollic-eabi/6.3.1/../../../../arm-atollic-eabi/lib/armv7e-m/fpu\libc.a(lib_a-stdio.o)
                0x080088fe                __sseek
 .text.__sclose
                0x08008922        0x8 c:/program files (x86)/atollic/truestudio for stm32 9.3.0/armtools/bin/../lib/gcc/arm-atollic-eabi/6.3.1/../../../../arm-atollic-eabi/lib/armv7e-m/fpu\libc.a(lib_a-stdio.o)
                0x08008922                __sclose
 *fill*         0x0800892a        0x6 
 .text._svfprintf_r
                0x08008930      0xfa8 c:/program files (x86)/atollic/truestudio for stm32 9.3.0/armtools/bin/../lib/gcc/arm-atollic-eabi/6.3.1/../../../../arm-atollic-eabi/lib/armv7e-m/fpu\libc.a(lib_a-svfprintf.o)
                0x08008930                _svfprintf_r
 .text._vfprintf_r
                0x080098d8     0x1078 c:/program files (x86)/atollic/truestudio for stm32 9.3.0/armtools/bin/../lib/gcc/arm-atollic-eabi/6.3.1/../../../../arm-atollic-eabi/lib/armv7e-m/fpu\libc.a(lib_a-vfprintf.o)
                0x080098d8                _vfprintf_r
 .text.__sbprintf
                0x0800a950       0x80 c:/program files (x86)/atollic/truestudio for stm32 9.3.0/armtools/bin/../lib/gcc/arm-atollic-eabi/6.3.1/../../../../arm-atollic-eabi/lib/armv7e-m/fpu\libc.a(lib_a-vfprintf.o)
 .text._write_r
                0x0800a9d0       0x24 c:/program files (x86)/atollic/truestudio for stm32 9.3.0/armtools/bin/../lib/gcc/arm-atollic-eabi/6.3.1/../../../../arm-atollic-eabi/lib/armv7e-m/fpu\libc.a(lib_a-writer.o)
                0x0800a9d0                _write_r
 .text.__swsetup_r
                0x0800a9f4       0xdc c:/program files (x86)/atollic/truestudio for stm32 9.3.0/armtools/bin/../lib/gcc/arm-atollic-eabi/6.3.1/../../../../arm-atollic-eabi/lib/armv7e-m/fpu\libc.a(lib_a-wsetup.o)
                0x0800a9f4                __swsetup_r
 .text._close_r
                0x0800aad0       0x20 c:/program files (x86)/atollic/truestudio for stm32 9.3.0/armtools/bin/../lib/gcc/arm-atollic-eabi/6.3.1/../../../../arm-atollic-eabi/lib/armv7e-m/fpu\libc.a(lib_a-closer.o)
                0x0800aad0                _close_r
 .text.quorem   0x0800aaf0      0x118 c:/program files (x86)/atollic/truestudio for stm32 9.3.0/armtools/bin/../lib/gcc/arm-atollic-eabi/6.3.1/../../../../arm-atollic-eabi/lib/armv7e-m/fpu\libc.a(lib_a-dtoa.o)
 .text._dtoa_r  0x0800ac08      0xb9c c:/program files (x86)/atollic/truestudio for stm32 9.3.0/armtools/bin/../lib/gcc/arm-atollic-eabi/6.3.1/../../../../arm-atollic-eabi/lib/armv7e-m/fpu\libc.a(lib_a-dtoa.o)
                0x0800ac08                _dtoa_r
 .text._fclose_r
                0x0800b7a4       0xd8 c:/program files (x86)/atollic/truestudio for stm32 9.3.0/armtools/bin/../lib/gcc/arm-atollic-eabi/6.3.1/../../../../arm-atollic-eabi/lib/armv7e-m/fpu\libc.a(lib_a-fclose.o)
                0x0800b7a4                _fclose_r
 .text.__sfvwrite_r
                0x0800b87c      0x29c c:/program files (x86)/atollic/truestudio for stm32 9.3.0/armtools/bin/../lib/gcc/arm-atollic-eabi/6.3.1/../../../../arm-atollic-eabi/lib/armv7e-m/fpu\libc.a(lib_a-fvwrite.o)
                0x0800b87c                __sfvwrite_r
 .text._localeconv_r
                0x0800bb18       0x1c c:/program files (x86)/atollic/truestudio for stm32 9.3.0/armtools/bin/../lib/gcc/arm-atollic-eabi/6.3.1/../../../../arm-atollic-eabi/lib/armv7e-m/fpu\libc.a(lib_a-localeconv.o)
                0x0800bb18                _localeconv_r
 .text._lseek_r
                0x0800bb34       0x24 c:/program files (x86)/atollic/truestudio for stm32 9.3.0/armtools/bin/../lib/gcc/arm-atollic-eabi/6.3.1/../../../../arm-atollic-eabi/lib/armv7e-m/fpu\libc.a(lib_a-lseekr.o)
                0x0800bb34                _lseek_r
 .text.__swhatbuf_r
                0x0800bb58       0x56 c:/program files (x86)/atollic/truestudio for stm32 9.3.0/armtools/bin/../lib/gcc/arm-atollic-eabi/6.3.1/../../../../arm-atollic-eabi/lib/armv7e-m/fpu\libc.a(lib_a-makebuf.o)
                0x0800bb58                __swhatbuf_r
 *fill*         0x0800bbae        0x2 
 .text.__smakebuf_r
                0x0800bbb0       0x80 c:/program files (x86)/atollic/truestudio for stm32 9.3.0/armtools/bin/../lib/gcc/arm-atollic-eabi/6.3.1/../../../../arm-atollic-eabi/lib/armv7e-m/fpu\libc.a(lib_a-makebuf.o)
                0x0800bbb0                __smakebuf_r
 .text.malloc   0x0800bc30       0x10 c:/program files (x86)/atollic/truestudio for stm32 9.3.0/armtools/bin/../lib/gcc/arm-atollic-eabi/6.3.1/../../../../arm-atollic-eabi/lib/armv7e-m/fpu\libc.a(lib_a-malloc.o)
                0x0800bc30                malloc
 .text.memmove  0x0800bc40       0x34 c:/program files (x86)/atollic/truestudio for stm32 9.3.0/armtools/bin/../lib/gcc/arm-atollic-eabi/6.3.1/../../../../arm-atollic-eabi/lib/armv7e-m/fpu\libc.a(lib_a-memmove.o)
                0x0800bc40                memmove
 .text._Balloc  0x0800bc74       0x68 c:/program files (x86)/atollic/truestudio for stm32 9.3.0/armtools/bin/../lib/gcc/arm-atollic-eabi/6.3.1/../../../../arm-atollic-eabi/lib/armv7e-m/fpu\libc.a(lib_a-mprec.o)
                0x0800bc74                _Balloc
 .text._Bfree   0x0800bcdc       0x2e c:/program files (x86)/atollic/truestudio for stm32 9.3.0/armtools/bin/../lib/gcc/arm-atollic-eabi/6.3.1/../../../../arm-atollic-eabi/lib/armv7e-m/fpu\libc.a(lib_a-mprec.o)
                0x0800bcdc                _Bfree
 .text.__multadd
                0x0800bd0a       0x76 c:/program files (x86)/atollic/truestudio for stm32 9.3.0/armtools/bin/../lib/gcc/arm-atollic-eabi/6.3.1/../../../../arm-atollic-eabi/lib/armv7e-m/fpu\libc.a(lib_a-mprec.o)
                0x0800bd0a                __multadd
 .text.__hi0bits
                0x0800bd80       0x3e c:/program files (x86)/atollic/truestudio for stm32 9.3.0/armtools/bin/../lib/gcc/arm-atollic-eabi/6.3.1/../../../../arm-atollic-eabi/lib/armv7e-m/fpu\libc.a(lib_a-mprec.o)
                0x0800bd80                __hi0bits
 .text.__lo0bits
                0x0800bdbe       0x5e c:/program files (x86)/atollic/truestudio for stm32 9.3.0/armtools/bin/../lib/gcc/arm-atollic-eabi/6.3.1/../../../../arm-atollic-eabi/lib/armv7e-m/fpu\libc.a(lib_a-mprec.o)
                0x0800bdbe                __lo0bits
 .text.__i2b    0x0800be1c       0x12 c:/program files (x86)/atollic/truestudio for stm32 9.3.0/armtools/bin/../lib/gcc/arm-atollic-eabi/6.3.1/../../../../arm-atollic-eabi/lib/armv7e-m/fpu\libc.a(lib_a-mprec.o)
                0x0800be1c                __i2b
 .text.__multiply
                0x0800be2e      0x11a c:/program files (x86)/atollic/truestudio for stm32 9.3.0/armtools/bin/../lib/gcc/arm-atollic-eabi/6.3.1/../../../../arm-atollic-eabi/lib/armv7e-m/fpu\libc.a(lib_a-mprec.o)
                0x0800be2e                __multiply
 .text.__pow5mult
                0x0800bf48       0x9c c:/program files (x86)/atollic/truestudio for stm32 9.3.0/armtools/bin/../lib/gcc/arm-atollic-eabi/6.3.1/../../../../arm-atollic-eabi/lib/armv7e-m/fpu\libc.a(lib_a-mprec.o)
                0x0800bf48                __pow5mult
 .text.__lshift
                0x0800bfe4       0xa2 c:/program files (x86)/atollic/truestudio for stm32 9.3.0/armtools/bin/../lib/gcc/arm-atollic-eabi/6.3.1/../../../../arm-atollic-eabi/lib/armv7e-m/fpu\libc.a(lib_a-mprec.o)
                0x0800bfe4                __lshift
 .text.__mcmp   0x0800c086       0x34 c:/program files (x86)/atollic/truestudio for stm32 9.3.0/armtools/bin/../lib/gcc/arm-atollic-eabi/6.3.1/../../../../arm-atollic-eabi/lib/armv7e-m/fpu\libc.a(lib_a-mprec.o)
                0x0800c086                __mcmp
 .text.__mdiff  0x0800c0ba       0xbc c:/program files (x86)/atollic/truestudio for stm32 9.3.0/armtools/bin/../lib/gcc/arm-atollic-eabi/6.3.1/../../../../arm-atollic-eabi/lib/armv7e-m/fpu\libc.a(lib_a-mprec.o)
                0x0800c0ba                __mdiff
 .text.__d2b    0x0800c176       0x9e c:/program files (x86)/atollic/truestudio for stm32 9.3.0/armtools/bin/../lib/gcc/arm-atollic-eabi/6.3.1/../../../../arm-atollic-eabi/lib/armv7e-m/fpu\libc.a(lib_a-mprec.o)
                0x0800c176                __d2b
 .text._putc_r  0x0800c214       0x90 c:/program files (x86)/atollic/truestudio for stm32 9.3.0/armtools/bin/../lib/gcc/arm-atollic-eabi/6.3.1/../../../../arm-atollic-eabi/lib/armv7e-m/fpu\libc.a(lib_a-putc.o)
                0x0800c214                _putc_r
 .text._read_r  0x0800c2a4       0x24 c:/program files (x86)/atollic/truestudio for stm32 9.3.0/armtools/bin/../lib/gcc/arm-atollic-eabi/6.3.1/../../../../arm-atollic-eabi/lib/armv7e-m/fpu\libc.a(lib_a-readr.o)
                0x0800c2a4                _read_r
 .text._realloc_r
                0x0800c2c8      0x300 c:/program files (x86)/atollic/truestudio for stm32 9.3.0/armtools/bin/../lib/gcc/arm-atollic-eabi/6.3.1/../../../../arm-atollic-eabi/lib/armv7e-m/fpu\libc.a(lib_a-reallocr.o)
                0x0800c2c8                _realloc_r
 .text.__ssprint_r
                0x0800c5c8       0xf4 c:/program files (x86)/atollic/truestudio for stm32 9.3.0/armtools/bin/../lib/gcc/arm-atollic-eabi/6.3.1/../../../../arm-atollic-eabi/lib/armv7e-m/fpu\libc.a(lib_a-svfiprintf.o)
                0x0800c5c8                __ssprint_r
 .text.__sprint_r
                0x0800c6bc       0x6a c:/program files (x86)/atollic/truestudio for stm32 9.3.0/armtools/bin/../lib/gcc/arm-atollic-eabi/6.3.1/../../../../arm-atollic-eabi/lib/armv7e-m/fpu\libc.a(lib_a-vfiprintf.o)
                0x0800c6bc                __sprint_r
 *fill*         0x0800c726        0x2 
 .text.__swbuf_r
                0x0800c728       0xbc c:/program files (x86)/atollic/truestudio for stm32 9.3.0/armtools/bin/../lib/gcc/arm-atollic-eabi/6.3.1/../../../../arm-atollic-eabi/lib/armv7e-m/fpu\libc.a(lib_a-wbuf.o)
                0x0800c728                __swbuf_r
 .text._calloc_r
                0x0800c7e4       0x5a c:/program files (x86)/atollic/truestudio for stm32 9.3.0/armtools/bin/../lib/gcc/arm-atollic-eabi/6.3.1/../../../../arm-atollic-eabi/lib/armv7e-m/fpu\libc.a(lib_a-callocr.o)
                0x0800c7e4                _calloc_r
 .text.__fputwc
                0x0800c83e       0x82 c:/program files (x86)/atollic/truestudio for stm32 9.3.0/armtools/bin/../lib/gcc/arm-atollic-eabi/6.3.1/../../../../arm-atollic-eabi/lib/armv7e-m/fpu\libc.a(lib_a-fputwc.o)
                0x0800c83e                __fputwc
 .text._fputwc_r
                0x0800c8c0       0x52 c:/program files (x86)/atollic/truestudio for stm32 9.3.0/armtools/bin/../lib/gcc/arm-atollic-eabi/6.3.1/../../../../arm-atollic-eabi/lib/armv7e-m/fpu\libc.a(lib_a-fputwc.o)
                0x0800c8c0                _fputwc_r
 *fill*         0x0800c912        0x2 
 .text._fstat_r
                0x0800c914       0x24 c:/program files (x86)/atollic/truestudio for stm32 9.3.0/armtools/bin/../lib/gcc/arm-atollic-eabi/6.3.1/../../../../arm-atollic-eabi/lib/armv7e-m/fpu\libc.a(lib_a-fstatr.o)
                0x0800c914                _fstat_r
 .text._isatty_r
                0x0800c938       0x20 c:/program files (x86)/atollic/truestudio for stm32 9.3.0/armtools/bin/../lib/gcc/arm-atollic-eabi/6.3.1/../../../../arm-atollic-eabi/lib/armv7e-m/fpu\libc.a(lib_a-isattyr.o)
                0x0800c938                _isatty_r
 .text.__locale_mb_cur_max
                0x0800c958       0x1c c:/program files (x86)/atollic/truestudio for stm32 9.3.0/armtools/bin/../lib/gcc/arm-atollic-eabi/6.3.1/../../../../arm-atollic-eabi/lib/armv7e-m/fpu\libc.a(lib_a-locale.o)
                0x0800c958                __locale_mb_cur_max
 .text.__ascii_mbtowc
                0x0800c974       0x24 c:/program files (x86)/atollic/truestudio for stm32 9.3.0/armtools/bin/../lib/gcc/arm-atollic-eabi/6.3.1/../../../../arm-atollic-eabi/lib/armv7e-m/fpu\libc.a(lib_a-mbtowc_r.o)
                0x0800c974                __ascii_mbtowc
 .text._wcrtomb_r
                0x0800c998       0x50 c:/program files (x86)/atollic/truestudio for stm32 9.3.0/armtools/bin/../lib/gcc/arm-atollic-eabi/6.3.1/../../../../arm-atollic-eabi/lib/armv7e-m/fpu\libc.a(lib_a-wcrtomb.o)
                0x0800c998                _wcrtomb_r
 .text.__ascii_wctomb
                0x0800c9e8       0x1a c:/program files (x86)/atollic/truestudio for stm32 9.3.0/armtools/bin/../lib/gcc/arm-atollic-eabi/6.3.1/../../../../arm-atollic-eabi/lib/armv7e-m/fpu\libc.a(lib_a-wctomb_r.o)
                0x0800c9e8                __ascii_wctomb
 .text.abort    0x0800ca02        0xe c:/program files (x86)/atollic/truestudio for stm32 9.3.0/armtools/bin/../lib/gcc/arm-atollic-eabi/6.3.1/../../../../arm-atollic-eabi/lib/armv7e-m/fpu\libc.a(lib_a-abort.o)
                0x0800ca02                abort
 .text._raise_r
                0x0800ca10       0x50 c:/program files (x86)/atollic/truestudio for stm32 9.3.0/armtools/bin/../lib/gcc/arm-atollic-eabi/6.3.1/../../../../arm-atollic-eabi/lib/armv7e-m/fpu\libc.a(lib_a-signal.o)
                0x0800ca10                _raise_r
 .text.raise    0x0800ca60       0x10 c:/program files (x86)/atollic/truestudio for stm32 9.3.0/armtools/bin/../lib/gcc/arm-atollic-eabi/6.3.1/../../../../arm-atollic-eabi/lib/armv7e-m/fpu\libc.a(lib_a-signal.o)
                0x0800ca60                raise
 .text._kill_r  0x0800ca70       0x24 c:/program files (x86)/atollic/truestudio for stm32 9.3.0/armtools/bin/../lib/gcc/arm-atollic-eabi/6.3.1/../../../../arm-atollic-eabi/lib/armv7e-m/fpu\libc.a(lib_a-signalr.o)
                0x0800ca70                _kill_r
 .text._getpid_r
                0x0800ca94        0x4 c:/program files (x86)/atollic/truestudio for stm32 9.3.0/armtools/bin/../lib/gcc/arm-atollic-eabi/6.3.1/../../../../arm-atollic-eabi/lib/armv7e-m/fpu\libc.a(lib_a-signalr.o)
                0x0800ca94                _getpid_r
 *(.glue_7)
 .glue_7        0x0800ca98        0x0 linker stubs
 *(.glue_7t)
 .glue_7t       0x0800ca98        0x0 linker stubs
 *(.eh_frame)
 .eh_frame      0x0800ca98        0x0 c:/program files (x86)/atollic/truestudio for stm32 9.3.0/armtools/bin/../lib/gcc/arm-atollic-eabi/6.3.1/armv7e-m/fpu/crtbegin.o
 *(.init)
 .init          0x0800ca98        0x4 c:/program files (x86)/atollic/truestudio for stm32 9.3.0/armtools/bin/../lib/gcc/arm-atollic-eabi/6.3.1/armv7e-m/fpu/crti.o
                0x0800ca98                _init
 .init          0x0800ca9c        0x8 c:/program files (x86)/atollic/truestudio for stm32 9.3.0/armtools/bin/../lib/gcc/arm-atollic-eabi/6.3.1/armv7e-m/fpu/crtn.o
 *(.fini)
 .fini          0x0800caa4        0x4 c:/program files (x86)/atollic/truestudio for stm32 9.3.0/armtools/bin/../lib/gcc/arm-atollic-eabi/6.3.1/armv7e-m/fpu/crti.o
                0x0800caa4                _fini
 .fini          0x0800caa8        0x8 c:/program files (x86)/atollic/truestudio for stm32 9.3.0/armtools/bin/../lib/gcc/arm-atollic-eabi/6.3.1/armv7e-m/fpu/crtn.o
                0x0800cab0                . = ALIGN (0x4)
                0x0800cab0                _etext = .

.vfp11_veneer   0x0800cab0        0x0
 .vfp11_veneer  0x0800cab0        0x0 linker stubs

.v4_bx          0x0800cab0        0x0
 .v4_bx         0x0800cab0        0x0 linker stubs

.iplt           0x0800cab0        0x0
 .iplt          0x0800cab0        0x0 c:/program files (x86)/atollic/truestudio for stm32 9.3.0/armtools/bin/../lib/gcc/arm-atollic-eabi/6.3.1/armv7e-m/fpu/crtbegin.o

.rodata         0x0800cab0      0x5c8
                0x0800cab0                . = ALIGN (0x4)
 *(.rodata)
 .rodata        0x0800cab0       0xc1 Src\main.o
 .rodata        0x0800cb71       0x43 Src\sample_service.o
 *(.rodata*)
 .rodata.CSWTCH.52
                0x0800cbb4        0x4 Drivers\STM32L4xx_HAL_Driver\stm32l4xx_hal_uart.o
 .rodata.CSWTCH.53
                0x0800cbb8        0xd Drivers\STM32L4xx_HAL_Driver\stm32l4xx_hal_uart.o
 .rodata.vTaskStartScheduler.str1.1
                0x0800cbc5        0x5 Middlewares\FreeRTOS\tasks.o
 .rodata.MX_BlueNRG_MS_Init.str1.1
                0x0800cbca       0xe2 Src\app_x-cube-ble1.o
 .rodata.GAP_ConnectionComplete_CB.str1.1
                0x0800ccac       0x21 Src\sample_service.o
 .rodata.GAP_DisconnectionComplete_CB.str1.1
                0x0800cccd        0xd Src\sample_service.o
 .rodata.Make_Connection.str1.1
                0x0800ccda       0x3a Src\sample_service.o
 .rodata.user_notify.str1.1
                0x0800cd14       0x2a Src\sample_service.o
 .rodata.AHBPrescTable
                0x0800cd3e       0x10 Src\system_stm32l4xx.o
                0x0800cd3e                AHBPrescTable
 .rodata.APBPrescTable
                0x0800cd4e        0x8 Src\system_stm32l4xx.o
                0x0800cd4e                APBPrescTable
 *fill*         0x0800cd56        0x2 
 .rodata.MSIRangeTable
                0x0800cd58       0x30 Src\system_stm32l4xx.o
                0x0800cd58                MSIRangeTable
 .rodata.__sf_fake_stderr
                0x0800cd88       0x20 c:/program files (x86)/atollic/truestudio for stm32 9.3.0/armtools/bin/../lib/gcc/arm-atollic-eabi/6.3.1/../../../../arm-atollic-eabi/lib/armv7e-m/fpu\libc.a(lib_a-findfp.o)
                0x0800cd88                __sf_fake_stderr
 .rodata.__sf_fake_stdin
                0x0800cda8       0x20 c:/program files (x86)/atollic/truestudio for stm32 9.3.0/armtools/bin/../lib/gcc/arm-atollic-eabi/6.3.1/../../../../arm-atollic-eabi/lib/armv7e-m/fpu\libc.a(lib_a-findfp.o)
                0x0800cda8                __sf_fake_stdin
 .rodata.__sf_fake_stdout
                0x0800cdc8       0x20 c:/program files (x86)/atollic/truestudio for stm32 9.3.0/armtools/bin/../lib/gcc/arm-atollic-eabi/6.3.1/../../../../arm-atollic-eabi/lib/armv7e-m/fpu\libc.a(lib_a-findfp.o)
                0x0800cdc8                __sf_fake_stdout
 .rodata._global_impure_ptr
                0x0800cde8        0x4 c:/program files (x86)/atollic/truestudio for stm32 9.3.0/armtools/bin/../lib/gcc/arm-atollic-eabi/6.3.1/../../../../arm-atollic-eabi/lib/armv7e-m/fpu\libc.a(lib_a-impure.o)
                0x0800cde8                _global_impure_ptr
 .rodata._puts_r.str1.1
                0x0800cdec       0x2a c:/program files (x86)/atollic/truestudio for stm32 9.3.0/armtools/bin/../lib/gcc/arm-atollic-eabi/6.3.1/../../../../arm-atollic-eabi/lib/armv7e-m/fpu\libc.a(lib_a-puts.o)
                                  0x2 (size before relaxing)
 .rodata._svfprintf_r.str1.1
                0x0800cdec       0x34 c:/program files (x86)/atollic/truestudio for stm32 9.3.0/armtools/bin/../lib/gcc/arm-atollic-eabi/6.3.1/../../../../arm-atollic-eabi/lib/armv7e-m/fpu\libc.a(lib_a-svfprintf.o)
 .rodata.blanks.8359
                0x0800ce20       0x10 c:/program files (x86)/atollic/truestudio for stm32 9.3.0/armtools/bin/../lib/gcc/arm-atollic-eabi/6.3.1/../../../../arm-atollic-eabi/lib/armv7e-m/fpu\libc.a(lib_a-svfprintf.o)
 .rodata.zeroes.8360
                0x0800ce30       0x10 c:/program files (x86)/atollic/truestudio for stm32 9.3.0/armtools/bin/../lib/gcc/arm-atollic-eabi/6.3.1/../../../../arm-atollic-eabi/lib/armv7e-m/fpu\libc.a(lib_a-svfprintf.o)
 .rodata._vfprintf_r.str1.1
                0x0800ce40       0x34 c:/program files (x86)/atollic/truestudio for stm32 9.3.0/armtools/bin/../lib/gcc/arm-atollic-eabi/6.3.1/../../../../arm-atollic-eabi/lib/armv7e-m/fpu\libc.a(lib_a-vfprintf.o)
 .rodata.blanks.8374
                0x0800ce40       0x10 c:/program files (x86)/atollic/truestudio for stm32 9.3.0/armtools/bin/../lib/gcc/arm-atollic-eabi/6.3.1/../../../../arm-atollic-eabi/lib/armv7e-m/fpu\libc.a(lib_a-vfprintf.o)
 .rodata.zeroes.8375
                0x0800ce50       0x10 c:/program files (x86)/atollic/truestudio for stm32 9.3.0/armtools/bin/../lib/gcc/arm-atollic-eabi/6.3.1/../../../../arm-atollic-eabi/lib/armv7e-m/fpu\libc.a(lib_a-vfprintf.o)
 .rodata._dtoa_r.str1.1
                0x0800ce60        0xd c:/program files (x86)/atollic/truestudio for stm32 9.3.0/armtools/bin/../lib/gcc/arm-atollic-eabi/6.3.1/../../../../arm-atollic-eabi/lib/armv7e-m/fpu\libc.a(lib_a-dtoa.o)
                                  0xf (size before relaxing)
 *fill*         0x0800ce6d        0x3 
 .rodata.__mprec_bigtens
                0x0800ce70       0x28 c:/program files (x86)/atollic/truestudio for stm32 9.3.0/armtools/bin/../lib/gcc/arm-atollic-eabi/6.3.1/../../../../arm-atollic-eabi/lib/armv7e-m/fpu\libc.a(lib_a-mprec.o)
                0x0800ce70                __mprec_bigtens
 .rodata.__mprec_tens
                0x0800ce98       0xc8 c:/program files (x86)/atollic/truestudio for stm32 9.3.0/armtools/bin/../lib/gcc/arm-atollic-eabi/6.3.1/../../../../arm-atollic-eabi/lib/armv7e-m/fpu\libc.a(lib_a-mprec.o)
                0x0800ce98                __mprec_tens
 .rodata.p05.7196
                0x0800cf60        0xc c:/program files (x86)/atollic/truestudio for stm32 9.3.0/armtools/bin/../lib/gcc/arm-atollic-eabi/6.3.1/../../../../arm-atollic-eabi/lib/armv7e-m/fpu\libc.a(lib_a-mprec.o)
 .rodata._setlocale_r.str1.1
                0x0800cf6c        0x8 c:/program files (x86)/atollic/truestudio for stm32 9.3.0/armtools/bin/../lib/gcc/arm-atollic-eabi/6.3.1/../../../../arm-atollic-eabi/lib/armv7e-m/fpu\libc.a(lib_a-locale.o)
                                  0x9 (size before relaxing)
 .rodata.str1.1
                0x0800cf74        0x8 c:/program files (x86)/atollic/truestudio for stm32 9.3.0/armtools/bin/../lib/gcc/arm-atollic-eabi/6.3.1/../../../../arm-atollic-eabi/lib/armv7e-m/fpu\libc.a(lib_a-locale.o)
                                  0x2 (size before relaxing)
 .rodata._ctype_
                0x0800cf74      0x101 c:/program files (x86)/atollic/truestudio for stm32 9.3.0/armtools/bin/../lib/gcc/arm-atollic-eabi/6.3.1/../../../../arm-atollic-eabi/lib/armv7e-m/fpu\libc.a(lib_a-ctype_.o)
                0x0800cf74                _ctype_
                0x0800d078                . = ALIGN (0x4)
 *fill*         0x0800d075        0x3 

.ARM.extab      0x0800d078      0x12c
 *(.ARM.extab* .gnu.linkonce.armextab.*)
 .ARM.extab.text._ZN13DeviceManager13getTimerIndexEP17TIM_HandleTypeDef
                0x0800d078        0xc Src\device_manager.o
 .ARM.extab.text.main
                0x0800d084        0xc Src\main.o
 .ARM.extab.text.SystemClock_Config
                0x0800d090        0xc Src\main.o
 .ARM.extab.text.MX_GPIO_Init
                0x0800d09c        0xc Src\main.o
 .ARM.extab.text.MX_TIM7_Init
                0x0800d0a8        0xc Src\main.o
 .ARM.extab.text.MX_TIM6_Init
                0x0800d0b4        0xc Src\main.o
 .ARM.extab.text.MX_TIM4_Init
                0x0800d0c0        0xc Src\main.o
 .ARM.extab.text.StartDefaultTask
                0x0800d0cc        0xc Src\main.o
 .ARM.extab.text.ReadoutTask
                0x0800d0d8        0xc Src\main.o
 .ARM.extab.text._ZN13OneWireDriver17firstStateHandlerEv
                0x0800d0e4        0xc Src\main.o
 .ARM.extab.text._ZN13OneWireDriver18secondStateHandlerEv
                0x0800d0f0        0xc Src\main.o
 .ARM.extab.text._ZN13OneWireDriver17thirdStateHandlerEv
                0x0800d0fc        0xc Src\main.o
 .ARM.extab.text.delayMicroseconds
                0x0800d108        0xc Src\main.o
 .ARM.extab.text.HAL_TIM_PeriodElapsedCallback
                0x0800d114        0xc Src\main.o
 .ARM.extab.text._ZN13OneWireDriverC2EP7PinData
                0x0800d120        0xc Src\one_wire_driver.o
 .ARM.extab.text._ZN13OneWireDriver18driverStartReadoutEv
                0x0800d12c        0xc Src\one_wire_driver.o
 .ARM.extab.text._ZN13OneWireDriver12executeStateEv
                0x0800d138        0xc Src\one_wire_driver.o
 .ARM.extab.text._ZN13OneWireDriver13changePinModeE11oneWireMode
                0x0800d144        0xc Src\one_wire_driver.o
 .ARM.extab.text._ZN13OneWireDriver8writePinEb
                0x0800d150        0xc Src\one_wire_driver.o
 .ARM.extab.text._ZN13OneWireDriver7readPinEv
                0x0800d15c        0xc Src\one_wire_driver.o
 .ARM.extab.text._ZN6SensorC2EP7PinData
                0x0800d168        0xc Src\sensor.o
 .ARM.extab.text._ZN6Sensor15startNewReadoutEv
                0x0800d174        0xc Src\sensor.o
 .ARM.extab.text._ZN5Timer25wakeMeUpAfterMicrosecondsEt
                0x0800d180        0xc Src\timer.o
 .ARM.extab     0x0800d18c       0x18 c:/program files (x86)/atollic/truestudio for stm32 9.3.0/armtools/bin/../lib/gcc/arm-atollic-eabi/6.3.1/armv7e-m/fpu\libgcc.a(pr-support.o)

.ARM            0x0800d1a4      0x1a8
                0x0800d1a4                __exidx_start = .
 *(.ARM.exidx*)
 .ARM.exidx.text._ZN13DeviceManagerC2Ev
                0x0800d25c        0x0 Src\device_manager.o
                                  0x8 (size before relaxing)
 .ARM.exidx.text._ZN13DeviceManager14checkIfPinFreeEP7PinData
                0x0800d25c        0x0 Src\device_manager.o
                                  0x8 (size before relaxing)
 .ARM.exidx.text._ZN13DeviceManager10getFreePinEv
                0x0800d25c        0x0 Src\device_manager.o
                                  0x8 (size before relaxing)
 .ARM.exidx.text._ZN13DeviceManager17getNewTimerHandleEv
                0x0800d25c        0x0 Src\device_manager.o
                                  0x8 (size before relaxing)
 .ARM.exidx.text._ZN13DeviceManager13getTimerIndexEP17TIM_HandleTypeDef
                0x0800d25c        0x8 Src\device_manager.o
 .ARM.exidx.text._Z41__static_initialization_and_destruction_0ii
                0x0800d264        0x8 Src\device_manager.o
 .ARM.exidx.text._GLOBAL__sub_I_htim7
                0x0800d26c        0x0 Src\device_manager.o
                                  0x8 (size before relaxing)
 .ARM.exidx.text.main
                0x0800d26c        0x8 Src\main.o
 .ARM.exidx.text.SystemClock_Config
                0x0800d274        0x8 Src\main.o
 .ARM.exidx.text.MX_USART3_UART_Init
                0x0800d27c        0x8 Src\main.o
 .ARM.exidx.text.MX_GPIO_Init
                0x0800d284        0x8 Src\main.o
 .ARM.exidx.text.MX_TIM7_Init
                0x0800d28c        0x8 Src\main.o
 .ARM.exidx.text.MX_TIM6_Init
                0x0800d294        0x8 Src\main.o
 .ARM.exidx.text.MX_TIM4_Init
                0x0800d29c        0x8 Src\main.o
 .ARM.exidx.text.StartDefaultTask
                0x0800d2a4        0x8 Src\main.o
 .ARM.exidx.text.ReadoutTask
                0x0800d2ac        0x8 Src\main.o
 .ARM.exidx.text._ZN13OneWireDriver17firstStateHandlerEv
                0x0800d2b4        0x8 Src\main.o
 .ARM.exidx.text._ZN13OneWireDriver18secondStateHandlerEv
                0x0800d2bc        0x8 Src\main.o
 .ARM.exidx.text._ZN13OneWireDriver17thirdStateHandlerEv
                0x0800d2c4        0x8 Src\main.o
 .ARM.exidx.text.delayMicroseconds
                0x0800d2cc        0x8 Src\main.o
 .ARM.exidx.text.HAL_TIM_PeriodElapsedCallback
                0x0800d2d4        0x8 Src\main.o
 .ARM.exidx.text.Error_Handler
                0x0800d2dc        0x8 Src\main.o
 .ARM.exidx.text._Z41__static_initialization_and_destruction_0ii
                0x0800d2e4        0x8 Src\main.o
 .ARM.exidx.text._GLOBAL__sub_I_huart3
                0x0800d2ec        0x0 Src\main.o
                                  0x8 (size before relaxing)
 .ARM.exidx.text._ZN13OneWireDriverC2EP7PinData
                0x0800d2ec        0x8 Src\one_wire_driver.o
 .ARM.exidx.text._ZN13OneWireDriver18driverStartReadoutEv
                0x0800d2f4        0x8 Src\one_wire_driver.o
 .ARM.exidx.text._ZN13OneWireDriver12executeStateEv
                0x0800d2fc        0x8 Src\one_wire_driver.o
 .ARM.exidx.text._ZN13OneWireDriver13changePinModeE11oneWireMode
                0x0800d304        0x8 Src\one_wire_driver.o
 .ARM.exidx.text._ZN13OneWireDriver8writePinEb
                0x0800d30c        0x8 Src\one_wire_driver.o
 .ARM.exidx.text._ZN13OneWireDriver7readPinEv
                0x0800d314       0x10 Src\one_wire_driver.o
                                  0x8 (size before relaxing)
 .ARM.exidx.text._ZN6SensorC2EP7PinData
                0x0800d324        0x8 Src\sensor.o
 .ARM.exidx.text._ZN6Sensor15startNewReadoutEv
                0x0800d32c       0x10 Src\sensor.o
                                  0x8 (size before relaxing)
 .ARM.exidx.text._ZN5TimerC2EP17TIM_HandleTypeDef
                0x0800d33c        0x0 Src\timer.o
                                  0x8 (size before relaxing)
 .ARM.exidx.text._ZN5Timer9getHandleEv
                0x0800d33c        0x0 Src\timer.o
                                  0x8 (size before relaxing)
 .ARM.exidx.text._ZN5Timer9setDriverEP13OneWireDriver
                0x0800d33c        0x0 Src\timer.o