Archive member included to satisfy reference by file (symbol)

c:/program files (x86)/atollic/truestudio for stm32 9.3.0/armtools/bin/../lib/gcc/arm-atollic-eabi/6.3.1/../../../../arm-atollic-eabi/lib/armv7e-m/fpu\libc_nano.a(lib_a-errno.o)
                              Src\syscalls.o (__errno)
c:/program files (x86)/atollic/truestudio for stm32 9.3.0/armtools/bin/../lib/gcc/arm-atollic-eabi/6.3.1/../../../../arm-atollic-eabi/lib/armv7e-m/fpu\libc_nano.a(lib_a-fflush.o)
                              Src\sample_service.o (fflush)
c:/program files (x86)/atollic/truestudio for stm32 9.3.0/armtools/bin/../lib/gcc/arm-atollic-eabi/6.3.1/../../../../arm-atollic-eabi/lib/armv7e-m/fpu\libc_nano.a(lib_a-findfp.o)
                              c:/program files (x86)/atollic/truestudio for stm32 9.3.0/armtools/bin/../lib/gcc/arm-atollic-eabi/6.3.1/../../../../arm-atollic-eabi/lib/armv7e-m/fpu\libc_nano.a(lib_a-fflush.o) (__sinit)
c:/program files (x86)/atollic/truestudio for stm32 9.3.0/armtools/bin/../lib/gcc/arm-atollic-eabi/6.3.1/../../../../arm-atollic-eabi/lib/armv7e-m/fpu\libc_nano.a(lib_a-fwalk.o)
                              c:/program files (x86)/atollic/truestudio for stm32 9.3.0/armtools/bin/../lib/gcc/arm-atollic-eabi/6.3.1/../../../../arm-atollic-eabi/lib/armv7e-m/fpu\libc_nano.a(lib_a-findfp.o) (_fwalk)
c:/program files (x86)/atollic/truestudio for stm32 9.3.0/armtools/bin/../lib/gcc/arm-atollic-eabi/6.3.1/../../../../arm-atollic-eabi/lib/armv7e-m/fpu\libc_nano.a(lib_a-impure.o)
                              c:/program files (x86)/atollic/truestudio for stm32 9.3.0/armtools/bin/../lib/gcc/arm-atollic-eabi/6.3.1/../../../../arm-atollic-eabi/lib/armv7e-m/fpu\libc_nano.a(lib_a-fflush.o) (_global_impure_ptr)
c:/program files (x86)/atollic/truestudio for stm32 9.3.0/armtools/bin/../lib/gcc/arm-atollic-eabi/6.3.1/../../../../arm-atollic-eabi/lib/armv7e-m/fpu\libc_nano.a(lib_a-init.o)
                              startup\startup_stm32l476xx.o (__libc_init_array)
c:/program files (x86)/atollic/truestudio for stm32 9.3.0/armtools/bin/../lib/gcc/arm-atollic-eabi/6.3.1/../../../../arm-atollic-eabi/lib/armv7e-m/fpu\libc_nano.a(lib_a-memcpy-stub.o)
                              Middlewares\BlueNRG-MS\Wireless\Controller\bluenrg_gap_aci.o (memcpy)
c:/program files (x86)/atollic/truestudio for stm32 9.3.0/armtools/bin/../lib/gcc/arm-atollic-eabi/6.3.1/../../../../arm-atollic-eabi/lib/armv7e-m/fpu\libc_nano.a(lib_a-memset.o)
                              Middlewares\BlueNRG-MS\Wireless\Controller\bluenrg_gap_aci.o (memset)
c:/program files (x86)/atollic/truestudio for stm32 9.3.0/armtools/bin/../lib/gcc/arm-atollic-eabi/6.3.1/../../../../arm-atollic-eabi/lib/armv7e-m/fpu\libc_nano.a(lib_a-nano-freer.o)
                              c:/program files (x86)/atollic/truestudio for stm32 9.3.0/armtools/bin/../lib/gcc/arm-atollic-eabi/6.3.1/../../../../arm-atollic-eabi/lib/armv7e-m/fpu\libc_nano.a(lib_a-fflush.o) (_free_r)
c:/program files (x86)/atollic/truestudio for stm32 9.3.0/armtools/bin/../lib/gcc/arm-atollic-eabi/6.3.1/../../../../arm-atollic-eabi/lib/armv7e-m/fpu\libc_nano.a(lib_a-nano-mallocr.o)
                              c:/program files (x86)/atollic/truestudio for stm32 9.3.0/armtools/bin/../lib/gcc/arm-atollic-eabi/6.3.1/../../../../arm-atollic-eabi/lib/armv7e-m/fpu\libc_nano.a(lib_a-findfp.o) (_malloc_r)
c:/program files (x86)/atollic/truestudio for stm32 9.3.0/armtools/bin/../lib/gcc/arm-atollic-eabi/6.3.1/../../../../arm-atollic-eabi/lib/armv7e-m/fpu\libc_nano.a(lib_a-printf.o)
                              Src\app_x-cube-ble1.o (printf)
c:/program files (x86)/atollic/truestudio for stm32 9.3.0/armtools/bin/../lib/gcc/arm-atollic-eabi/6.3.1/../../../../arm-atollic-eabi/lib/armv7e-m/fpu\libc_nano.a(lib_a-putchar.o)
                              Src\sample_service.o (putchar)
c:/program files (x86)/atollic/truestudio for stm32 9.3.0/armtools/bin/../lib/gcc/arm-atollic-eabi/6.3.1/../../../../arm-atollic-eabi/lib/armv7e-m/fpu\libc_nano.a(lib_a-puts.o)
                              Src\app_x-cube-ble1.o (puts)
c:/program files (x86)/atollic/truestudio for stm32 9.3.0/armtools/bin/../lib/gcc/arm-atollic-eabi/6.3.1/../../../../arm-atollic-eabi/lib/armv7e-m/fpu\libc_nano.a(lib_a-sbrkr.o)
                              c:/program files (x86)/atollic/truestudio for stm32 9.3.0/armtools/bin/../lib/gcc/arm-atollic-eabi/6.3.1/../../../../arm-atollic-eabi/lib/armv7e-m/fpu\libc_nano.a(lib_a-nano-mallocr.o) (_sbrk_r)
c:/program files (x86)/atollic/truestudio for stm32 9.3.0/armtools/bin/../lib/gcc/arm-atollic-eabi/6.3.1/../../../../arm-atollic-eabi/lib/armv7e-m/fpu\libc_nano.a(lib_a-sprintf.o)
                              Src\main.o (sprintf)
c:/program files (x86)/atollic/truestudio for stm32 9.3.0/armtools/bin/../lib/gcc/arm-atollic-eabi/6.3.1/../../../../arm-atollic-eabi/lib/armv7e-m/fpu\libc_nano.a(lib_a-stdio.o)
[...]
Memory Configuration

Name             Origin             Length             Attributes
RAM              0x20000000         0x00018000         xrw
RAM2             0x10000000         0x00008000         xrw
FLASH            0x08000000         0x00100000         xr
*default*        0x00000000         0xffffffff

Linker script and memory map

LOAD c:/program files (x86)/atollic/truestudio for stm32 9.3.0/armtools/bin/../lib/gcc/arm-atollic-eabi/6.3.1/armv7e-m/fpu/crti.o
LOAD c:/program files (x86)/atollic/truestudio for stm32 9.3.0/armtools/bin/../lib/gcc/arm-atollic-eabi/6.3.1/armv7e-m/fpu/crtbegin.o
LOAD Drivers\STM32L4xx_HAL_Driver\stm32l4xx_hal.o
LOAD Drivers\STM32L4xx_HAL_Driver\stm32l4xx_hal_cortex.o
LOAD Drivers\STM32L4xx_HAL_Driver\stm32l4xx_hal_dma.o
LOAD Drivers\STM32L4xx_HAL_Driver\stm32l4xx_hal_dma_ex.o
LOAD Drivers\STM32L4xx_HAL_Driver\stm32l4xx_hal_exti.o
LOAD Drivers\STM32L4xx_HAL_Driver\stm32l4xx_hal_flash.o
LOAD Drivers\STM32L4xx_HAL_Driver\stm32l4xx_hal_flash_ex.o
LOAD Drivers\STM32L4xx_HAL_Driver\stm32l4xx_hal_flash_ramfunc.o
LOAD Drivers\STM32L4xx_HAL_Driver\stm32l4xx_hal_gpio.o
LOAD Drivers\STM32L4xx_HAL_Driver\stm32l4xx_hal_i2c.o
LOAD Drivers\STM32L4xx_HAL_Driver\stm32l4xx_hal_i2c_ex.o
LOAD Drivers\STM32L4xx_HAL_Driver\stm32l4xx_hal_pwr.o
LOAD Drivers\STM32L4xx_HAL_Driver\stm32l4xx_hal_pwr_ex.o
LOAD Drivers\STM32L4xx_HAL_Driver\stm32l4xx_hal_rcc.o
LOAD Drivers\STM32L4xx_HAL_Driver\stm32l4xx_hal_rcc_ex.o
LOAD Drivers\STM32L4xx_HAL_Driver\stm32l4xx_hal_spi.o
LOAD Drivers\STM32L4xx_HAL_Driver\stm32l4xx_hal_spi_ex.o
LOAD Drivers\STM32L4xx_HAL_Driver\stm32l4xx_hal_tim.o
LOAD Drivers\STM32L4xx_HAL_Driver\stm32l4xx_hal_tim_ex.o
LOAD Drivers\STM32L4xx_HAL_Driver\stm32l4xx_hal_uart.o
LOAD Drivers\STM32L4xx_HAL_Driver\stm32l4xx_hal_uart_ex.o
LOAD Middlewares\BlueNRG-MS\Wireless\Controller\bluenrg_gap_aci.o
LOAD Middlewares\BlueNRG-MS\Wireless\Controller\bluenrg_gatt_aci.o
LOAD Middlewares\BlueNRG-MS\Wireless\Controller\bluenrg_hal_aci.o
LOAD Middlewares\BlueNRG-MS\Wireless\Controller\bluenrg_l2cap_aci.o
LOAD Middlewares\BlueNRG-MS\Wireless\Controller\bluenrg_updater_aci.o
LOAD Middlewares\BlueNRG-MS\Wireless\Controller\bluenrg_utils_small.o
LOAD Middlewares\BlueNRG-MS\Wireless\HCI_TL\Basic\hci_le.o
LOAD Middlewares\BlueNRG-MS\Wireless\HCI_TL\Basic\hci_tl.o
LOAD Middlewares\BlueNRG-MS\Wireless\Utils\ble_list.o
LOAD Middlewares\FreeRTOS\cmsis_os.o
LOAD Middlewares\FreeRTOS\croutine.o
LOAD Middlewares\FreeRTOS\event_groups.o
LOAD Middlewares\FreeRTOS\heap_4.o
LOAD Middlewares\FreeRTOS\list.o
LOAD Middlewares\FreeRTOS\port.o
LOAD Middlewares\FreeRTOS\queue.o
LOAD Middlewares\FreeRTOS\stream_buffer.o
LOAD Middlewares\FreeRTOS\tasks.o
LOAD Middlewares\FreeRTOS\timers.o
LOAD Src\app_x-cube-ble1.o
LOAD Src\freertos.o
LOAD Src\hci_tl_interface.o
LOAD Src\main.o
LOAD Src\sample_service.o
LOAD Src\stm32l4xx_hal_msp.o
LOAD Src\stm32l4xx_hal_timebase_tim.o
LOAD Src\stm32l4xx_it.o
LOAD Src\stm32l4xx_nucleo.o
LOAD Src\stm32l4xx_nucleo_bus.o
LOAD Src\syscalls.o
LOAD Src\system_stm32l4xx.o
LOAD startup\startup_stm32l476xx.o
                0x00001000                malloc_getpagesize_P = 0x1000
START GROUP
LOAD c:/program files (x86)/atollic/truestudio for stm32 9.3.0/armtools/bin/../lib/gcc/arm-atollic-eabi/6.3.1/../../../../arm-atollic-eabi/lib/armv7e-m/fpu\libstdc++_nano.a
LOAD c:/program files (x86)/atollic/truestudio for stm32 9.3.0/armtools/bin/../lib/gcc/arm-atollic-eabi/6.3.1/../../../../arm-atollic-eabi/lib/armv7e-m/fpu\libsupc++_nano.a
END GROUP
LOAD c:/program files (x86)/atollic/truestudio for stm32 9.3.0/armtools/bin/../lib/gcc/arm-atollic-eabi/6.3.1/../../../../arm-atollic-eabi/lib/armv7e-m/fpu\libstdc++_nano.a
LOAD c:/program files (x86)/atollic/truestudio for stm32 9.3.0/armtools/bin/../lib/gcc/arm-atollic-eabi/6.3.1/../../../../arm-atollic-eabi/lib/armv7e-m/fpu\libm.a
LOAD c:/program files (x86)/atollic/truestudio for stm32 9.3.0/armtools/bin/../lib/gcc/arm-atollic-eabi/6.3.1/../../../../arm-atollic-eabi/lib/armv7e-m/fpu\libc_nano.a
START GROUP
LOAD c:/program files (x86)/atollic/truestudio for stm32 9.3.0/armtools/bin/../lib/gcc/arm-atollic-eabi/6.3.1/armv7e-m/fpu\libgcc.a
LOAD c:/program files (x86)/atollic/truestudio for stm32 9.3.0/armtools/bin/../lib/gcc/arm-atollic-eabi/6.3.1/../../../../arm-atollic-eabi/lib/armv7e-m/fpu\libc_nano.a
END GROUP
START GROUP
LOAD c:/program files (x86)/atollic/truestudio for stm32 9.3.0/armtools/bin/../lib/gcc/arm-atollic-eabi/6.3.1/armv7e-m/fpu\libgcc.a
LOAD c:/program files (x86)/atollic/truestudio for stm32 9.3.0/armtools/bin/../lib/gcc/arm-atollic-eabi/6.3.1/../../../../arm-atollic-eabi/lib/armv7e-m/fpu\libc_nano.a
LOAD c:/program files (x86)/atollic/truestudio for stm32 9.3.0/armtools/bin/../lib/gcc/arm-atollic-eabi/6.3.1/../../../../arm-atollic-eabi/lib/armv7e-m/fpu\libnosys.a
END GROUP
START GROUP
LOAD c:/program files (x86)/atollic/truestudio for stm32 9.3.0/armtools/bin/../lib/gcc/arm-atollic-eabi/6.3.1/armv7e-m/fpu\libgcc.a
LOAD c:/program files (x86)/atollic/truestudio for stm32 9.3.0/armtools/bin/../lib/gcc/arm-atollic-eabi/6.3.1/../../../../arm-atollic-eabi/lib/armv7e-m/fpu\libc_nano.a
LOAD c:/program files (x86)/atollic/truestudio for stm32 9.3.0/armtools/bin/../lib/gcc/arm-atollic-eabi/6.3.1/../../../../arm-atollic-eabi/lib/armv7e-m/fpu\libnosys.a
END GROUP
LOAD c:/program files (x86)/atollic/truestudio for stm32 9.3.0/armtools/bin/../lib/gcc/arm-atollic-eabi/6.3.1/armv7e-m/fpu/crtend.o
LOAD c:/program files (x86)/atollic/truestudio for stm32 9.3.0/armtools/bin/../lib/gcc/arm-atollic-eabi/6.3.1/armv7e-m/fpu/crtn.o
                0x20018000                _estack = 0x20018000
                0x00000200                _Min_Heap_Size = 0x200
                0x00000400                _Min_Stack_Size = 0x400

.isr_vector     0x08000000      0x188
                0x08000000                . = ALIGN (0x4)
 *(.isr_vector)
 .isr_vector    0x08000000      0x188 startup\startup_stm32l476xx.o
                0x08000000                g_pfnVectors
                0x08000188                . = ALIGN (0x4)

.text           0x08000190     0x847c
                0x08000190                . = ALIGN (0x4)
 *(.text)
 .text          0x08000190       0x40 c:/program files (x86)/atollic/truestudio for stm32 9.3.0/armtools/bin/../lib/gcc/arm-atollic-eabi/6.3.1/armv7e-m/fpu/crtbegin.o
 .text          0x080001d0       0x10 c:/program files (x86)/atollic/truestudio for stm32 9.3.0/armtools/bin/../lib/gcc/arm-atollic-eabi/6.3.1/../../../../arm-atollic-eabi/lib/armv7e-m/fpu\libc_nano.a(lib_a-strlen.o)
                0x080001d0                strlen
 .text          0x080001e0       0xa0 c:/program files (x86)/atollic/truestudio for stm32 9.3.0/armtools/bin/../lib/gcc/arm-atollic-eabi/6.3.1/../../../../arm-atollic-eabi/lib/armv7e-m/fpu\libc_nano.a(lib_a-memchr.o)
                0x080001e0                memchr
 .text          0x08000280      0x370 c:/program files (x86)/atollic/truestudio for stm32 9.3.0/armtools/bin/../lib/gcc/arm-atollic-eabi/6.3.1/armv7e-m/fpu\libgcc.a(_arm_addsubdf3.o)
                0x08000280                __aeabi_drsub
                0x08000288                __aeabi_dsub
                0x08000288                __subdf3
                0x0800028c                __aeabi_dadd
                0x0800028c                __adddf3
                0x08000504                __floatunsidf
                0x08000504                __aeabi_ui2d
                0x08000524                __floatsidf
                0x08000524                __aeabi_i2d
                0x08000548                __aeabi_f2d
                0x08000548                __extendsfdf2
                0x08000584                __floatundidf
                0x08000584                __aeabi_ul2d
                0x08000594                __floatdidf
                0x08000594                __aeabi_l2d
 .text          0x080005f0      0x424 c:/program files (x86)/atollic/truestudio for stm32 9.3.0/armtools/bin/../lib/gcc/arm-atollic-eabi/6.3.1/armv7e-m/fpu\libgcc.a(_arm_muldivdf3.o)
                0x080005f0                __aeabi_dmul
                0x080005f0                __muldf3
                0x08000844                __divdf3
                0x08000844                __aeabi_ddiv
 .text          0x08000a14       0x40 c:/program files (x86)/atollic/truestudio for stm32 9.3.0/armtools/bin/../lib/gcc/arm-atollic-eabi/6.3.1/armv7e-m/fpu\libgcc.a(_arm_fixunsdfsi.o)
                0x08000a14                __aeabi_d2uiz
                0x08000a14                __fixunsdfsi
 .text          0x08000a54       0x30 c:/program files (x86)/atollic/truestudio for stm32 9.3.0/armtools/bin/../lib/gcc/arm-atollic-eabi/6.3.1/armv7e-m/fpu\libgcc.a(_aeabi_uldivmod.o)
                0x08000a54                __aeabi_uldivmod
 .text          0x08000a84      0x2dc c:/program files (x86)/atollic/truestudio for stm32 9.3.0/armtools/bin/../lib/gcc/arm-atollic-eabi/6.3.1/armv7e-m/fpu\libgcc.a(_udivmoddi4.o)
                0x08000a84                __udivmoddi4
 .text          0x08000d60      0x9cc c:/program files (x86)/atollic/truestudio for stm32 9.3.0/armtools/bin/../lib/gcc/arm-atollic-eabi/6.3.1/armv7e-m/fpu\libgcc.a(unwind-arm.o)
                0x08001020                _Unwind_GetCFA
                0x08001024                __gnu_Unwind_RaiseException
                0x08001084                __gnu_Unwind_ForcedUnwind
                0x08001098                __gnu_Unwind_Resume
                0x080010dc                __gnu_Unwind_Resume_or_Rethrow
                0x080010ec                _Unwind_Complete
                0x080010f0                _Unwind_DeleteException
                0x080010fc                _Unwind_VRS_Get
                0x08001148                _Unwind_VRS_Set
                0x08001198                __gnu_Unwind_Backtrace
                0x080014d8                __aeabi_unwind_cpp_pr0
                0x080014dc                __aeabi_unwind_cpp_pr1
                0x080014e0                __aeabi_unwind_cpp_pr2
                0x080014e4                _Unwind_VRS_Pop
 .text          0x0800172c      0x1ac c:/program files (x86)/atollic/truestudio for stm32 9.3.0/armtools/bin/../lib/gcc/arm-atollic-eabi/6.3.1/armv7e-m/fpu\libgcc.a(libunwind.o)
                0x0800172c                __restore_core_regs
                0x0800172c                restore_core_regs
                0x08001744                __gnu_Unwind_Restore_VFP
                0x0800174c                __gnu_Unwind_Save_VFP
                0x08001754                __gnu_Unwind_Restore_VFP_D
                0x0800175c                __gnu_Unwind_Save_VFP_D
                0x08001764                __gnu_Unwind_Restore_VFP_D_16_to_31
                0x0800176c                __gnu_Unwind_Save_VFP_D_16_to_31
                0x08001774                __gnu_Unwind_Restore_WMMXD
                0x080017b8                __gnu_Unwind_Save_WMMXD
                0x080017fc                __gnu_Unwind_Restore_WMMXC
                0x08001810                __gnu_Unwind_Save_WMMXC
                0x08001824                ___Unwind_RaiseException
                0x08001824                _Unwind_RaiseException
                0x08001848                _Unwind_Resume
                0x08001848                ___Unwind_Resume
                0x0800186c                _Unwind_Resume_or_Rethrow
                0x0800186c                ___Unwind_Resume_or_Rethrow
                0x08001890                _Unwind_ForcedUnwind
                0x08001890                ___Unwind_ForcedUnwind
                0x080018b4                ___Unwind_Backtrace
                0x080018b4                _Unwind_Backtrace
 .text          0x080018d8      0x380 c:/program files (x86)/atollic/truestudio for stm32 9.3.0/armtools/bin/../lib/gcc/arm-atollic-eabi/6.3.1/armv7e-m/fpu\libgcc.a(pr-support.o)
                0x08001930                __gnu_unwind_execute
                0x08001c00                __gnu_unwind_frame
                0x08001c28                _Unwind_GetRegionStart
                0x08001c34                _Unwind_GetLanguageSpecificData
                0x08001c48                _Unwind_GetTextRelBase
                0x08001c50                _Unwind_GetDataRelBase
 .text          0x08001c58        0x4 c:/program files (x86)/atollic/truestudio for stm32 9.3.0/armtools/bin/../lib/gcc/arm-atollic-eabi/6.3.1/armv7e-m/fpu\libgcc.a(_dvmd_tls.o)
                0x08001c58                __aeabi_idiv0
                0x08001c58                __aeabi_ldiv0
 *(.text*)
 .text.HAL_Init
                0x08001c5c       0x2c Drivers\STM32L4xx_HAL_Driver\stm32l4xx_hal.o
                0x08001c5c                HAL_Init
 .text.HAL_IncTick
                0x08001c88       0x18 Drivers\STM32L4xx_HAL_Driver\stm32l4xx_hal.o
                0x08001c88                HAL_IncTick
 .text.HAL_GetTick
                0x08001ca0        0xc Drivers\STM32L4xx_HAL_Driver\stm32l4xx_hal.o
                0x08001ca0                HAL_GetTick
 .text.HAL_Delay
                0x08001cac       0x28 Drivers\STM32L4xx_HAL_Driver\stm32l4xx_hal.o
                0x08001cac                HAL_Delay
 .text.HAL_NVIC_SetPriorityGrouping
                0x08001cd4       0x24 Drivers\STM32L4xx_HAL_Driver\stm32l4xx_hal_cortex.o
                0x08001cd4                HAL_NVIC_SetPriorityGrouping
 .text.HAL_NVIC_SetPriority
                0x08001cf8       0x68 Drivers\STM32L4xx_HAL_Driver\stm32l4xx_hal_cortex.o
                0x08001cf8                HAL_NVIC_SetPriority
 .text.HAL_NVIC_EnableIRQ
                0x08001d60       0x1c Drivers\STM32L4xx_HAL_Driver\stm32l4xx_hal_cortex.o
                0x08001d60                HAL_NVIC_EnableIRQ
 .text.HAL_EXTI_RegisterCallback
                0x08001d7c        0xc Drivers\STM32L4xx_HAL_Driver\stm32l4xx_hal_exti.o
                0x08001d7c                HAL_EXTI_RegisterCallback
 .text.HAL_EXTI_GetHandle
                0x08001d88        0xc Drivers\STM32L4xx_HAL_Driver\stm32l4xx_hal_exti.o
                0x08001d88                HAL_EXTI_GetHandle
 .text.HAL_EXTI_IRQHandler
                0x08001d94       0x30 Drivers\STM32L4xx_HAL_Driver\stm32l4xx_hal_exti.o
                0x08001d94                HAL_EXTI_IRQHandler
 .text.HAL_GPIO_Init
                0x08001dc4      0x1b8 Drivers\STM32L4xx_HAL_Driver\stm32l4xx_hal_gpio.o
                0x08001dc4                HAL_GPIO_Init
 .text.HAL_GPIO_DeInit
                0x08001f7c      0x114 Drivers\STM32L4xx_HAL_Driver\stm32l4xx_hal_gpio.o
                0x08001f7c                HAL_GPIO_DeInit
 .text.HAL_GPIO_ReadPin
                0x08002090        0xc Drivers\STM32L4xx_HAL_Driver\stm32l4xx_hal_gpio.o
                0x08002090                HAL_GPIO_ReadPin
 .text.HAL_GPIO_WritePin
                0x0800209c        0xa Drivers\STM32L4xx_HAL_Driver\stm32l4xx_hal_gpio.o
                0x0800209c                HAL_GPIO_WritePin
 .text.HAL_GPIO_TogglePin
                0x080020a6        0xc Drivers\STM32L4xx_HAL_Driver\stm32l4xx_hal_gpio.o
                0x080020a6                HAL_GPIO_TogglePin
 *fill*         0x080020b2        0x2 
 .text.HAL_PWREx_GetVoltageRange
                0x080020b4       0x10 Drivers\STM32L4xx_HAL_Driver\stm32l4xx_hal_pwr_ex.o
                0x080020b4                HAL_PWREx_GetVoltageRange
 .text.HAL_PWREx_ControlVoltageScaling
                0x080020c4       0x6c Drivers\STM32L4xx_HAL_Driver\stm32l4xx_hal_pwr_ex.o
                0x080020c4                HAL_PWREx_ControlVoltageScaling
 .text.RCC_SetFlashLatencyFromMSIRange
                0x08002130       0x84 Drivers\STM32L4xx_HAL_Driver\stm32l4xx_hal_rcc.o
 .text.HAL_RCC_GetSysClockFreq
                0x080021b4       0x9c Drivers\STM32L4xx_HAL_Driver\stm32l4xx_hal_rcc.o
                0x080021b4                HAL_RCC_GetSysClockFreq
 .text.HAL_RCC_OscConfig
                0x08002250      0x50c Drivers\STM32L4xx_HAL_Driver\stm32l4xx_hal_rcc.o
                0x08002250                HAL_RCC_OscConfig
 .text.HAL_RCC_ClockConfig
                0x0800275c      0x12c Drivers\STM32L4xx_HAL_Driver\stm32l4xx_hal_rcc.o
                0x0800275c                HAL_RCC_ClockConfig
 .text.HAL_RCC_GetHCLKFreq
                0x08002888        0xc Drivers\STM32L4xx_HAL_Driver\stm32l4xx_hal_rcc.o
                0x08002888                HAL_RCC_GetHCLKFreq
 .text.HAL_RCC_GetPCLK1Freq
                0x08002894       0x24 Drivers\STM32L4xx_HAL_Driver\stm32l4xx_hal_rcc.o
                0x08002894                HAL_RCC_GetPCLK1Freq
 .text.HAL_RCC_GetPCLK2Freq
                0x080028b8       0x24 Drivers\STM32L4xx_HAL_Driver\stm32l4xx_hal_rcc.o
                0x080028b8                HAL_RCC_GetPCLK2Freq
 .text.HAL_RCC_GetClockConfig
                0x080028dc       0x3c Drivers\STM32L4xx_HAL_Driver\stm32l4xx_hal_rcc.o
                0x080028dc                HAL_RCC_GetClockConfig
 .text.RCCEx_PLLSAI1_Config
                0x08002918      0x11c Drivers\STM32L4xx_HAL_Driver\stm32l4xx_hal_rcc_ex.o
 .text.RCCEx_PLLSAI2_Config
                0x08002a34       0xfc Drivers\STM32L4xx_HAL_Driver\stm32l4xx_hal_rcc_ex.o
 .text.HAL_RCCEx_PeriphCLKConfig
                0x08002b30      0x3d0 Drivers\STM32L4xx_HAL_Driver\stm32l4xx_hal_rcc_ex.o
                0x08002b30                HAL_RCCEx_PeriphCLKConfig
 .text.SPI_WaitFifoStateUntilTimeout.part.1
                0x08002f00       0x50 Drivers\STM32L4xx_HAL_Driver\stm32l4xx_hal_spi.o
 .text.SPI_WaitFlagStateUntilTimeout.constprop.10
                0x08002f50       0x2c Drivers\STM32L4xx_HAL_Driver\stm32l4xx_hal_spi.o
 .text.SPI_WaitFifoStateUntilTimeout.constprop.11
                0x08002f7c       0x34 Drivers\STM32L4xx_HAL_Driver\stm32l4xx_hal_spi.o
 .text.SPI_EndRxTxTransaction
                0x08002fb0       0x44 Drivers\STM32L4xx_HAL_Driver\stm32l4xx_hal_spi.o
 .text.HAL_SPI_MspInit
                0x08002ff4        0x2 Drivers\STM32L4xx_HAL_Driver\stm32l4xx_hal_spi.o
                0x08002ff4                HAL_SPI_MspInit
 .text.HAL_SPI_Init
                0x08002ff6       0xa2 Drivers\STM32L4xx_HAL_Driver\stm32l4xx_hal_spi.o
                0x08002ff6                HAL_SPI_Init
 .text.HAL_SPI_TransmitReceive
                0x08003098      0x248 Drivers\STM32L4xx_HAL_Driver\stm32l4xx_hal_spi.o
                0x08003098                HAL_SPI_TransmitReceive
 .text.HAL_SPI_GetState
                0x080032e0        0x6 Drivers\STM32L4xx_HAL_Driver\stm32l4xx_hal_spi.o
                0x080032e0                HAL_SPI_GetState
 .text.HAL_TIM_Base_MspInit
                0x080032e6        0x2 Drivers\STM32L4xx_HAL_Driver\stm32l4xx_hal_tim.o
                0x080032e6                HAL_TIM_Base_MspInit
 .text.HAL_TIM_Base_Start_IT
                0x080032e8       0x2c Drivers\STM32L4xx_HAL_Driver\stm32l4xx_hal_tim.o
                0x080032e8                HAL_TIM_Base_Start_IT
 .text.HAL_TIM_OC_DelayElapsedCallback
                0x08003314        0x2 Drivers\STM32L4xx_HAL_Driver\stm32l4xx_hal_tim.o
                0x08003314                HAL_TIM_OC_DelayElapsedCallback
 .text.HAL_TIM_IC_CaptureCallback
                0x08003316        0x2 Drivers\STM32L4xx_HAL_Driver\stm32l4xx_hal_tim.o
                0x08003316                HAL_TIM_IC_CaptureCallback
 .text.HAL_TIM_PWM_PulseFinishedCallback
                0x08003318        0x2 Drivers\STM32L4xx_HAL_Driver\stm32l4xx_hal_tim.o
                0x08003318                HAL_TIM_PWM_PulseFinishedCallback
 .text.HAL_TIM_TriggerCallback
                0x0800331a        0x2 Drivers\STM32L4xx_HAL_Driver\stm32l4xx_hal_tim.o
                0x0800331a                HAL_TIM_TriggerCallback
 .text.HAL_TIM_IRQHandler
                0x0800331c      0x160 Drivers\STM32L4xx_HAL_Driver\stm32l4xx_hal_tim.o
                0x0800331c                HAL_TIM_IRQHandler
 .text.TIM_Base_SetConfig
                0x0800347c       0xcc Drivers\STM32L4xx_HAL_Driver\stm32l4xx_hal_tim.o
                0x0800347c                TIM_Base_SetConfig
 .text.HAL_TIM_Base_Init
                0x08003548       0x34 Drivers\STM32L4xx_HAL_Driver\stm32l4xx_hal_tim.o
                0x08003548                HAL_TIM_Base_Init
 .text.HAL_TIMEx_CommutCallback
                0x0800357c        0x2 Drivers\STM32L4xx_HAL_Driver\stm32l4xx_hal_tim_ex.o
                0x0800357c                HAL_TIMEx_CommutCallback
 .text.HAL_TIMEx_BreakCallback
                0x0800357e        0x2 Drivers\STM32L4xx_HAL_Driver\stm32l4xx_hal_tim_ex.o
                0x0800357e                HAL_TIMEx_BreakCallback
 .text.HAL_TIMEx_Break2Callback
                0x08003580        0x2 Drivers\STM32L4xx_HAL_Driver\stm32l4xx_hal_tim_ex.o
                0x08003580                HAL_TIMEx_Break2Callback
 *fill*         0x08003582        0x2 
 .text.UART_SetConfig
                0x08003584      0x330 Drivers\STM32L4xx_HAL_Driver\stm32l4xx_hal_uart.o
                0x08003584                UART_SetConfig
 .text.UART_AdvFeatureConfig
                0x080038b4       0xa8 Drivers\STM32L4xx_HAL_Driver\stm32l4xx_hal_uart.o
                0x080038b4                UART_AdvFeatureConfig
 .text.UART_WaitOnFlagUntilTimeout
                0x0800395c       0x86 Drivers\STM32L4xx_HAL_Driver\stm32l4xx_hal_uart.o
                0x0800395c                UART_WaitOnFlagUntilTimeout
 .text.HAL_UART_Transmit
                0x080039e2       0xb0 Drivers\STM32L4xx_HAL_Driver\stm32l4xx_hal_uart.o
                0x080039e2                HAL_UART_Transmit
 .text.UART_CheckIdleState
                0x08003a92       0x60 Drivers\STM32L4xx_HAL_Driver\stm32l4xx_hal_uart.o
                0x08003a92                UART_CheckIdleState
 .text.HAL_UART_Init
                0x08003af2       0x5c Drivers\STM32L4xx_HAL_Driver\stm32l4xx_hal_uart.o
                0x08003af2                HAL_UART_Init
 .text.aci_gap_init_IDB05A1
                0x08003b4e       0x7c Middlewares\BlueNRG-MS\Wireless\Controller\bluenrg_gap_aci.o
                0x08003b4e                aci_gap_init_IDB05A1
 .text.aci_gap_init_IDB04A1
                0x08003bca       0x7a Middlewares\BlueNRG-MS\Wireless\Controller\bluenrg_gap_aci.o
                0x08003bca                aci_gap_init_IDB04A1
 .text.aci_gap_set_auth_requirement
                0x08003c44       0x80 Middlewares\BlueNRG-MS\Wireless\Controller\bluenrg_gap_aci.o
                0x08003c44                aci_gap_set_auth_requirement
 .text.aci_gatt_init
                0x08003cc4       0x3e Middlewares\BlueNRG-MS\Wireless\Controller\bluenrg_gatt_aci.o
                0x08003cc4                aci_gatt_init
 .text.aci_gatt_add_serv
                0x08003d02       0x86 Middlewares\BlueNRG-MS\Wireless\Controller\bluenrg_gatt_aci.o
                0x08003d02                aci_gatt_add_serv
 .text.aci_gatt_add_char
                0x08003d88       0xbc Middlewares\BlueNRG-MS\Wireless\Controller\bluenrg_gatt_aci.o
                0x08003d88                aci_gatt_add_char
 .text.aci_hal_write_config_data
                0x08003e44       0x64 Middlewares\BlueNRG-MS\Wireless\Controller\bluenrg_hal_aci.o
                0x08003e44                aci_hal_write_config_data
 .text.aci_hal_set_tx_power_level
                0x08003ea8       0x4c Middlewares\BlueNRG-MS\Wireless\Controller\bluenrg_hal_aci.o
                0x08003ea8                aci_hal_set_tx_power_level
 .text.getBlueNRGVersion
                0x08003ef4       0x42 Middlewares\BlueNRG-MS\Wireless\Controller\bluenrg_utils_small.o
                0x08003ef4                getBlueNRGVersion
 .text.hci_reset
                0x08003f36       0x3a Middlewares\BlueNRG-MS\Wireless\HCI_TL\Basic\hci_le.o
                0x08003f36                hci_reset
 .text.hci_le_read_local_version
                0x08003f70       0x80 Middlewares\BlueNRG-MS\Wireless\HCI_TL\Basic\hci_le.o
                0x08003f70                hci_le_read_local_version
 .text.move_list.constprop.0
                0x08003ff0       0x28 Middlewares\BlueNRG-MS\Wireless\HCI_TL\Basic\hci_tl.o
 .text.hci_init
                0x08004018       0x54 Middlewares\BlueNRG-MS\Wireless\HCI_TL\Basic\hci_tl.o
                0x08004018                hci_init
 .text.hci_register_io_bus
                0x0800406c       0x1c Middlewares\BlueNRG-MS\Wireless\HCI_TL\Basic\hci_tl.o
                0x0800406c                hci_register_io_bus
 .text.hci_send_req
                0x08004088      0x180 Middlewares\BlueNRG-MS\Wireless\HCI_TL\Basic\hci_tl.o
                0x08004088                hci_send_req
 .text.hci_notify_asynch_evt
                0x08004208       0x60 Middlewares\BlueNRG-MS\Wireless\HCI_TL\Basic\hci_tl.o
                0x08004208                hci_notify_asynch_evt
 .text.list_init_head
                0x08004268        0x6 Middlewares\BlueNRG-MS\Wireless\Utils\ble_list.o
                0x08004268                list_init_head
 .text.list_is_empty
                0x0800426e       0x14 Middlewares\BlueNRG-MS\Wireless\Utils\ble_list.o
                0x0800426e                list_is_empty
 .text.list_insert_head
                0x08004282       0x18 Middlewares\BlueNRG-MS\Wireless\Utils\ble_list.o
                0x08004282                list_insert_head
 .text.list_insert_tail
                0x0800429a       0x18 Middlewares\BlueNRG-MS\Wireless\Utils\ble_list.o
                0x0800429a                list_insert_tail
 .text.list_remove_node
                0x080042b2       0x16 Middlewares\BlueNRG-MS\Wireless\Utils\ble_list.o
                0x080042b2                list_remove_node
 .text.list_remove_head
                0x080042c8       0x24 Middlewares\BlueNRG-MS\Wireless\Utils\ble_list.o
                0x080042c8                list_remove_head
 .text.list_remove_tail
                0x080042ec       0x24 Middlewares\BlueNRG-MS\Wireless\Utils\ble_list.o
                0x080042ec                list_remove_tail
 .text.list_get_size
                0x08004310       0x1c Middlewares\BlueNRG-MS\Wireless\Utils\ble_list.o
                0x08004310                list_get_size
 .text.osKernelStart
                0x0800432c        0xa Middlewares\FreeRTOS\cmsis_os.o
                0x0800432c                osKernelStart
 .text.osThreadCreate
                0x08004336       0x50 Middlewares\FreeRTOS\cmsis_os.o
                0x08004336                osThreadCreate
 .text.osDelay  0x08004386       0x10 Middlewares\FreeRTOS\cmsis_os.o
                0x08004386                osDelay
 *fill*         0x08004396        0x2 
 .text.unlikely.prvInsertBlockIntoFreeList
                0x08004398       0x48 Middlewares\FreeRTOS\heap_4.o
 .text.pvPortMalloc
                0x080043e0      0x11c Middlewares\FreeRTOS\heap_4.o
                0x080043e0                pvPortMalloc
 .text.vPortFree
                0x080044fc       0x70 Middlewares\FreeRTOS\heap_4.o
                0x080044fc                vPortFree
 .text.vListInitialise
                0x0800456c       0x16 Middlewares\FreeRTOS\list.o
                0x0800456c                vListInitialise
 .text.vListInitialiseItem
                0x08004582        0x6 Middlewares\FreeRTOS\list.o
                0x08004582                vListInitialiseItem
 .text.vListInsertEnd
                0x08004588       0x18 Middlewares\FreeRTOS\list.o
                0x08004588                vListInsertEnd
 .text.vListInsert
                0x080045a0       0x2e Middlewares\FreeRTOS\list.o
                0x080045a0                vListInsert
 .text.uxListRemove
                0x080045ce       0x22 Middlewares\FreeRTOS\list.o
                0x080045ce                uxListRemove
 .text.prvTaskExitError
                0x080045f0       0x40 Middlewares\FreeRTOS\port.o
 .text.unlikely.prvPortStartFirstTask
                0x08004630       0x28 Middlewares\FreeRTOS\port.o
 .text.unlikely.vPortEnableVFP
                0x08004658       0x14 Middlewares\FreeRTOS\port.o
 .text.pxPortInitialiseStack
                0x0800466c       0x2c Middlewares\FreeRTOS\port.o
                0x0800466c                pxPortInitialiseStack
 *fill*         0x08004698        0x8 
 .text.SVC_Handler
                0x080046a0       0x24 Middlewares\FreeRTOS\port.o
                0x080046a0                SVC_Handler
 .text.vPortEnterCritical
                0x080046c4       0x44 Middlewares\FreeRTOS\port.o
                0x080046c4                vPortEnterCritical
 .text.vPortExitCritical
                0x08004708       0x28 Middlewares\FreeRTOS\port.o
                0x08004708                vPortExitCritical
 .text.PendSV_Handler
                0x08004730       0x64 Middlewares\FreeRTOS\port.o
                0x08004730                PendSV_Handler
 .text.SysTick_Handler
                0x08004794       0x2c Middlewares\FreeRTOS\port.o
                0x08004794                SysTick_Handler
 .text.vPortSetupTimerInterrupt
                0x080047c0       0x34 Middlewares\FreeRTOS\port.o
                0x080047c0                vPortSetupTimerInterrupt
 .text.xPortStartScheduler
                0x080047f4      0x10c Middlewares\FreeRTOS\port.o
                0x080047f4                xPortStartScheduler
 .text.prvIsQueueEmpty
                0x08004900       0x16 Middlewares\FreeRTOS\queue.o
 .text.unlikely.prvCopyDataToQueue
                0x08004916       0x66 Middlewares\FreeRTOS\queue.o
 .text.unlikely.prvCopyDataFromQueue
                0x0800497c       0x2a Middlewares\FreeRTOS\queue.o
 .text.prvUnlockQueue
                0x080049a6       0x70 Middlewares\FreeRTOS\queue.o
 *fill*         0x08004a16        0x2 
 .text.xQueueGenericReset
                0x08004a18       0x80 Middlewares\FreeRTOS\queue.o
                0x08004a18                xQueueGenericReset
 .text.xQueueGenericCreate
                0x08004a98       0x48 Middlewares\FreeRTOS\queue.o
                0x08004a98                xQueueGenericCreate
 .text.xQueueGenericSend
                0x08004ae0      0x16c Middlewares\FreeRTOS\queue.o
                0x08004ae0                xQueueGenericSend
 .text.prvInitialiseMutex
                0x08004c4c       0x14 Middlewares\FreeRTOS\queue.o
 .text.xQueueCreateMutex
                0x08004c60       0x16 Middlewares\FreeRTOS\queue.o
                0x08004c60                xQueueCreateMutex
 *fill*         0x08004c76        0x2 
 .text.xQueueReceive
                0x08004c78      0x148 Middlewares\FreeRTOS\queue.o
                0x08004c78                xQueueReceive
 .text.xQueueSemaphoreTake
                0x08004dc0      0x180 Middlewares\FreeRTOS\queue.o
                0x08004dc0                xQueueSemaphoreTake
 .text.prvAddNewTaskToReadyList
                0x08004f40       0xf8 Middlewares\FreeRTOS\tasks.o
 .text.prvResetNextTaskUnblockTime
                0x08005038       0x24 Middlewares\FreeRTOS\tasks.o
 .text.prvInitialiseNewTask.isra.2
                0x0800505c       0x8a Middlewares\FreeRTOS\tasks.o
 .text.prvDeleteTCB
                0x080050e6       0x36 Middlewares\FreeRTOS\tasks.o
 .text.prvIdleTask
                0x0800511c       0x64 Middlewares\FreeRTOS\tasks.o
 .text.prvAddCurrentTaskToDelayedList
                0x08005180       0x8c Middlewares\FreeRTOS\tasks.o
 .text.unlikely.xTaskCreateStatic.part.5
                0x0800520c       0x12 Middlewares\FreeRTOS\tasks.o
 .text.xTaskCreateStatic
                0x0800521e       0x62 Middlewares\FreeRTOS\tasks.o
                0x0800521e                xTaskCreateStatic
 .text.xTaskCreate
                0x08005280       0x5a Middlewares\FreeRTOS\tasks.o
                0x08005280                xTaskCreate
 *fill*         0x080052da        0x2 
 .text.vTaskStartScheduler
                0x080052dc       0x6c Middlewares\FreeRTOS\tasks.o
                0x080052dc                vTaskStartScheduler
 .text.vTaskSuspendAll
                0x08005348       0x10 Middlewares\FreeRTOS\tasks.o
                0x08005348                vTaskSuspendAll
 .text.xTaskIncrementTick
                0x08005358      0x124 Middlewares\FreeRTOS\tasks.o
                0x08005358                xTaskIncrementTick
 .text.xTaskResumeAll
                0x0800547c       0xf0 Middlewares\FreeRTOS\tasks.o
                0x0800547c                xTaskResumeAll
 .text.vTaskDelay
                0x0800556c       0x48 Middlewares\FreeRTOS\tasks.o
                0x0800556c                vTaskDelay
 .text.vTaskSwitchContext
                0x080055b4       0x74 Middlewares\FreeRTOS\tasks.o
                0x080055b4                vTaskSwitchContext
 .text.vTaskPlaceOnEventList
                0x08005628       0x34 Middlewares\FreeRTOS\tasks.o
                0x08005628                vTaskPlaceOnEventList
 .text.xTaskRemoveFromEventList
                0x0800565c       0x84 Middlewares\FreeRTOS\tasks.o
                0x0800565c                xTaskRemoveFromEventList
 .text.vTaskInternalSetTimeOutState
                0x080056e0       0x18 Middlewares\FreeRTOS\tasks.o
                0x080056e0                vTaskInternalSetTimeOutState
 .text.xTaskCheckForTimeOut
                0x080056f8       0x78 Middlewares\FreeRTOS\tasks.o
                0x080056f8                xTaskCheckForTimeOut
 .text.vTaskMissedYield
                0x08005770        0xc Middlewares\FreeRTOS\tasks.o
                0x08005770                vTaskMissedYield
 .text.xTaskGetSchedulerState
                0x0800577c       0x20 Middlewares\FreeRTOS\tasks.o
                0x0800577c                xTaskGetSchedulerState
 .text.xTaskPriorityInherit
                0x0800579c       0xa8 Middlewares\FreeRTOS\tasks.o
                0x0800579c                xTaskPriorityInherit
 .text.xTaskPriorityDisinherit
                0x08005844       0xa0 Middlewares\FreeRTOS\tasks.o
                0x08005844                xTaskPriorityDisinherit
 .text.vTaskPriorityDisinheritAfterTimeout
                0x080058e4       0xb4 Middlewares\FreeRTOS\tasks.o
                0x080058e4                vTaskPriorityDisinheritAfterTimeout
 .text.pvTaskIncrementMutexHeldCount
                0x08005998       0x18 Middlewares\FreeRTOS\tasks.o
                0x08005998                pvTaskIncrementMutexHeldCount
 .text.xTaskNotifyWait
                0x080059b0       0x8c Middlewares\FreeRTOS\tasks.o
                0x080059b0                xTaskNotifyWait
 .text.xTaskGenericNotify
                0x08005a3c       0xe8 Middlewares\FreeRTOS\tasks.o
                0x08005a3c                xTaskGenericNotify
 .text.MX_BlueNRG_MS_Init
                0x08005b24      0x180 Src\app_x-cube-ble1.o
                0x08005b24                MX_BlueNRG_MS_Init
 .text.BSP_PB_Callback
                0x08005ca4        0xc Src\app_x-cube-ble1.o
                0x08005ca4                BSP_PB_Callback
 .text.vApplicationGetIdleTaskMemory
                0x08005cb0       0x18 Src\freertos.o
                0x08005cb0                vApplicationGetIdleTaskMemory
 .text.HCI_TL_SPI_Init
                0x08005cc8       0x68 Src\hci_tl_interface.o
                0x08005cc8                HCI_TL_SPI_Init
 .text.HCI_TL_SPI_DeInit
                0x08005d30       0x26 Src\hci_tl_interface.o
                0x08005d30                HCI_TL_SPI_DeInit
 .text.HCI_TL_SPI_Reset
                0x08005d56       0x2e Src\hci_tl_interface.o
                0x08005d56                HCI_TL_SPI_Reset
 .text.HCI_TL_SPI_Receive
                0x08005d84       0x8e Src\hci_tl_interface.o
                0x08005d84                HCI_TL_SPI_Receive
 *fill*         0x08005e12        0x2 
 .text.HCI_TL_SPI_Send
                0x08005e14       0x94 Src\hci_tl_interface.o
                0x08005e14                HCI_TL_SPI_Send
 .text.hci_tl_lowlevel_isr
                0x08005ea8       0x1c Src\hci_tl_interface.o
                0x08005ea8                hci_tl_lowlevel_isr
 .text.hci_tl_lowlevel_init
                0x08005ec4       0x6c Src\hci_tl_interface.o
                0x08005ec4                hci_tl_lowlevel_init
 .text.main     0x08005f30       0xf8 Src\main.o
                0x08005f30                main
 .text.SystemClock_Config
                0x08006028      0x116 Src\main.o
                0x08006028                SystemClock_Config
 *fill*         0x0800613e        0x2 
 .text.MX_USART3_UART_Init
                0x08006140       0x68 Src\main.o
                0x08006140                MX_USART3_UART_Init
 .text.MX_GPIO_Init
                0x080061a8      0x110 Src\main.o
 .text.StartDefaultTask
                0x080062b8       0x24 Src\main.o
                0x080062b8                StartDefaultTask
 .text.ReadingTaskThread
                0x080062dc       0x84 Src\main.o
                0x080062dc                ReadingTaskThread
 .text.PresentationTaskThread
                0x08006360       0x70 Src\main.o
                0x08006360                PresentationTaskThread
 .text.CommunicationTaskThread
                0x080063d0       0x60 Src\main.o
                0x080063d0                CommunicationTaskThread
 .text._ZN13DeviceManagerC2Ev
                0x08006430       0x32 Src\main.o
                0x08006430                DeviceManager::DeviceManager()
                0x08006430                DeviceManager::DeviceManager()
 .text._ZN13DeviceManager22getNewCommunicationPinEv
                0x08006462       0x36 Src\main.o
                0x08006462                DeviceManager::getNewCommunicationPin()
 .text._ZN6SensorC2ER13DeviceManager
                0x08006498       0x6c Src\main.o
                0x08006498                Sensor::Sensor(DeviceManager&)
                0x08006498                Sensor::Sensor(DeviceManager&)
 .text._ZN6Sensor13changePinModeE11oneWireMode
                0x08006504       0x46 Src\main.o
                0x08006504                Sensor::changePinMode(oneWireMode)
 .text._ZN6Sensor8writePinEb
                0x0800654a       0x3c Src\main.o
                0x0800654a                Sensor::writePin(bool)
 .text._ZN6Sensor7readPinEv
                0x08006586       0x2e Src\main.o
                0x08006586                Sensor::readPin()
 .text._ZN6Sensor21performReadFromSensorEv
                0x080065b4      0x164 Src\main.o
                0x080065b4                Sensor::performReadFromSensor()
 .text.presentDataFromSensor
                0x08006718      0x11c Src\main.o
                0x08006718                presentDataFromSensor
 *fill*         0x08006834        0x4 
 .text.delayMicroseconds
                0x08006838       0xac Src\main.o
                0x08006838                delayMicroseconds
 .text.HAL_TIM_PeriodElapsedCallback
                0x080068e4       0x24 Src\main.o
                0x080068e4                HAL_TIM_PeriodElapsedCallback
 .text.Error_Handler
                0x08006908        0xe Src\main.o
                0x08006908                Error_Handler
 *fill*         0x08006916        0x2 
 .text._Z41__static_initialization_and_destruction_0ii
                0x08006918       0x44 Src\main.o
 .text._GLOBAL__sub_I_huart3
                0x0800695c       0x10 Src\main.o
 .text.Add_Sample_Service
                0x0800696c       0xd0 Src\sample_service.o
                0x0800696c                Add_Sample_Service
 .text.receiveData
                0x08006a3c       0x30 Src\sample_service.o
                0x08006a3c                receiveData
 .text.Attribute_Modified_CB
                0x08006a6c       0x34 Src\sample_service.o
                0x08006a6c                Attribute_Modified_CB
 .text.GAP_ConnectionComplete_CB
                0x08006aa0       0x48 Src\sample_service.o
                0x08006aa0                GAP_ConnectionComplete_CB
 .text.GAP_DisconnectionComplete_CB
                0x08006ae8       0x4c Src\sample_service.o
                0x08006ae8                GAP_DisconnectionComplete_CB
 .text.GATT_Notification_CB
                0x08006b34       0x18 Src\sample_service.o
                0x08006b34                GATT_Notification_CB
 .text.user_notify
                0x08006b4c      0x104 Src\sample_service.o
                0x08006b4c                user_notify
 .text.HAL_MspInit
                0x08006c50       0x40 Src\stm32l4xx_hal_msp.o
                0x08006c50                HAL_MspInit
 .text.HAL_UART_MspInit
                0x08006c90       0x64 Src\stm32l4xx_hal_msp.o
                0x08006c90                HAL_UART_MspInit
 .text.HAL_InitTick
                0x08006cf4       0x78 Src\stm32l4xx_hal_timebase_tim.o
                0x08006cf4                HAL_InitTick
 .text.NMI_Handler
                0x08006d6c        0x2 Src\stm32l4xx_it.o
                0x08006d6c                NMI_Handler
 .text.HardFault_Handler
                0x08006d6e        0x2 Src\stm32l4xx_it.o
                0x08006d6e                HardFault_Handler
 .text.MemManage_Handler
                0x08006d70        0x2 Src\stm32l4xx_it.o
                0x08006d70                MemManage_Handler
 .text.BusFault_Handler
                0x08006d72        0x2 Src\stm32l4xx_it.o
                0x08006d72                BusFault_Handler
 .text.UsageFault_Handler
                0x08006d74        0x2 Src\stm32l4xx_it.o
                0x08006d74                UsageFault_Handler
 .text.DebugMon_Handler
                0x08006d76        0x2 Src\stm32l4xx_it.o
                0x08006d76                DebugMon_Handler
 .text.EXTI0_IRQHandler
                0x08006d78        0xc Src\stm32l4xx_it.o
                0x08006d78                EXTI0_IRQHandler
 .text.TIM3_IRQHandler
                0x08006d84        0xc Src\stm32l4xx_it.o
                0x08006d84                TIM3_IRQHandler
 .text.EXTI15_10_IRQHandler
                0x08006d90        0xc Src\stm32l4xx_it.o
                0x08006d90                EXTI15_10_IRQHandler
 .text.BSP_LED_Init
                0x08006d9c       0x48 Src\stm32l4xx_nucleo.o
                0x08006d9c                BSP_LED_Init
 .text.BSP_LED_Toggle
                0x08006de4       0x10 Src\stm32l4xx_nucleo.o
                0x08006de4                BSP_LED_Toggle
 .text.BSP_PB_Init
                0x08006df4       0x98 Src\stm32l4xx_nucleo.o
                0x08006df4                BSP_PB_Init
 .text.BSP_PB_GetState
                0x08006e8c       0x18 Src\stm32l4xx_nucleo.o
                0x08006e8c                BSP_PB_GetState
 .text.BUTTON_USER_EXTI_Callback
                0x08006ea4        0xa Src\stm32l4xx_nucleo.o
 *fill*         0x08006eae        0x2 
 .text.MX_USART2_UART_Init
                0x08006eb0       0x30 Src\stm32l4xx_nucleo.o
                0x08006eb0                MX_USART2_UART_Init
 .text.BSP_COM_Init
                0x08006ee0       0x80 Src\stm32l4xx_nucleo.o
                0x08006ee0                BSP_COM_Init
 .text.__io_putchar
                0x08006f60       0x2c Src\stm32l4xx_nucleo.o
                0x08006f60                __io_putchar
 .text.BSP_SPI1_SendRecv
                0x08006f8c       0x28 Src\stm32l4xx_nucleo_bus.o
                0x08006f8c                BSP_SPI1_SendRecv
 .text.BSP_GetTick
                0x08006fb4        0x4 Src\stm32l4xx_nucleo_bus.o
                0x08006fb4                BSP_GetTick
 .text.MX_SPI1_Init
                0x08006fb8       0x44 Src\stm32l4xx_nucleo_bus.o
                0x08006fb8                MX_SPI1_Init
 .text.BSP_SPI1_Init
                0x08006ffc       0xbc Src\stm32l4xx_nucleo_bus.o
                0x08006ffc                BSP_SPI1_Init
 .text._getpid  0x080070b8        0x4 Src\syscalls.o
                0x080070b8                _getpid
 .text._kill    0x080070bc       0x10 Src\syscalls.o
                0x080070bc                _kill
 .text._exit    0x080070cc        0xc Src\syscalls.o
                0x080070cc                _exit
 .text._read    0x080070d8       0x1c Src\syscalls.o
                0x080070d8                _read
 .text._write   0x080070f4       0x1c Src\syscalls.o
                0x080070f4                _write
 .text._sbrk    0x08007110       0x34 Src\syscalls.o
                0x08007110                _sbrk
 .text._close   0x08007144        0x6 Src\syscalls.o
                0x08007144                _close
 .text._fstat   0x0800714a        0xa Src\syscalls.o
                0x0800714a                _fstat
 .text._isatty  0x08007154        0x4 Src\syscalls.o
                0x08007154                _isatty
 .text._lseek   0x08007158        0x4 Src\syscalls.o
                0x08007158                _lseek
 .text.SystemInit
                0x0800715c       0x48 Src\system_stm32l4xx.o
                0x0800715c                SystemInit
 .text.Reset_Handler
                0x080071a4       0x50 startup\startup_stm32l476xx.o
                0x080071a4                Reset_Handler
 .text.Default_Handler
                0x080071f4        0x2 startup\startup_stm32l476xx.o
                0x080071f4                RTC_Alarm_IRQHandler
                0x080071f4                EXTI2_IRQHandler
                0x080071f4                TIM8_TRG_COM_IRQHandler
                0x080071f4                TIM8_CC_IRQHandler
                0x080071f4                TIM1_CC_IRQHandler
                0x080071f4                TSC_IRQHandler
                0x080071f4                TAMP_STAMP_IRQHandler
                0x080071f4                EXTI3_IRQHandler
                0x080071f4                LPTIM2_IRQHandler
                0x080071f4                DFSDM1_FLT1_IRQHandler
                0x080071f4                I2C3_ER_IRQHandler
                0x080071f4                DFSDM1_FLT2_IRQHandler
                0x080071f4                I2C2_EV_IRQHandler
                0x080071f4                CAN1_RX0_IRQHandler
                0x080071f4                FPU_IRQHandler
                0x080071f4                TIM1_UP_TIM16_IRQHandler
                0x080071f4                ADC1_2_IRQHandler
                0x080071f4                SPI1_IRQHandler
                0x080071f4                TIM6_DAC_IRQHandler
                0x080071f4                TIM8_UP_IRQHandler
                0x080071f4                DMA2_Channel2_IRQHandler
                0x080071f4                DMA1_Channel4_IRQHandler
                0x080071f4                SAI2_IRQHandler
                0x080071f4                DFSDM1_FLT3_IRQHandler
                0x080071f4                USART3_IRQHandler
                0x080071f4                DMA1_Channel7_IRQHandler
                0x080071f4                CAN1_RX1_IRQHandler
                0x080071f4                LCD_IRQHandler
                0x080071f4                UART5_IRQHandler
                0x080071f4                ADC3_IRQHandler
                0x080071f4                TIM4_IRQHandler
                0x080071f4                DMA2_Channel1_IRQHandler
                0x080071f4                QUADSPI_IRQHandler
                0x080071f4                I2C1_EV_IRQHandler
                0x080071f4                DMA1_Channel6_IRQHandler
                0x080071f4                UART4_IRQHandler
                0x080071f4                DMA2_Channel4_IRQHandler
                0x080071f4                RCC_IRQHandler
                0x080071f4                DMA1_Channel1_IRQHandler
                0x080071f4                Default_Handler
                0x080071f4                DMA2_Channel7_IRQHandler
                0x080071f4                TIM7_IRQHandler
                0x080071f4                SDMMC1_IRQHandler
                0x080071f4                TIM5_IRQHandler
                0x080071f4                I2C3_EV_IRQHandler
                0x080071f4                EXTI9_5_IRQHandler
                0x080071f4                RTC_WKUP_IRQHandler
                0x080071f4                PVD_PVM_IRQHandler
                0x080071f4                SPI2_IRQHandler
                0x080071f4                CAN1_TX_IRQHandler
                0x080071f4                DMA2_Channel5_IRQHandler
                0x080071f4                DMA1_Channel5_IRQHandler
                0x080071f4                EXTI4_IRQHandler
                0x080071f4                RNG_IRQHandler
                0x080071f4                TIM1_TRG_COM_TIM17_IRQHandler
                0x080071f4                DMA1_Channel3_IRQHandler
                0x080071f4                COMP_IRQHandler
                0x080071f4                WWDG_IRQHandler
                0x080071f4                LPUART1_IRQHandler
                0x080071f4                DMA2_Channel6_IRQHandler
                0x080071f4                TIM2_IRQHandler
                0x080071f4                EXTI1_IRQHandler
                0x080071f4                USART2_IRQHandler
                0x080071f4                DFSDM1_FLT0_IRQHandler
                0x080071f4                I2C2_ER_IRQHandler
                0x080071f4                DMA1_Channel2_IRQHandler
                0x080071f4                TIM8_BRK_IRQHandler
                0x080071f4                CAN1_SCE_IRQHandler
                0x080071f4                FLASH_IRQHandler
                0x080071f4                USART1_IRQHandler
                0x080071f4                OTG_FS_IRQHandler
                0x080071f4                SPI3_IRQHandler
                0x080071f4                I2C1_ER_IRQHandler
                0x080071f4                FMC_IRQHandler
                0x080071f4                SWPMI1_IRQHandler
                0x080071f4                LPTIM1_IRQHandler
                0x080071f4                SAI1_IRQHandler
                0x080071f4                DMA2_Channel3_IRQHandler
                0x080071f4                TIM1_BRK_TIM15_IRQHandler
 *fill*         0x080071f6        0x2 
 .text.__errno  0x080071f8        0xc c:/program files (x86)/atollic/truestudio for stm32 9.3.0/armtools/bin/../lib/gcc/arm-atollic-eabi/6.3.1/../../../../arm-atollic-eabi/lib/armv7e-m/fpu\libc_nano.a(lib_a-errno.o)
                0x080071f8                __errno
 .text.__sflush_r
                0x08007204      0x110 c:/program files (x86)/atollic/truestudio for stm32 9.3.0/armtools/bin/../lib/gcc/arm-atollic-eabi/6.3.1/../../../../arm-atollic-eabi/lib/armv7e-m/fpu\libc_nano.a(lib_a-fflush.o)
                0x08007204                __sflush_r
 .text._fflush_r
                0x08007314       0x54 c:/program files (x86)/atollic/truestudio for stm32 9.3.0/armtools/bin/../lib/gcc/arm-atollic-eabi/6.3.1/../../../../arm-atollic-eabi/lib/armv7e-m/fpu\libc_nano.a(lib_a-fflush.o)
                0x08007314                _fflush_r
 .text.fflush   0x08007368       0x24 c:/program files (x86)/atollic/truestudio for stm32 9.3.0/armtools/bin/../lib/gcc/arm-atollic-eabi/6.3.1/../../../../arm-atollic-eabi/lib/armv7e-m/fpu\libc_nano.a(lib_a-fflush.o)
                0x08007368                fflush
 .text._cleanup_r
                0x0800738c        0xc c:/program files (x86)/atollic/truestudio for stm32 9.3.0/armtools/bin/../lib/gcc/arm-atollic-eabi/6.3.1/../../../../arm-atollic-eabi/lib/armv7e-m/fpu\libc_nano.a(lib_a-findfp.o)
                0x0800738c                _cleanup_r
 .text.std.isra.0
                0x08007398       0x48 c:/program files (x86)/atollic/truestudio for stm32 9.3.0/armtools/bin/../lib/gcc/arm-atollic-eabi/6.3.1/../../../../arm-atollic-eabi/lib/armv7e-m/fpu\libc_nano.a(lib_a-findfp.o)
 .text.__sfmoreglue
                0x080073e0       0x2c c:/program files (x86)/atollic/truestudio for stm32 9.3.0/armtools/bin/../lib/gcc/arm-atollic-eabi/6.3.1/../../../../arm-atollic-eabi/lib/armv7e-m/fpu\libc_nano.a(lib_a-findfp.o)
                0x080073e0                __sfmoreglue
 .text.__sinit  0x0800740c       0x60 c:/program files (x86)/atollic/truestudio for stm32 9.3.0/armtools/bin/../lib/gcc/arm-atollic-eabi/6.3.1/../../../../arm-atollic-eabi/lib/armv7e-m/fpu\libc_nano.a(lib_a-findfp.o)
                0x0800740c                __sinit
 .text.__sfp    0x0800746c       0x78 c:/program files (x86)/atollic/truestudio for stm32 9.3.0/armtools/bin/../lib/gcc/arm-atollic-eabi/6.3.1/../../../../arm-atollic-eabi/lib/armv7e-m/fpu\libc_nano.a(lib_a-findfp.o)
                0x0800746c                __sfp
 .text._fwalk_reent
                0x080074e4       0x3c c:/program files (x86)/atollic/truestudio for stm32 9.3.0/armtools/bin/../lib/gcc/arm-atollic-eabi/6.3.1/../../../../arm-atollic-eabi/lib/armv7e-m/fpu\libc_nano.a(lib_a-fwalk.o)
                0x080074e4                _fwalk_reent
 .text.__libc_init_array
                0x08007520       0x48 c:/program files (x86)/atollic/truestudio for stm32 9.3.0/armtools/bin/../lib/gcc/arm-atollic-eabi/6.3.1/../../../../arm-atollic-eabi/lib/armv7e-m/fpu\libc_nano.a(lib_a-init.o)
                0x08007520                __libc_init_array
 .text.memcpy   0x08007568       0x16 c:/program files (x86)/atollic/truestudio for stm32 9.3.0/armtools/bin/../lib/gcc/arm-atollic-eabi/6.3.1/../../../../arm-atollic-eabi/lib/armv7e-m/fpu\libc_nano.a(lib_a-memcpy-stub.o)
                0x08007568                memcpy
 .text.memset   0x0800757e       0x10 c:/program files (x86)/atollic/truestudio for stm32 9.3.0/armtools/bin/../lib/gcc/arm-atollic-eabi/6.3.1/../../../../arm-atollic-eabi/lib/armv7e-m/fpu\libc_nano.a(lib_a-memset.o)
                0x0800757e                memset
 *fill*         0x0800758e        0x2 
 .text._free_r  0x08007590       0x9c c:/program files (x86)/atollic/truestudio for stm32 9.3.0/armtools/bin/../lib/gcc/arm-atollic-eabi/6.3.1/../../../../arm-atollic-eabi/lib/armv7e-m/fpu\libc_nano.a(lib_a-nano-freer.o)
                0x08007590                _free_r
 .text._malloc_r
                0x0800762c       0xbc c:/program files (x86)/atollic/truestudio for stm32 9.3.0/armtools/bin/../lib/gcc/arm-atollic-eabi/6.3.1/../../../../arm-atollic-eabi/lib/armv7e-m/fpu\libc_nano.a(lib_a-nano-mallocr.o)
                0x0800762c                _malloc_r
 .text.printf   0x080076e8       0x30 c:/program files (x86)/atollic/truestudio for stm32 9.3.0/armtools/bin/../lib/gcc/arm-atollic-eabi/6.3.1/../../../../arm-atollic-eabi/lib/armv7e-m/fpu\libc_nano.a(lib_a-printf.o)
                0x080076e8                iprintf
                0x080076e8                printf
 .text.putchar  0x08007718       0x28 c:/program files (x86)/atollic/truestudio for stm32 9.3.0/armtools/bin/../lib/gcc/arm-atollic-eabi/6.3.1/../../../../arm-atollic-eabi/lib/armv7e-m/fpu\libc_nano.a(lib_a-putchar.o)
                0x08007718                putchar
 .text._puts_r  0x08007740       0xb8 c:/program files (x86)/atollic/truestudio for stm32 9.3.0/armtools/bin/../lib/gcc/arm-atollic-eabi/6.3.1/../../../../arm-atollic-eabi/lib/armv7e-m/fpu\libc_nano.a(lib_a-puts.o)
                0x08007740                _puts_r
 .text.puts     0x080077f8       0x10 c:/program files (x86)/atollic/truestudio for stm32 9.3.0/armtools/bin/../lib/gcc/arm-atollic-eabi/6.3.1/../../../../arm-atollic-eabi/lib/armv7e-m/fpu\libc_nano.a(lib_a-puts.o)
                0x080077f8                puts
 .text._sbrk_r  0x08007808       0x20 c:/program files (x86)/atollic/truestudio for stm32 9.3.0/armtools/bin/../lib/gcc/arm-atollic-eabi/6.3.1/../../../../arm-atollic-eabi/lib/armv7e-m/fpu\libc_nano.a(lib_a-sbrkr.o)
                0x08007808                _sbrk_r
 .text.sprintf  0x08007828       0x48 c:/program files (x86)/atollic/truestudio for stm32 9.3.0/armtools/bin/../lib/gcc/arm-atollic-eabi/6.3.1/../../../../arm-atollic-eabi/lib/armv7e-m/fpu\libc_nano.a(lib_a-sprintf.o)
                0x08007828                siprintf
                0x08007828                sprintf
 .text.__sread  0x08007870       0x22 c:/program files (x86)/atollic/truestudio for stm32 9.3.0/armtools/bin/../lib/gcc/arm-atollic-eabi/6.3.1/../../../../arm-atollic-eabi/lib/armv7e-m/fpu\libc_nano.a(lib_a-stdio.o)
                0x08007870                __sread
 .text.__swrite
                0x08007892       0x38 c:/program files (x86)/atollic/truestudio for stm32 9.3.0/armtools/bin/../lib/gcc/arm-atollic-eabi/6.3.1/../../../../arm-atollic-eabi/lib/armv7e-m/fpu\libc_nano.a(lib_a-stdio.o)
                0x08007892                __swrite
 .text.__sseek  0x080078ca       0x24 c:/program files (x86)/atollic/truestudio for stm32 9.3.0/armtools/bin/../lib/gcc/arm-atollic-eabi/6.3.1/../../../../arm-atollic-eabi/lib/armv7e-m/fpu\libc_nano.a(lib_a-stdio.o)
                0x080078ca                __sseek
 .text.__sclose
                0x080078ee        0x8 c:/program files (x86)/atollic/truestudio for stm32 9.3.0/armtools/bin/../lib/gcc/arm-atollic-eabi/6.3.1/../../../../arm-atollic-eabi/lib/armv7e-m/fpu\libc_nano.a(lib_a-stdio.o)
                0x080078ee                __sclose
 *fill*         0x080078f6        0x2 
 .text.__swbuf_r
                0x080078f8       0xa4 c:/program files (x86)/atollic/truestudio for stm32 9.3.0/armtools/bin/../lib/gcc/arm-atollic-eabi/6.3.1/../../../../arm-atollic-eabi/lib/armv7e-m/fpu\libc_nano.a(lib_a-wbuf.o)
                0x080078f8                __swbuf_r
 .text._write_r
                0x0800799c       0x24 c:/program files (x86)/atollic/truestudio for stm32 9.3.0/armtools/bin/../lib/gcc/arm-atollic-eabi/6.3.1/../../../../arm-atollic-eabi/lib/armv7e-m/fpu\libc_nano.a(lib_a-writer.o)
                0x0800799c                _write_r
 .text.__swsetup_r
                0x080079c0       0xdc c:/program files (x86)/atollic/truestudio for stm32 9.3.0/armtools/bin/../lib/gcc/arm-atollic-eabi/6.3.1/../../../../arm-atollic-eabi/lib/armv7e-m/fpu\libc_nano.a(lib_a-wsetup.o)
                0x080079c0                __swsetup_r
 .text._close_r
                0x08007a9c       0x20 c:/program files (x86)/atollic/truestudio for stm32 9.3.0/armtools/bin/../lib/gcc/arm-atollic-eabi/6.3.1/../../../../arm-atollic-eabi/lib/armv7e-m/fpu\libc_nano.a(lib_a-closer.o)
                0x08007a9c                _close_r
 .text._lseek_r
                0x08007abc       0x24 c:/program files (x86)/atollic/truestudio for stm32 9.3.0/armtools/bin/../lib/gcc/arm-atollic-eabi/6.3.1/../../../../arm-atollic-eabi/lib/armv7e-m/fpu\libc_nano.a(lib_a-lseekr.o)
                0x08007abc                _lseek_r
 .text.__swhatbuf_r
                0x08007ae0       0x48 c:/program files (x86)/atollic/truestudio for stm32 9.3.0/armtools/bin/../lib/gcc/arm-atollic-eabi/6.3.1/../../../../arm-atollic-eabi/lib/armv7e-m/fpu\libc_nano.a(lib_a-makebuf.o)
                0x08007ae0                __swhatbuf_r
 .text.__smakebuf_r
                0x08007b28       0x80 c:/program files (x86)/atollic/truestudio for stm32 9.3.0/armtools/bin/../lib/gcc/arm-atollic-eabi/6.3.1/../../../../arm-atollic-eabi/lib/armv7e-m/fpu\libc_nano.a(lib_a-makebuf.o)
                0x08007b28                __smakebuf_r
 .text.__malloc_lock
                0x08007ba8        0x2 c:/program files (x86)/atollic/truestudio for stm32 9.3.0/armtools/bin/../lib/gcc/arm-atollic-eabi/6.3.1/../../../../arm-atollic-eabi/lib/armv7e-m/fpu\libc_nano.a(lib_a-mlock.o)
                0x08007ba8                __malloc_lock
 .text.__malloc_unlock
                0x08007baa        0x2 c:/program files (x86)/atollic/truestudio for stm32 9.3.0/armtools/bin/../lib/gcc/arm-atollic-eabi/6.3.1/../../../../arm-atollic-eabi/lib/armv7e-m/fpu\libc_nano.a(lib_a-mlock.o)
                0x08007baa                __malloc_unlock
 .text.__ssputs_r
                0x08007bac       0xb6 c:/program files (x86)/atollic/truestudio for stm32 9.3.0/armtools/bin/../lib/gcc/arm-atollic-eabi/6.3.1/../../../../arm-atollic-eabi/lib/armv7e-m/fpu\libc_nano.a(lib_a-nano-svfprintf.o)
                0x08007bac                __ssputs_r
 *fill*         0x08007c62        0x2 
 .text._svfprintf_r
                0x08007c64      0x1e8 c:/program files (x86)/atollic/truestudio for stm32 9.3.0/armtools/bin/../lib/gcc/arm-atollic-eabi/6.3.1/../../../../arm-atollic-eabi/lib/armv7e-m/fpu\libc_nano.a(lib_a-nano-svfprintf.o)
                0x08007c64                _svfiprintf_r
                0x08007c64                _svfprintf_r
 .text.__sfputc_r
                0x08007e4c       0x30 c:/program files (x86)/atollic/truestudio for stm32 9.3.0/armtools/bin/../lib/gcc/arm-atollic-eabi/6.3.1/../../../../arm-atollic-eabi/lib/armv7e-m/fpu\libc_nano.a(lib_a-nano-vfprintf.o)
 .text.__sfputs_r
                0x08007e7c       0x24 c:/program files (x86)/atollic/truestudio for stm32 9.3.0/armtools/bin/../lib/gcc/arm-atollic-eabi/6.3.1/../../../../arm-atollic-eabi/lib/armv7e-m/fpu\libc_nano.a(lib_a-nano-vfprintf.o)
                0x08007e7c                __sfputs_r
 .text._vfprintf_r
                0x08007ea0      0x22c c:/program files (x86)/atollic/truestudio for stm32 9.3.0/armtools/bin/../lib/gcc/arm-atollic-eabi/6.3.1/../../../../arm-atollic-eabi/lib/armv7e-m/fpu\libc_nano.a(lib_a-nano-vfprintf.o)
                0x08007ea0                _vfprintf_r
                0x08007ea0                _vfiprintf_r
 .text._printf_common
                0x080080cc       0xec c:/program files (x86)/atollic/truestudio for stm32 9.3.0/armtools/bin/../lib/gcc/arm-atollic-eabi/6.3.1/../../../../arm-atollic-eabi/lib/armv7e-m/fpu\libc_nano.a(lib_a-nano-vfprintf_i.o)
                0x080080cc                _printf_common
 .text._printf_i
                0x080081b8      0x240 c:/program files (x86)/atollic/truestudio for stm32 9.3.0/armtools/bin/../lib/gcc/arm-atollic-eabi/6.3.1/../../../../arm-atollic-eabi/lib/armv7e-m/fpu\libc_nano.a(lib_a-nano-vfprintf_i.o)
                0x080081b8                _printf_i
 .text._putc_r  0x080083f8       0x6c c:/program files (x86)/atollic/truestudio for stm32 9.3.0/armtools/bin/../lib/gcc/arm-atollic-eabi/6.3.1/../../../../arm-atollic-eabi/lib/armv7e-m/fpu\libc_nano.a(lib_a-putc.o)
                0x080083f8                _putc_r
 .text._read_r  0x08008464       0x24 c:/program files (x86)/atollic/truestudio for stm32 9.3.0/armtools/bin/../lib/gcc/arm-atollic-eabi/6.3.1/../../../../arm-atollic-eabi/lib/armv7e-m/fpu\libc_nano.a(lib_a-readr.o)
                0x08008464                _read_r
 .text._fstat_r
                0x08008488       0x24 c:/program files (x86)/atollic/truestudio for stm32 9.3.0/armtools/bin/../lib/gcc/arm-atollic-eabi/6.3.1/../../../../arm-atollic-eabi/lib/armv7e-m/fpu\libc_nano.a(lib_a-fstatr.o)
                0x08008488                _fstat_r
 .text._isatty_r
                0x080084ac       0x20 c:/program files (x86)/atollic/truestudio for stm32 9.3.0/armtools/bin/../lib/gcc/arm-atollic-eabi/6.3.1/../../../../arm-atollic-eabi/lib/armv7e-m/fpu\libc_nano.a(lib_a-isattyr.o)
                0x080084ac                _isatty_r
 .text.memmove  0x080084cc       0x34 c:/program files (x86)/atollic/truestudio for stm32 9.3.0/armtools/bin/../lib/gcc/arm-atollic-eabi/6.3.1/../../../../arm-atollic-eabi/lib/armv7e-m/fpu\libc_nano.a(lib_a-memmove.o)
                0x080084cc                memmove
 .text._realloc_r
                0x08008500       0x4c c:/program files (x86)/atollic/truestudio for stm32 9.3.0/armtools/bin/../lib/gcc/arm-atollic-eabi/6.3.1/../../../../arm-atollic-eabi/lib/armv7e-m/fpu\libc_nano.a(lib_a-nano-reallocr.o)
                0x08008500                _realloc_r
 .text._malloc_usable_size_r
                0x0800854c       0x12 c:/program files (x86)/atollic/truestudio for stm32 9.3.0/armtools/bin/../lib/gcc/arm-atollic-eabi/6.3.1/../../../../arm-atollic-eabi/lib/armv7e-m/fpu\libc_nano.a(lib_a-nano-msizer.o)
                0x0800854c                _malloc_usable_size_r
 .text.abort    0x0800855e        0xe c:/program files (x86)/atollic/truestudio for stm32 9.3.0/armtools/bin/../lib/gcc/arm-atollic-eabi/6.3.1/../../../../arm-atollic-eabi/lib/armv7e-m/fpu\libc_nano.a(lib_a-abort.o)
                0x0800855e                abort
 .text._raise_r
                0x0800856c       0x50 c:/program files (x86)/atollic/truestudio for stm32 9.3.0/armtools/bin/../lib/gcc/arm-atollic-eabi/6.3.1/../../../../arm-atollic-eabi/lib/armv7e-m/fpu\libc_nano.a(lib_a-signal.o)
                0x0800856c                _raise_r
 .text.raise    0x080085bc       0x10 c:/program files (x86)/atollic/truestudio for stm32 9.3.0/armtools/bin/../lib/gcc/arm-atollic-eabi/6.3.1/../../../../arm-atollic-eabi/lib/armv7e-m/fpu\libc_nano.a(lib_a-signal.o)
                0x080085bc                raise
 .text._kill_r  0x080085cc       0x24 c:/program files (x86)/atollic/truestudio for stm32 9.3.0/armtools/bin/../lib/gcc/arm-atollic-eabi/6.3.1/../../../../arm-atollic-eabi/lib/armv7e-m/fpu\libc_nano.a(lib_a-signalr.o)
                0x080085cc                _kill_r
 .text._getpid_r
                0x080085f0        0x4 c:/program files (x86)/atollic/truestudio for stm32 9.3.0/armtools/bin/../lib/gcc/arm-atollic-eabi/6.3.1/../../../../arm-atollic-eabi/lib/armv7e-m/fpu\libc_nano.a(lib_a-signalr.o)
                0x080085f0                _getpid_r
 *(.glue_7)
 .glue_7        0x080085f4        0x0 linker stubs
 *(.glue_7t)
 .glue_7t       0x080085f4        0x0 linker stubs
 *(.eh_frame)
 .eh_frame      0x080085f4        0x0 c:/program files (x86)/atollic/truestudio for stm32 9.3.0/armtools/bin/../lib/gcc/arm-atollic-eabi/6.3.1/armv7e-m/fpu/crtbegin.o
 *(.init)
 .init          0x080085f4        0x4 c:/program files (x86)/atollic/truestudio for stm32 9.3.0/armtools/bin/../lib/gcc/arm-atollic-eabi/6.3.1/armv7e-m/fpu/crti.o
                0x080085f4                _init
 .init          0x080085f8        0x8 c:/program files (x86)/atollic/truestudio for stm32 9.3.0/armtools/bin/../lib/gcc/arm-atollic-eabi/6.3.1/armv7e-m/fpu/crtn.o
 *(.fini)
 .fini          0x08008600        0x4 c:/program files (x86)/atollic/truestudio for stm32 9.3.0/armtools/bin/../lib/gcc/arm-atollic-eabi/6.3.1/armv7e-m/fpu/crti.o
                0x08008600                _fini
 .fini          0x08008604        0x8 c:/program files (x86)/atollic/truestudio for stm32 9.3.0/armtools/bin/../lib/gcc/arm-atollic-eabi/6.3.1/armv7e-m/fpu/crtn.o
                0x0800860c                . = ALIGN (0x4)
                0x0800860c                _etext = .

.vfp11_veneer   0x0800860c        0x0
 .vfp11_veneer  0x0800860c        0x0 linker stubs

.v4_bx          0x0800860c        0x0
 .v4_bx         0x0800860c        0x0 linker stubs

.iplt           0x0800860c        0x0
 .iplt          0x0800860c        0x0 c:/program files (x86)/atollic/truestudio for stm32 9.3.0/armtools/bin/../lib/gcc/arm-atollic-eabi/6.3.1/armv7e-m/fpu/crtbegin.o

.rodata         0x0800860c      0x3c4
                0x0800860c                . = ALIGN (0x4)
 *(.rodata)
 .rodata        0x0800860c      0x14e Src\main.o
 .rodata        0x0800875a       0x43 Src\sample_service.o
 *(.rodata*)
 .rodata.CSWTCH.52
                0x0800879d        0x4 Drivers\STM32L4xx_HAL_Driver\stm32l4xx_hal_uart.o
 .rodata.CSWTCH.53
                0x080087a1        0xd Drivers\STM32L4xx_HAL_Driver\stm32l4xx_hal_uart.o
 .rodata.vTaskStartScheduler.str1.1
                0x080087ae        0x5 Middlewares\FreeRTOS\tasks.o
 .rodata.MX_BlueNRG_MS_Init.str1.1
                0x080087b3       0xe2 Src\app_x-cube-ble1.o
 .rodata.GAP_ConnectionComplete_CB.str1.1
                0x08008895       0x21 Src\sample_service.o
 .rodata.GAP_DisconnectionComplete_CB.str1.1
                0x080088b6        0xd Src\sample_service.o
 .rodata.user_notify.str1.1
                0x080088c3       0x2a Src\sample_service.o
 .rodata.AHBPrescTable
                0x080088ed       0x10 Src\system_stm32l4xx.o
                0x080088ed                AHBPrescTable
 .rodata.APBPrescTable
                0x080088fd        0x8 Src\system_stm32l4xx.o
                0x080088fd                APBPrescTable
 *fill*         0x08008905        0x3 
 .rodata.MSIRangeTable
                0x08008908       0x30 Src\system_stm32l4xx.o
                0x08008908                MSIRangeTable
 .rodata.__sf_fake_stderr
                0x08008938       0x20 c:/program files (x86)/atollic/truestudio for stm32 9.3.0/armtools/bin/../lib/gcc/arm-atollic-eabi/6.3.1/../../../../arm-atollic-eabi/lib/armv7e-m/fpu\libc_nano.a(lib_a-findfp.o)
                0x08008938                __sf_fake_stderr
 .rodata.__sf_fake_stdin
                0x08008958       0x20 c:/program files (x86)/atollic/truestudio for stm32 9.3.0/armtools/bin/../lib/gcc/arm-atollic-eabi/6.3.1/../../../../arm-atollic-eabi/lib/armv7e-m/fpu\libc_nano.a(lib_a-findfp.o)
                0x08008958                __sf_fake_stdin
 .rodata.__sf_fake_stdout
                0x08008978       0x20 c:/program files (x86)/atollic/truestudio for stm32 9.3.0/armtools/bin/../lib/gcc/arm-atollic-eabi/6.3.1/../../../../arm-atollic-eabi/lib/armv7e-m/fpu\libc_nano.a(lib_a-findfp.o)
                0x08008978                __sf_fake_stdout
 .rodata._global_impure_ptr
                0x08008998        0x4 c:/program files (x86)/atollic/truestudio for stm32 9.3.0/armtools/bin/../lib/gcc/arm-atollic-eabi/6.3.1/../../../../arm-atollic-eabi/lib/armv7e-m/fpu\libc_nano.a(lib_a-impure.o)
                0x08008998                _global_impure_ptr
 .rodata._svfprintf_r.str1.1
                0x0800899c       0x11 c:/program files (x86)/atollic/truestudio for stm32 9.3.0/armtools/bin/../lib/gcc/arm-atollic-eabi/6.3.1/../../../../arm-atollic-eabi/lib/armv7e-m/fpu\libc_nano.a(lib_a-nano-svfprintf.o)
 .rodata._vfprintf_r.str1.1
                0x080089ad       0x11 c:/program files (x86)/atollic/truestudio for stm32 9.3.0/armtools/bin/../lib/gcc/arm-atollic-eabi/6.3.1/../../../../arm-atollic-eabi/lib/armv7e-m/fpu\libc_nano.a(lib_a-nano-vfprintf.o)
 .rodata._printf_i.str1.1
                0x080089ad       0x22 c:/program files (x86)/atollic/truestudio for stm32 9.3.0/armtools/bin/../lib/gcc/arm-atollic-eabi/6.3.1/../../../../arm-atollic-eabi/lib/armv7e-m/fpu\libc_nano.a(lib_a-nano-vfprintf_i.o)
                0x080089d0                . = ALIGN (0x4)
 *fill*         0x080089cf        0x1 

.ARM.extab      0x080089d0       0xc0
 *(.ARM.extab* .gnu.linkonce.armextab.*)
 .ARM.extab.text.main
                0x080089d0        0xc Src\main.o
 .ARM.extab.text.SystemClock_Config
                0x080089dc        0xc Src\main.o
 .ARM.extab.text.MX_GPIO_Init
                0x080089e8        0xc Src\main.o
 .ARM.extab.text.StartDefaultTask
                0x080089f4        0xc Src\main.o
 .ARM.extab.text.ReadingTaskThread
                0x08008a00        0xc Src\main.o
 .ARM.extab.text.PresentationTaskThread
                0x08008a0c        0xc Src\main.o
 .ARM.extab.text.CommunicationTaskThread
                0x08008a18        0xc Src\main.o
 .ARM.extab.text._ZN6Sensor13changePinModeE11oneWireMode
                0x08008a24        0xc Src\main.o
 .ARM.extab.text._ZN6Sensor8writePinEb
                0x08008a30        0xc Src\main.o
 .ARM.extab.text._ZN6Sensor7readPinEv
                0x08008a3c        0xc Src\main.o
 .ARM.extab.text._ZN6Sensor21performReadFromSensorEv
                0x08008a48        0xc Src\main.o
 .ARM.extab.text.presentDataFromSensor
                0x08008a54        0xc Src\main.o
 .ARM.extab.text.delayMicroseconds
                0x08008a60        0xc Src\main.o
 .ARM.extab.text.HAL_TIM_PeriodElapsedCallback
                0x08008a6c        0xc Src\main.o
 .ARM.extab     0x08008a78       0x18 c:/program files (x86)/atollic/truestudio for stm32 9.3.0/armtools/bin/../lib/gcc/arm-atollic-eabi/6.3.1/armv7e-m/fpu\libgcc.a(pr-support.o)

.ARM            0x08008a90      0x140
                0x08008a90                __exidx_start = .
 *(.ARM.exidx*)
 .ARM.exidx.text.main
                0x08008b48        0x8 Src\main.o
 .ARM.exidx.text.SystemClock_Config
                0x08008b50        0x8 Src\main.o
 .ARM.exidx.text.MX_USART3_UART_Init
                0x08008b58        0x8 Src\main.o
 .ARM.exidx.text.MX_GPIO_Init
                0x08008b60        0x8 Src\main.o
 .ARM.exidx.text.StartDefaultTask
                0x08008b68        0x8 Src\main.o
 .ARM.exidx.text.ReadingTaskThread
                0x08008b70        0x8 Src\main.o
 .ARM.exidx.text.PresentationTaskThread
                0x08008b78        0x8 Src\main.o
 .ARM.exidx.text.CommunicationTaskThread
                0x08008b80        0x8 Src\main.o
 .ARM.exidx.text._ZN13DeviceManagerC2Ev
                0x08008b88        0x8 Src\main.o
 .ARM.exidx.text._ZN13DeviceManager22getNewCommunicationPinEv
                0x08008b90        0x0 Src\main.o
                                  0x8 (size before relaxing)
 .ARM.exidx.text._ZN6SensorC2ER13DeviceManager
                0x08008b90        0x0 Src\main.o
                                  0x8 (size before relaxing)
 .ARM.exidx.text._ZN6Sensor13changePinModeE11oneWireMode
                0x08008b90        0x8 Src\main.o
 .ARM.exidx.text._ZN6Sensor8writePinEb
                0x08008b98        0x8 Src\main.o
 .ARM.exidx.text._ZN6Sensor7readPinEv
                0x08008ba0        0x8 Src\main.o
 .ARM.exidx.text._ZN6Sensor21performReadFromSensorEv
                0x08008ba8        0x8 Src\main.o
 .ARM.exidx.text.presentDataFromSensor
                0x08008bb0        0x8 Src\main.o
 .ARM.exidx.text.delayMicroseconds
                0x08008bb8        0x8 Src\main.o
 .ARM.exidx.text.HAL_TIM_PeriodElapsedCallback
                0x08008bc0        0x8 Src\main.o
 .ARM.exidx.text.Error_Handler
                0x08008bc8        0x8 Src\main.o
 .ARM.exidx.text._Z41__static_initialization_and_destruction_0ii
                0x08008bd0        0x0 Src\main.o
                                  0x8 (size before relaxing)
 .ARM.exidx.text._GLOBAL__sub_I_huart3
                0x08008bd0        0x0 Src\main.o
                                  0x8 (size before relaxing)
 .ARM.exidx     0x08008a90        0x8 c:/program files (x86)/atollic/truestudio for stm32 9.3.0/armtools/bin/../lib/gcc/arm-atollic-eabi/6.3.1/armv7e-m/fpu\libgcc.a(_udivmoddi4.o)
 .ARM.exidx     0x08008a98       0x78 c:/program files (x86)/atollic/truestudio for stm32 9.3.0/armtools/bin/../lib/gcc/arm-atollic-eabi/6.3.1/armv7e-m/fpu\libgcc.a(unwind-arm.o)
                                 0xd8 (size before relaxing)
 .ARM.exidx     0x08008b10       0x38 c:/program files (x86)/atollic/truestudio for stm32 9.3.0/armtools/bin/../lib/gcc/arm-atollic-eabi/6.3.1/armv7e-m/fpu\libgcc.a(pr-support.o)
                                 0x48 (size before relaxing)
                0x08008bd0                __exidx_end = .

.rel.dyn        0x08008bd0        0x0
 .rel.iplt      0x08008bd0        0x0 c:/program files (x86)/atollic/truestudio for stm32 9.3.0/armtools/bin/../lib/gcc/arm-atollic-eabi/6.3.1/armv7e-m/fpu/crtbegin.o

.preinit_array  0x08008bd0        0x0
                0x08008bd0                PROVIDE (__preinit_array_start, .)
 *(.preinit_array*)
                0x08008bd0                PROVIDE (__preinit_array_end, .)

.init_array     0x08008bd0        0x8
                0x08008bd0                PROVIDE (__init_array_start, .)
 *(SORT(.init_array.*))
 *(.init_array*)
 .init_array    0x08008bd0        0x4 c:/program files (x86)/atollic/truestudio for stm32 9.3.0/armtools/bin/../lib/gcc/arm-atollic-eabi/6.3.1/armv7e-m/fpu/crtbegin.o
 .init_array    0x08008bd4        0x4 Src\main.o
                0x08008bd8                PROVIDE (__init_array_end, .)

.fini_array     0x08008bd8        0x4
                [!provide]                PROVIDE (__fini_array_start, .)
 *(SORT(.fini_array.*))
 *(.fini_array*)
 .fini_array    0x08008bd8        0x4 c:/program files (x86)/atollic/truestudio for stm32 9.3.0/armtools/bin/../lib/gcc/arm-atollic-eabi/6.3.1/armv7e-m/fpu/crtbegin.o
                [!provide]                PROVIDE (__fini_array_end, .)
                0x08008bdc                _sidata = LOADADDR (.data)

.data           0x20000000       0x84 load address 0x08008bdc
                0x20000000                . = ALIGN (0x4)
                0x20000000                _sdata = .
 *(.data)
 *(.data*)
 .data.uwTickFreq
                0x20000000        0x4 Drivers\STM32L4xx_HAL_Driver\stm32l4xx_hal.o
                0x20000000                uwTickFreq
 .data.uwTickPrio
                0x20000004        0x4 Drivers\STM32L4xx_HAL_Driver\stm32l4xx_hal.o
                0x20000004                uwTickPrio
 .data.uxCriticalNesting
                0x20000008        0x4 Middlewares\FreeRTOS\port.o
 .data.BLE_Role
                0x2000000c        0x1 Src\app_x-cube-ble1.o
                0x2000000c                BLE_Role
 .data.user_button_init_state
                0x2000000d        0x1 Src\app_x-cube-ble1.o
 .data.set_connectable
                0x2000000e        0x1 Src\sample_service.o
                0x2000000e                set_connectable
 *fill*         0x2000000f        0x1 
 .data.COM_USART
                0x20000010        0x4 Src\stm32l4xx_nucleo.o
                0x20000010                COM_USART
 .data.hpb_exti
                0x20000014        0x8 Src\stm32l4xx_nucleo.o
                0x20000014                hpb_exti
 .data.SystemCoreClock
                0x2000001c        0x4 Src\system_stm32l4xx.o
                0x2000001c                SystemCoreClock
 .data._impure_ptr
                0x20000020        0x4 c:/program files (x86)/atollic/truestudio for stm32 9.3.0/armtools/bin/../lib/gcc/arm-atollic-eabi/6.3.1/../../../../arm-atollic-eabi/lib/armv7e-m/fpu\libc_nano.a(lib_a-impure.o)
                0x20000020                _impure_ptr
 .data.impure_data
                0x20000024       0x60 c:/program files (x86)/atollic/truestudio for stm32 9.3.0/armtools/bin/../lib/gcc/arm-atollic-eabi/6.3.1/../../../../arm-atollic-eabi/lib/armv7e-m/fpu\libc_nano.a(lib_a-impure.o)
                0x20000084                . = ALIGN (0x4)
                0x20000084                _edata = .

.igot.plt       0x20000084        0x0 load address 0x08008c60
 .igot.plt      0x20000084        0x0 c:/program files (x86)/atollic/truestudio for stm32 9.3.0/armtools/bin/../lib/gcc/arm-atollic-eabi/6.3.1/armv7e-m/fpu/crtbegin.o
                0x20000084                . = ALIGN (0x4)

.bss            0x20000084     0x15ac load address 0x08008c60
                0x20000084                _sbss = .
                0x20000084                __bss_start__ = _sbss
 *(.bss)
 .bss           0x20000084       0x1c c:/program files (x86)/atollic/truestudio for stm32 9.3.0/armtools/bin/../lib/gcc/arm-atollic-eabi/6.3.1/armv7e-m/fpu/crtbegin.o
 .bss           0x200000a0       0xf0 Src\main.o
                0x200000a0                huart3
                0x20000120                defaultTaskHandle
                0x20000124                readingTaskHandle
                0x20000128                presentationTaskHandle
                0x2000012c                communicationTaskHandle
                0x20000130                uartMutexHandle
                0x20000134                msgQueueHandle
                0x20000138                sensorObjectCount
                0x20000139                whichSensorWrites
                0x2000013c                data
                0x20000144                uartData
                0x20000178                dm
                0x20000180                s1
                0x20000188                s2
 *(.bss*)
 .bss.hciContext
                0x20000190       0x20 Middlewares\BlueNRG-MS\Wireless\HCI_TL\Basic\hci_tl.o
 .bss.hciReadPacketBuffer
                0x200001b0      0x2bc Middlewares\BlueNRG-MS\Wireless\HCI_TL\Basic\hci_tl.o
 .bss.pxEnd     0x2000046c        0x4 Middlewares\FreeRTOS\heap_4.o
 .bss.ucHeap    0x20000470      0xbb8 Middlewares\FreeRTOS\heap_4.o
 .bss.xBlockAllocatedBit
                0x20001028        0x4 Middlewares\FreeRTOS\heap_4.o
 .bss.xFreeBytesRemaining
                0x2000102c        0x4 Middlewares\FreeRTOS\heap_4.o
 .bss.xMinimumEverFreeBytesRemaining
                0x20001030        0x4 Middlewares\FreeRTOS\heap_4.o
 .bss.xStart    0x20001034        0x8 Middlewares\FreeRTOS\heap_4.o
 .bss.ucMaxSysCallPriority
                0x2000103c        0x1 Middlewares\FreeRTOS\port.o
 *fill*         0x2000103d        0x3 
 .bss.ulMaxPRIGROUPValue
                0x20001040        0x4 Middlewares\FreeRTOS\port.o
 .bss.pxCurrentTCB
                0x20001044        0x4 Middlewares\FreeRTOS\tasks.o
                0x20001044                pxCurrentTCB
 .bss.pxDelayedTaskList
                0x20001048        0x4 Middlewares\FreeRTOS\tasks.o
 .bss.pxOverflowDelayedTaskList
                0x2000104c        0x4 Middlewares\FreeRTOS\tasks.o
 .bss.pxReadyTasksLists
                0x20001050       0x8c Middlewares\FreeRTOS\tasks.o
 .bss.uxCurrentNumberOfTasks
                0x200010dc        0x4 Middlewares\FreeRTOS\tasks.o
 .bss.uxDeletedTasksWaitingCleanUp
                0x200010e0        0x4 Middlewares\FreeRTOS\tasks.o
 .bss.uxPendedTicks
                0x200010e4        0x4 Middlewares\FreeRTOS\tasks.o
 .bss.uxSchedulerSuspended
                0x200010e8        0x4 Middlewares\FreeRTOS\tasks.o
 .bss.uxTaskNumber
                0x200010ec        0x4 Middlewares\FreeRTOS\tasks.o
 .bss.uxTopReadyPriority
                0x200010f0        0x4 Middlewares\FreeRTOS\tasks.o
 .bss.xDelayedTaskList1
                0x200010f4       0x14 Middlewares\FreeRTOS\tasks.o
 .bss.xDelayedTaskList2
                0x20001108       0x14 Middlewares\FreeRTOS\tasks.o
 .bss.xNextTaskUnblockTime
                0x2000111c        0x4 Middlewares\FreeRTOS\tasks.o
 .bss.xNumOfOverflows
                0x20001120        0x4 Middlewares\FreeRTOS\tasks.o
 .bss.xPendingReadyList
                0x20001124       0x14 Middlewares\FreeRTOS\tasks.o
 .bss.xSchedulerRunning
                0x20001138        0x4 Middlewares\FreeRTOS\tasks.o
 .bss.xSuspendedTaskList
                0x2000113c       0x14 Middlewares\FreeRTOS\tasks.o
 .bss.xTasksWaitingTermination
                0x20001150       0x14 Middlewares\FreeRTOS\tasks.o
 .bss.xTickCount
                0x20001164        0x4 Middlewares\FreeRTOS\tasks.o
 .bss.xYieldPending
                0x20001168        0x4 Middlewares\FreeRTOS\tasks.o
 .bss.bnrg_expansion_board
                0x2000116c        0x1 Src\app_x-cube-ble1.o
                0x2000116c                bnrg_expansion_board
 .bss.user_button_pressed
                0x2000116d        0x1 Src\app_x-cube-ble1.o
 *fill*         0x2000116e        0x2 
 .bss.xIdleStack
                0x20001170      0x200 Src\freertos.o
 .bss.xIdleTaskTCBBuffer
                0x20001370       0x54 Src\freertos.o
 .bss.read_char_buf.9135
                0x200013c4       0xff Src\hci_tl_interface.o
 *fill*         0x200014c3        0x1 
 .bss.connected
                0x200014c4        0x4 Src\sample_service.o
                0x200014c4                connected
 .bss.connection_handle
                0x200014c8        0x2 Src\sample_service.o
                0x200014c8                connection_handle
 .bss.end_read_rx_char_handle
                0x200014ca        0x1 Src\sample_service.o
                0x200014ca                end_read_rx_char_handle
 .bss.end_read_tx_char_handle
                0x200014cb        0x1 Src\sample_service.o
                0x200014cb                end_read_tx_char_handle
 .bss.notification_enabled
                0x200014cc        0x1 Src\sample_service.o
                0x200014cc                notification_enabled
 .bss.start_read_rx_char_handle
                0x200014cd        0x1 Src\sample_service.o
                0x200014cd                start_read_rx_char_handle
 .bss.start_read_tx_char_handle
                0x200014ce        0x1 Src\sample_service.o
                0x200014ce                start_read_tx_char_handle
 .bss.COM_ActiveLogPort
                0x200014cf        0x1 Src\stm32l4xx_nucleo.o
 .bss.SPI1InitCounter
                0x200014d0        0x4 Src\stm32l4xx_nucleo_bus.o
 .bss.heap_end.7010
                0x200014d4        0x4 Src\syscalls.o
 .bss.__malloc_free_list
                0x200014d8        0x4 c:/program files (x86)/atollic/truestudio for stm32 9.3.0/armtools/bin/../lib/gcc/arm-atollic-eabi/6.3.1/../../../../arm-atollic-eabi/lib/armv7e-m/fpu\libc_nano.a(lib_a-nano-mallocr.o)
                0x200014d8                __malloc_free_list
 .bss.__malloc_sbrk_start
                0x200014dc        0x4 c:/program files (x86)/atollic/truestudio for stm32 9.3.0/armtools/bin/../lib/gcc/arm-atollic-eabi/6.3.1/../../../../arm-atollic-eabi/lib/armv7e-m/fpu\libc_nano.a(lib_a-nano-mallocr.o)
                0x200014dc                __malloc_sbrk_start
 *(COMMON)
 COMMON         0x200014e0        0x4 Drivers\STM32L4xx_HAL_Driver\stm32l4xx_hal.o
                0x200014e0                uwTick
 COMMON         0x200014e4       0x10 Middlewares\BlueNRG-MS\Wireless\HCI_TL\Basic\hci_tl.o
                0x200014e4                hciReadPktPool
                0x200014ec                hciReadPktRxQueue
 COMMON         0x200014f4        0x8 Src\hci_tl_interface.o
                0x200014f4                hexti0
 COMMON         0x200014fc        0xa Src\sample_service.o
                0x200014fc                tx_handle
                0x200014fe                rx_handle
                0x20001500                TXCharHandle
                0x20001502                sampleServHandle
                0x20001504                RXCharHandle
 *fill*         0x20001506        0x2 
 COMMON         0x20001508       0x40 Src\stm32l4xx_hal_timebase_tim.o
                0x20001508                htim3
 COMMON         0x20001548       0x80 Src\stm32l4xx_nucleo.o
                0x20001548                hcom_uart
 COMMON         0x200015c8       0x64 Src\stm32l4xx_nucleo_bus.o
                0x200015c8                hspi1
 COMMON         0x2000162c        0x4 c:/program files (x86)/atollic/truestudio for stm32 9.3.0/armtools/bin/../lib/gcc/arm-atollic-eabi/6.3.1/../../../../arm-atollic-eabi/lib/armv7e-m/fpu\libc_nano.a(lib_a-reent.o)
                0x2000162c                errno
                0x20001630                . = ALIGN (0x4)
                0x20001630                _ebss = .
                0x20001630                __bss_end__ = _ebss

._user_heap_stack
                0x20001630      0x600 load address 0x08008c60
                0x20001630                . = ALIGN (0x4)
                0x20001630                PROVIDE (end, .)
                [!provide]                PROVIDE (_end, .)
                0x20001830                . = (. + _Min_Heap_Size)
 *fill*         0x20001630      0x200 
                0x20001c30                . = (. + _Min_Stack_Size)
 *fill*         0x20001830      0x400 
                0x20001c30                . = ALIGN (0x4)

/DISCARD/
 libc.a(*)
 libm.a(*)
 libgcc.a(*)

.ARM.attributes
                0x00000000       0x30
 *(.ARM.attributes)
 .ARM.attributes
                0x00000000       0x22 c:/program files (x86)/atollic/truestudio for stm32 9.3.0/armtools/bin/../lib/gcc/arm-atollic-eabi/6.3.1/armv7e-m/fpu/crti.o
 .ARM.attributes
                0x00000022       0x34 c:/program files (x86)/atollic/truestudio for stm32 9.3.0/armtools/bin/../lib/gcc/arm-atollic-eabi/6.3.1/armv7e-m/fpu/crtbegin.o
 .ARM.attributes
                0x00000056       0x39 Drivers\STM32L4xx_HAL_Driver\stm32l4xx_hal.o
 .ARM.attributes
                0x0000008f       0x39 Drivers\STM32L4xx_HAL_Driver\stm32l4xx_hal_cortex.o
 .ARM.attributes
                0x000000c8       0x39 Drivers\STM32L4xx_HAL_Driver\stm32l4xx_hal_exti.o
 .ARM.attributes
                0x00000101       0x39 Drivers\STM32L4xx_HAL_Driver\stm32l4xx_hal_gpio.o
 .ARM.attributes
                0x0000013a       0x39 Drivers\STM32L4xx_HAL_Driver\stm32l4xx_hal_pwr_ex.o
 .ARM.attributes
                0x00000173       0x39 Drivers\STM32L4xx_HAL_Driver\stm32l4xx_hal_rcc.o
 .ARM.attributes
                0x000001ac       0x39 Drivers\STM32L4xx_HAL_Driver\stm32l4xx_hal_rcc_ex.o
 .ARM.attributes
                0x000001e5       0x39 Drivers\STM32L4xx_HAL_Driver\stm32l4xx_hal_spi.o
 .ARM.attributes
                0x0000021e       0x39 Drivers\STM32L4xx_HAL_Driver\stm32l4xx_hal_tim.o
 .ARM.attributes
                0x00000257       0x39 Drivers\STM32L4xx_HAL_Driver\stm32l4xx_hal_tim_ex.o
 .ARM.attributes
                0x00000290       0x39 Drivers\STM32L4xx_HAL_Driver\stm32l4xx_hal_uart.o
 .ARM.attributes
                0x000002c9       0x39 Middlewares\BlueNRG-MS\Wireless\Controller\bluenrg_gap_aci.o
 .ARM.attributes
                0x00000302       0x39 Middlewares\BlueNRG-MS\Wireless\Controller\bluenrg_gatt_aci.o
 .ARM.attributes
                0x0000033b       0x39 Middlewares\BlueNRG-MS\Wireless\Controller\bluenrg_hal_aci.o
 .ARM.attributes
                0x00000374       0x39 Middlewares\BlueNRG-MS\Wireless\Controller\bluenrg_utils_small.o
 .ARM.attributes
                0x000003ad       0x39 Middlewares\BlueNRG-MS\Wireless\HCI_TL\Basic\hci_le.o
 .ARM.attributes
                0x000003e6       0x39 Middlewares\BlueNRG-MS\Wireless\HCI_TL\Basic\hci_tl.o
 .ARM.attributes
                0x0000041f       0x39 Middlewares\BlueNRG-MS\Wireless\Utils\ble_list.o
 .ARM.attributes
                0x00000458       0x39 Middlewares\FreeRTOS\cmsis_os.o
 .ARM.attributes
                0x00000491       0x39 Middlewares\FreeRTOS\heap_4.o
 .ARM.attributes
                0x000004ca       0x39 Middlewares\FreeRTOS\list.o
 .ARM.attributes
                0x00000503       0x39 Middlewares\FreeRTOS\port.o
 .ARM.attributes
                0x0000053c       0x39 Middlewares\FreeRTOS\queue.o
 .ARM.attributes
                0x00000575       0x39 Middlewares\FreeRTOS\tasks.o
 .ARM.attributes
                0x000005ae       0x39 Src\app_x-cube-ble1.o
 .ARM.attributes
                0x000005e7       0x39 Src\freertos.o
 .ARM.attributes
                0x00000620       0x39 Src\hci_tl_interface.o
 .ARM.attributes
                0x00000659       0x39 Src\main.o
 .ARM.attributes
                0x00000692       0x39 Src\sample_service.o
 .ARM.attributes
                0x000006cb       0x39 Src\stm32l4xx_hal_msp.o
 .ARM.attributes
                0x00000704       0x39 Src\stm32l4xx_hal_timebase_tim.o
 .ARM.attributes
                0x0000073d       0x39 Src\stm32l4xx_it.o
 .ARM.attributes
                0x00000776       0x39 Src\stm32l4xx_nucleo.o
 .ARM.attributes
                0x000007af       0x39 Src\stm32l4xx_nucleo_bus.o
 .ARM.attributes
                0x000007e8       0x39 Src\syscalls.o
 .ARM.attributes
                0x00000821       0x39 Src\system_stm32l4xx.o
 .ARM.attributes
                0x0000085a       0x21 startup\startup_stm32l476xx.o
 .ARM.attributes
                0x0000087b       0x34 c:/program files (x86)/atollic/truestudio for stm32 9.3.0/armtools/bin/../lib/gcc/arm-atollic-eabi/6.3.1/../../../../arm-atollic-eabi/lib/armv7e-m/fpu\libc_nano.a(lib_a-errno.o)
 .ARM.attributes
                0x000008af       0x34 c:/program files (x86)/atollic/truestudio for stm32 9.3.0/armtools/bin/../lib/gcc/arm-atollic-eabi/6.3.1/../../../../arm-atollic-eabi/lib/armv7e-m/fpu\libc_nano.a(lib_a-fflush.o)
 .ARM.attributes
                0x000008e3       0x34 c:/program files (x86)/atollic/truestudio for stm32 9.3.0/armtools/bin/../lib/gcc/arm-atollic-eabi/6.3.1/../../../../arm-atollic-eabi/lib/armv7e-m/fpu\libc_nano.a(lib_a-findfp.o)
 .ARM.attributes
                0x00000917       0x34 c:/program files (x86)/atollic/truestudio for stm32 9.3.0/armtools/bin/../lib/gcc/arm-atollic-eabi/6.3.1/../../../../arm-atollic-eabi/lib/armv7e-m/fpu\libc_nano.a(lib_a-fwalk.o)
 .ARM.attributes
                0x0000094b       0x34 c:/program files (x86)/atollic/truestudio for stm32 9.3.0/armtools/bin/../lib/gcc/arm-atollic-eabi/6.3.1/../../../../arm-atollic-eabi/lib/armv7e-m/fpu\libc_nano.a(lib_a-impure.o)
 .ARM.attributes
                0x0000097f       0x34 c:/program files (x86)/atollic/truestudio for stm32 9.3.0/armtools/bin/../lib/gcc/arm-atollic-eabi/6.3.1/../../../../arm-atollic-eabi/lib/armv7e-m/fpu\libc_nano.a(lib_a-init.o)
 .ARM.attributes
                0x000009b3       0x34 c:/program files (x86)/atollic/truestudio for stm32 9.3.0/armtools/bin/../lib/gcc/arm-atollic-eabi/6.3.1/../../../../arm-atollic-eabi/lib/armv7e-m/fpu\libc_nano.a(lib_a-memcpy-stub.o)
 .ARM.attributes
                0x000009e7       0x34 c:/program files (x86)/atollic/truestudio for stm32 9.3.0/armtools/bin/../lib/gcc/arm-atollic-eabi/6.3.1/../../../../arm-atollic-eabi/lib/armv7e-m/fpu\libc_nano.a(lib_a-memset.o)
 .ARM.attributes
                0x00000a1b       0x34 c:/program files (x86)/atollic/truestudio for stm32 9.3.0/armtools/bin/../lib/gcc/arm-atollic-eabi/6.3.1/../../../../arm-atollic-eabi/lib/armv7e-m/fpu\libc_nano.a(lib_a-nano-freer.o)
 .ARM.attributes
                0x00000a4f       0x34 c:/program files (x86)/atollic/truestudio for stm32 9.3.0/armtools/bin/../lib/gcc/arm-atollic-eabi/6.3.1/../../../../arm-atollic-eabi/lib/armv7e-m/fpu\libc_nano.a(lib_a-nano-mallocr.o)
 .ARM.attributes
                0x00000a83       0x34 c:/program files (x86)/atollic/truestudio for stm32 9.3.0/armtools/bin/../lib/gcc/arm-atollic-eabi/6.3.1/../../../../arm-atollic-eabi/lib/armv7e-m/fpu\libc_nano.a(lib_a-printf.o)
 .ARM.attributes
                0x00000ab7       0x34 c:/program files (x86)/atollic/truestudio for stm32 9.3.0/armtools/bin/../lib/gcc/arm-atollic-eabi/6.3.1/../../../../arm-atollic-eabi/lib/armv7e-m/fpu\libc_nano.a(lib_a-putchar.o)
 .ARM.attributes
                0x00000aeb       0x34 c:/program files (x86)/atollic/truestudio for stm32 9.3.0/armtools/bin/../lib/gcc/arm-atollic-eabi/6.3.1/../../../../arm-atollic-eabi/lib/armv7e-m/fpu\libc_nano.a(lib_a-puts.o)
 .ARM.attributes
                0x00000b1f       0x34 c:/program files (x86)/atollic/truestudio for stm32 9.3.0/armtools/bin/../lib/gcc/arm-atollic-eabi/6.3.1/../../../../arm-atollic-eabi/lib/armv7e-m/fpu\libc_nano.a(lib_a-sbrkr.o)
 .ARM.attributes
                0x00000b53       0x34 c:/program files (x86)/atollic/truestudio for stm32 9.3.0/armtools/bin/../lib/gcc/arm-atollic-eabi/6.3.1/../../../../arm-atollic-eabi/lib/armv7e-m/fpu\libc_nano.a(lib_a-sprintf.o)
 .ARM.attributes
                0x00000b87       0x34 c:/program files (x86)/atollic/truestudio for stm32 9.3.0/armtools/bin/../lib/gcc/arm-atollic-eabi/6.3.1/../../../../arm-atollic-eabi/lib/armv7e-m/fpu\libc_nano.a(lib_a-stdio.o)
 .ARM.attributes
                0x00000bbb       0x1b c:/program files (x86)/atollic/truestudio for stm32 9.3.0/armtools/bin/../lib/gcc/arm-atollic-eabi/6.3.1/../../../../arm-atollic-eabi/lib/armv7e-m/fpu\libc_nano.a(lib_a-strlen.o)
 .ARM.attributes
                0x00000bd6       0x34 c:/program files (x86)/atollic/truestudio for stm32 9.3.0/armtools/bin/../lib/gcc/arm-atollic-eabi/6.3.1/../../../../arm-atollic-eabi/lib/armv7e-m/fpu\libc_nano.a(lib_a-wbuf.o)