Archive member included to satisfy reference by file (symbol)

c:/program files (x86)/atollic/truestudio for stm32 9.3.0/armtools/bin/../lib/gcc/arm-atollic-eabi/6.3.1/../../../../arm-atollic-eabi/lib/armv7e-m/fpu\libstdc++.a(si_class_type_info.o)
                              Src\one_wire_driver.o (vtable for __cxxabiv1::__si_class_type_info)
c:/program files (x86)/atollic/truestudio for stm32 9.3.0/armtools/bin/../lib/gcc/arm-atollic-eabi/6.3.1/../../../../arm-atollic-eabi/lib/armv7e-m/fpu\libstdc++.a(del_ops.o)
                              c:/program files (x86)/atollic/truestudio for stm32 9.3.0/armtools/bin/../lib/gcc/arm-atollic-eabi/6.3.1/../../../../arm-atollic-eabi/lib/armv7e-m/fpu\libstdc++.a(si_class_type_info.o) (operator delete(void*, unsigned int))
c:/program files (x86)/atollic/truestudio for stm32 9.3.0/armtools/bin/../lib/gcc/arm-atollic-eabi/6.3.1/../../../../arm-atollic-eabi/lib/armv7e-m/fpu\libstdc++.a(class_type_info.o)
                              c:/program files (x86)/atollic/truestudio for stm32 9.3.0/armtools/bin/../lib/gcc/arm-atollic-eabi/6.3.1/../../../../arm-atollic-eabi/lib/armv7e-m/fpu\libstdc++.a(si_class_type_info.o) (__cxxabiv1::__class_type_info::__do_upcast(__cxxabiv1::__class_type_info const*, void**) const)
c:/program files (x86)/atollic/truestudio for stm32 9.3.0/armtools/bin/../lib/gcc/arm-atollic-eabi/6.3.1/../../../../arm-atollic-eabi/lib/armv7e-m/fpu\libstdc++.a(tinfo.o)
                              c:/program files (x86)/atollic/truestudio for stm32 9.3.0/armtools/bin/../lib/gcc/arm-atollic-eabi/6.3.1/../../../../arm-atollic-eabi/lib/armv7e-m/fpu\libstdc++.a(class_type_info.o) (std::type_info::~type_info())
c:/program files (x86)/atollic/truestudio for stm32 9.3.0/armtools/bin/../lib/gcc/arm-atollic-eabi/6.3.1/../../../../arm-atollic-eabi/lib/armv7e-m/fpu\libstdc++.a(del_op.o)
                              c:/program files (x86)/atollic/truestudio for stm32 9.3.0/armtools/bin/../lib/gcc/arm-atollic-eabi/6.3.1/../../../../arm-atollic-eabi/lib/armv7e-m/fpu\libstdc++.a(del_ops.o) (operator delete(void*))
c:/program files (x86)/atollic/truestudio for stm32 9.3.0/armtools/bin/../lib/gcc/arm-atollic-eabi/6.3.1/../../../../arm-atollic-eabi/lib/armv7e-m/fpu\libc.a(lib_a-errno.o)
                              Src\syscalls.o (__errno)
c:/program files (x86)/atollic/truestudio for stm32 9.3.0/armtools/bin/../lib/gcc/arm-atollic-eabi/6.3.1/../../../../arm-atollic-eabi/lib/armv7e-m/fpu\libc.a(lib_a-fflush.o)
                              Src\sample_service.o (fflush)
c:/program files (x86)/atollic/truestudio for stm32 9.3.0/armtools/bin/../lib/gcc/arm-atollic-eabi/6.3.1/../../../../arm-atollic-eabi/lib/armv7e-m/fpu\libc.a(lib_a-findfp.o)
                              c:/program files (x86)/atollic/truestudio for stm32 9.3.0/armtools/bin/../lib/gcc/arm-atollic-eabi/6.3.1/../../../../arm-atollic-eabi/lib/armv7e-m/fpu\libc.a(lib_a-fflush.o) (__sinit)
c:/program files (x86)/atollic/truestudio for stm32 9.3.0/armtools/bin/../lib/gcc/arm-atollic-eabi/6.3.1/../../../../arm-atollic-eabi/lib/armv7e-m/fpu\libc.a(lib_a-freer.o)
                              c:/program files (x86)/atollic/truestudio for stm32 9.3.0/armtools/bin/../lib/gcc/arm-atollic-eabi/6.3.1/../../../../arm-atollic-eabi/lib/armv7e-m/fpu\libc.a(lib_a-fflush.o) (_free_r)
c:/program files (x86)/atollic/truestudio for stm32 9.3.0/armtools/bin/../lib/gcc/arm-atollic-eabi/6.3.1/../../../../arm-atollic-eabi/lib/armv7e-m/fpu\libc.a(lib_a-fwalk.o)
                              c:/program files (x86)/atollic/truestudio for stm32 9.3.0/armtools/bin/../lib/gcc/arm-atollic-eabi/6.3.1/../../../../arm-atollic-eabi/lib/armv7e-m/fpu\libc.a(lib_a-findfp.o) (_fwalk)
c:/program files (x86)/atollic/truestudio for stm32 9.3.0/armtools/bin/../lib/gcc/arm-atollic-eabi/6.3.1/../../../../arm-atollic-eabi/lib/armv7e-m/fpu\libc.a(lib_a-impure.o)
                              c:/program files (x86)/atollic/truestudio for stm32 9.3.0/armtools/bin/../lib/gcc/arm-atollic-eabi/6.3.1/../../../../arm-atollic-eabi/lib/armv7e-m/fpu\libc.a(lib_a-fflush.o) (_global_impure_ptr)
c:/program files (x86)/atollic/truestudio for stm32 9.3.0/armtools/bin/../lib/gcc/arm-atollic-eabi/6.3.1/../../../../arm-atollic-eabi/lib/armv7e-m/fpu\libc.a(lib_a-init.o)
                              startup\startup_stm32l476xx.o (__libc_init_array)
c:/program files (x86)/atollic/truestudio for stm32 9.3.0/armtools/bin/../lib/gcc/arm-atollic-eabi/6.3.1/../../../../arm-atollic-eabi/lib/armv7e-m/fpu\libc.a(lib_a-lock.o)
                              c:/program files (x86)/atollic/truestudio for stm32 9.3.0/armtools/bin/../lib/gcc/arm-atollic-eabi/6.3.1/../../../../arm-atollic-eabi/lib/armv7e-m/fpu\libc.a(lib_a-findfp.o) (__retarget_lock_init_recursive)
c:/program files (x86)/atollic/truestudio for stm32 9.3.0/armtools/bin/../lib/gcc/arm-atollic-eabi/6.3.1/../../../../arm-atollic-eabi/lib/armv7e-m/fpu\libc.a(lib_a-malloc.o)
[...]
Memory Configuration

Name             Origin             Length             Attributes
RAM              0x20000000         0x00018000         xrw
RAM2             0x10000000         0x00008000         xrw
FLASH            0x08000000         0x00100000         xr
*default*        0x00000000         0xffffffff

Linker script and memory map

LOAD c:/program files (x86)/atollic/truestudio for stm32 9.3.0/armtools/bin/../lib/gcc/arm-atollic-eabi/6.3.1/armv7e-m/fpu/crti.o
LOAD c:/program files (x86)/atollic/truestudio for stm32 9.3.0/armtools/bin/../lib/gcc/arm-atollic-eabi/6.3.1/armv7e-m/fpu/crtbegin.o
LOAD Drivers\STM32L4xx_HAL_Driver\stm32l4xx_hal.o
LOAD Drivers\STM32L4xx_HAL_Driver\stm32l4xx_hal_cortex.o
LOAD Drivers\STM32L4xx_HAL_Driver\stm32l4xx_hal_dma.o
LOAD Drivers\STM32L4xx_HAL_Driver\stm32l4xx_hal_dma_ex.o
LOAD Drivers\STM32L4xx_HAL_Driver\stm32l4xx_hal_exti.o
LOAD Drivers\STM32L4xx_HAL_Driver\stm32l4xx_hal_flash.o
LOAD Drivers\STM32L4xx_HAL_Driver\stm32l4xx_hal_flash_ex.o
LOAD Drivers\STM32L4xx_HAL_Driver\stm32l4xx_hal_flash_ramfunc.o
LOAD Drivers\STM32L4xx_HAL_Driver\stm32l4xx_hal_gpio.o
LOAD Drivers\STM32L4xx_HAL_Driver\stm32l4xx_hal_i2c.o
LOAD Drivers\STM32L4xx_HAL_Driver\stm32l4xx_hal_i2c_ex.o
LOAD Drivers\STM32L4xx_HAL_Driver\stm32l4xx_hal_pwr.o
LOAD Drivers\STM32L4xx_HAL_Driver\stm32l4xx_hal_pwr_ex.o
LOAD Drivers\STM32L4xx_HAL_Driver\stm32l4xx_hal_rcc.o
LOAD Drivers\STM32L4xx_HAL_Driver\stm32l4xx_hal_rcc_ex.o
LOAD Drivers\STM32L4xx_HAL_Driver\stm32l4xx_hal_spi.o
LOAD Drivers\STM32L4xx_HAL_Driver\stm32l4xx_hal_spi_ex.o
LOAD Drivers\STM32L4xx_HAL_Driver\stm32l4xx_hal_tim.o
LOAD Drivers\STM32L4xx_HAL_Driver\stm32l4xx_hal_tim_ex.o
LOAD Drivers\STM32L4xx_HAL_Driver\stm32l4xx_hal_uart.o
LOAD Drivers\STM32L4xx_HAL_Driver\stm32l4xx_hal_uart_ex.o
LOAD Middlewares\BlueNRG-MS\Wireless\Controller\bluenrg_gap_aci.o
LOAD Middlewares\BlueNRG-MS\Wireless\Controller\bluenrg_gatt_aci.o
LOAD Middlewares\BlueNRG-MS\Wireless\Controller\bluenrg_hal_aci.o
LOAD Middlewares\BlueNRG-MS\Wireless\Controller\bluenrg_l2cap_aci.o
LOAD Middlewares\BlueNRG-MS\Wireless\Controller\bluenrg_updater_aci.o
LOAD Middlewares\BlueNRG-MS\Wireless\Controller\bluenrg_utils_small.o
LOAD Middlewares\BlueNRG-MS\Wireless\HCI_TL\Basic\hci_le.o
LOAD Middlewares\BlueNRG-MS\Wireless\HCI_TL\Basic\hci_tl.o
LOAD Middlewares\BlueNRG-MS\Wireless\Utils\ble_list.o
LOAD Middlewares\FreeRTOS\cmsis_os.o
LOAD Middlewares\FreeRTOS\croutine.o
LOAD Middlewares\FreeRTOS\event_groups.o
LOAD Middlewares\FreeRTOS\heap_4.o
LOAD Middlewares\FreeRTOS\list.o
LOAD Middlewares\FreeRTOS\port.o
LOAD Middlewares\FreeRTOS\queue.o
LOAD Middlewares\FreeRTOS\stream_buffer.o
LOAD Middlewares\FreeRTOS\tasks.o
LOAD Middlewares\FreeRTOS\timers.o
LOAD Src\app_x-cube-ble1.o
LOAD Src\device_manager.o
LOAD Src\freertos.o
LOAD Src\generic_driver.o
LOAD Src\hci_tl_interface.o
LOAD Src\main.o
LOAD Src\one_wire_driver.o
LOAD Src\one_wire_sensor.o
LOAD Src\sample_service.o
LOAD Src\sensor.o
LOAD Src\stm32l4xx_hal_msp.o
LOAD Src\stm32l4xx_hal_timebase_tim.o
LOAD Src\stm32l4xx_it.o
LOAD Src\stm32l4xx_nucleo.o
LOAD Src\stm32l4xx_nucleo_bus.o
LOAD Src\syscalls.o
LOAD Src\system_stm32l4xx.o
LOAD Src\timer.o
LOAD startup\startup_stm32l476xx.o
                0x00001000                malloc_getpagesize_P = 0x1000
START GROUP
LOAD c:/program files (x86)/atollic/truestudio for stm32 9.3.0/armtools/bin/../lib/gcc/arm-atollic-eabi/6.3.1/../../../../arm-atollic-eabi/lib/armv7e-m/fpu\libstdc++.a
LOAD c:/program files (x86)/atollic/truestudio for stm32 9.3.0/armtools/bin/../lib/gcc/arm-atollic-eabi/6.3.1/../../../../arm-atollic-eabi/lib/armv7e-m/fpu\libsupc++.a
END GROUP
LOAD c:/program files (x86)/atollic/truestudio for stm32 9.3.0/armtools/bin/../lib/gcc/arm-atollic-eabi/6.3.1/../../../../arm-atollic-eabi/lib/armv7e-m/fpu\libstdc++.a
LOAD c:/program files (x86)/atollic/truestudio for stm32 9.3.0/armtools/bin/../lib/gcc/arm-atollic-eabi/6.3.1/../../../../arm-atollic-eabi/lib/armv7e-m/fpu\libm.a
LOAD c:/program files (x86)/atollic/truestudio for stm32 9.3.0/armtools/bin/../lib/gcc/arm-atollic-eabi/6.3.1/../../../../arm-atollic-eabi/lib/armv7e-m/fpu\libc.a
START GROUP
LOAD c:/program files (x86)/atollic/truestudio for stm32 9.3.0/armtools/bin/../lib/gcc/arm-atollic-eabi/6.3.1/armv7e-m/fpu\libgcc.a
LOAD c:/program files (x86)/atollic/truestudio for stm32 9.3.0/armtools/bin/../lib/gcc/arm-atollic-eabi/6.3.1/../../../../arm-atollic-eabi/lib/armv7e-m/fpu\libc.a
END GROUP
START GROUP
LOAD c:/program files (x86)/atollic/truestudio for stm32 9.3.0/armtools/bin/../lib/gcc/arm-atollic-eabi/6.3.1/armv7e-m/fpu\libgcc.a
LOAD c:/program files (x86)/atollic/truestudio for stm32 9.3.0/armtools/bin/../lib/gcc/arm-atollic-eabi/6.3.1/../../../../arm-atollic-eabi/lib/armv7e-m/fpu\libc.a
LOAD c:/program files (x86)/atollic/truestudio for stm32 9.3.0/armtools/bin/../lib/gcc/arm-atollic-eabi/6.3.1/../../../../arm-atollic-eabi/lib/armv7e-m/fpu\libnosys.a
END GROUP
LOAD c:/program files (x86)/atollic/truestudio for stm32 9.3.0/armtools/bin/../lib/gcc/arm-atollic-eabi/6.3.1/armv7e-m/fpu/crtend.o
LOAD c:/program files (x86)/atollic/truestudio for stm32 9.3.0/armtools/bin/../lib/gcc/arm-atollic-eabi/6.3.1/armv7e-m/fpu/crtn.o
                0x20018000                _estack = 0x20018000
                0x00000200                _Min_Heap_Size = 0x200
                0x00000400                _Min_Stack_Size = 0x400

.isr_vector     0x08000000      0x188
                0x08000000                . = ALIGN (0x4)
 *(.isr_vector)
 .isr_vector    0x08000000      0x188 startup\startup_stm32l476xx.o
                0x08000000                g_pfnVectors
                0x08000188                . = ALIGN (0x4)

.text           0x08000190    0x10298
                0x08000190                . = ALIGN (0x4)
 *(.text)
 .text          0x08000190       0x40 c:/program files (x86)/atollic/truestudio for stm32 9.3.0/armtools/bin/../lib/gcc/arm-atollic-eabi/6.3.1/armv7e-m/fpu/crtbegin.o
 .text          0x080001d0       0x14 c:/program files (x86)/atollic/truestudio for stm32 9.3.0/armtools/bin/../lib/gcc/arm-atollic-eabi/6.3.1/../../../../arm-atollic-eabi/lib/armv7e-m/fpu\libc.a(lib_a-strcmp.o)
                0x080001d0                strcmp
 .text          0x080001e4       0x10 c:/program files (x86)/atollic/truestudio for stm32 9.3.0/armtools/bin/../lib/gcc/arm-atollic-eabi/6.3.1/../../../../arm-atollic-eabi/lib/armv7e-m/fpu\libc.a(lib_a-strlen.o)
                0x080001e4                strlen
 *fill*         0x080001f4        0xc 
 .text          0x08000200       0xa0 c:/program files (x86)/atollic/truestudio for stm32 9.3.0/armtools/bin/../lib/gcc/arm-atollic-eabi/6.3.1/../../../../arm-atollic-eabi/lib/armv7e-m/fpu\libc.a(lib_a-memchr.o)
                0x08000200                memchr
 .text          0x080002a0      0x370 c:/program files (x86)/atollic/truestudio for stm32 9.3.0/armtools/bin/../lib/gcc/arm-atollic-eabi/6.3.1/armv7e-m/fpu\libgcc.a(_arm_addsubdf3.o)
                0x080002a0                __aeabi_drsub
                0x080002a8                __aeabi_dsub
                0x080002a8                __subdf3
                0x080002ac                __aeabi_dadd
                0x080002ac                __adddf3
                0x08000524                __floatunsidf
                0x08000524                __aeabi_ui2d
                0x08000544                __floatsidf
                0x08000544                __aeabi_i2d
                0x08000568                __aeabi_f2d
                0x08000568                __extendsfdf2
                0x080005a4                __floatundidf
                0x080005a4                __aeabi_ul2d
                0x080005b4                __floatdidf
                0x080005b4                __aeabi_l2d
 .text          0x08000610      0x424 c:/program files (x86)/atollic/truestudio for stm32 9.3.0/armtools/bin/../lib/gcc/arm-atollic-eabi/6.3.1/armv7e-m/fpu\libgcc.a(_arm_muldivdf3.o)
                0x08000610                __aeabi_dmul
                0x08000610                __muldf3
                0x08000864                __divdf3
                0x08000864                __aeabi_ddiv
 .text          0x08000a34      0x110 c:/program files (x86)/atollic/truestudio for stm32 9.3.0/armtools/bin/../lib/gcc/arm-atollic-eabi/6.3.1/armv7e-m/fpu\libgcc.a(_arm_cmpdf2.o)
                0x08000a34                __gtdf2
                0x08000a34                __gedf2
                0x08000a3c                __ltdf2
                0x08000a3c                __ledf2
                0x08000a44                __nedf2
                0x08000a44                __eqdf2
                0x08000a44                __cmpdf2
                0x08000ac0                __aeabi_cdrcmple
                0x08000ad0                __aeabi_cdcmpeq
                0x08000ad0                __aeabi_cdcmple
                0x08000ae0                __aeabi_dcmpeq
                0x08000af4                __aeabi_dcmplt
                0x08000b08                __aeabi_dcmple
                0x08000b1c                __aeabi_dcmpge
                0x08000b30                __aeabi_dcmpgt
 .text          0x08000b44       0x2c c:/program files (x86)/atollic/truestudio for stm32 9.3.0/armtools/bin/../lib/gcc/arm-atollic-eabi/6.3.1/armv7e-m/fpu\libgcc.a(_arm_unorddf2.o)
                0x08000b44                __unorddf2
                0x08000b44                __aeabi_dcmpun
 .text          0x08000b70       0x50 c:/program files (x86)/atollic/truestudio for stm32 9.3.0/armtools/bin/../lib/gcc/arm-atollic-eabi/6.3.1/armv7e-m/fpu\libgcc.a(_arm_fixdfsi.o)
                0x08000b70                __aeabi_d2iz
                0x08000b70                __fixdfsi
 .text          0x08000bc0       0x40 c:/program files (x86)/atollic/truestudio for stm32 9.3.0/armtools/bin/../lib/gcc/arm-atollic-eabi/6.3.1/armv7e-m/fpu\libgcc.a(_arm_fixunsdfsi.o)
                0x08000bc0                __aeabi_d2uiz
                0x08000bc0                __fixunsdfsi
 .text          0x08000c00       0x30 c:/program files (x86)/atollic/truestudio for stm32 9.3.0/armtools/bin/../lib/gcc/arm-atollic-eabi/6.3.1/armv7e-m/fpu\libgcc.a(_aeabi_uldivmod.o)
                0x08000c00                __aeabi_uldivmod
 .text          0x08000c30      0x2dc c:/program files (x86)/atollic/truestudio for stm32 9.3.0/armtools/bin/../lib/gcc/arm-atollic-eabi/6.3.1/armv7e-m/fpu\libgcc.a(_udivmoddi4.o)
                0x08000c30                __udivmoddi4
 .text          0x08000f0c      0x9cc c:/program files (x86)/atollic/truestudio for stm32 9.3.0/armtools/bin/../lib/gcc/arm-atollic-eabi/6.3.1/armv7e-m/fpu\libgcc.a(unwind-arm.o)
                0x080011cc                _Unwind_GetCFA
                0x080011d0                __gnu_Unwind_RaiseException
                0x08001230                __gnu_Unwind_ForcedUnwind
                0x08001244                __gnu_Unwind_Resume
                0x08001288                __gnu_Unwind_Resume_or_Rethrow
                0x08001298                _Unwind_Complete
                0x0800129c                _Unwind_DeleteException
                0x080012a8                _Unwind_VRS_Get
                0x080012f4                _Unwind_VRS_Set
                0x08001344                __gnu_Unwind_Backtrace
                0x08001684                __aeabi_unwind_cpp_pr0
                0x08001688                __aeabi_unwind_cpp_pr1
                0x0800168c                __aeabi_unwind_cpp_pr2
                0x08001690                _Unwind_VRS_Pop
 .text          0x080018d8      0x1ac c:/program files (x86)/atollic/truestudio for stm32 9.3.0/armtools/bin/../lib/gcc/arm-atollic-eabi/6.3.1/armv7e-m/fpu\libgcc.a(libunwind.o)
                0x080018d8                __restore_core_regs
                0x080018d8                restore_core_regs
                0x080018f0                __gnu_Unwind_Restore_VFP
                0x080018f8                __gnu_Unwind_Save_VFP
                0x08001900                __gnu_Unwind_Restore_VFP_D
                0x08001908                __gnu_Unwind_Save_VFP_D
                0x08001910                __gnu_Unwind_Restore_VFP_D_16_to_31
                0x08001918                __gnu_Unwind_Save_VFP_D_16_to_31
                0x08001920                __gnu_Unwind_Restore_WMMXD
                0x08001964                __gnu_Unwind_Save_WMMXD
                0x080019a8                __gnu_Unwind_Restore_WMMXC
                0x080019bc                __gnu_Unwind_Save_WMMXC
                0x080019d0                ___Unwind_RaiseException
                0x080019d0                _Unwind_RaiseException
                0x080019f4                _Unwind_Resume
                0x080019f4                ___Unwind_Resume
                0x08001a18                _Unwind_Resume_or_Rethrow
                0x08001a18                ___Unwind_Resume_or_Rethrow
                0x08001a3c                _Unwind_ForcedUnwind
                0x08001a3c                ___Unwind_ForcedUnwind
                0x08001a60                ___Unwind_Backtrace
                0x08001a60                _Unwind_Backtrace
 .text          0x08001a84      0x380 c:/program files (x86)/atollic/truestudio for stm32 9.3.0/armtools/bin/../lib/gcc/arm-atollic-eabi/6.3.1/armv7e-m/fpu\libgcc.a(pr-support.o)
                0x08001adc                __gnu_unwind_execute
                0x08001dac                __gnu_unwind_frame
                0x08001dd4                _Unwind_GetRegionStart
                0x08001de0                _Unwind_GetLanguageSpecificData
                0x08001df4                _Unwind_GetTextRelBase
                0x08001dfc                _Unwind_GetDataRelBase
 .text          0x08001e04        0x4 c:/program files (x86)/atollic/truestudio for stm32 9.3.0/armtools/bin/../lib/gcc/arm-atollic-eabi/6.3.1/armv7e-m/fpu\libgcc.a(_dvmd_tls.o)
                0x08001e04                __aeabi_idiv0
                0x08001e04                __aeabi_ldiv0
 *(.text*)
 .text.HAL_Init
                0x08001e08       0x40 Drivers\STM32L4xx_HAL_Driver\stm32l4xx_hal.o
                0x08001e08                HAL_Init
 .text.HAL_IncTick
                0x08001e48       0x24 Drivers\STM32L4xx_HAL_Driver\stm32l4xx_hal.o
                0x08001e48                HAL_IncTick
 .text.HAL_GetTick
                0x08001e6c       0x18 Drivers\STM32L4xx_HAL_Driver\stm32l4xx_hal.o
                0x08001e6c                HAL_GetTick
 .text.HAL_Delay
                0x08001e84       0x44 Drivers\STM32L4xx_HAL_Driver\stm32l4xx_hal.o
                0x08001e84                HAL_Delay
 .text.__NVIC_SetPriorityGrouping
                0x08001ec8       0x48 Drivers\STM32L4xx_HAL_Driver\stm32l4xx_hal_cortex.o
 .text.__NVIC_GetPriorityGrouping
                0x08001f10       0x1c Drivers\STM32L4xx_HAL_Driver\stm32l4xx_hal_cortex.o
 .text.__NVIC_EnableIRQ
                0x08001f2c       0x3c Drivers\STM32L4xx_HAL_Driver\stm32l4xx_hal_cortex.o
 .text.__NVIC_SetPriority
                0x08001f68       0x54 Drivers\STM32L4xx_HAL_Driver\stm32l4xx_hal_cortex.o
 .text.NVIC_EncodePriority
                0x08001fbc       0x62 Drivers\STM32L4xx_HAL_Driver\stm32l4xx_hal_cortex.o
 .text.HAL_NVIC_SetPriorityGrouping
                0x0800201e       0x16 Drivers\STM32L4xx_HAL_Driver\stm32l4xx_hal_cortex.o
                0x0800201e                HAL_NVIC_SetPriorityGrouping
 .text.HAL_NVIC_SetPriority
                0x08002034       0x38 Drivers\STM32L4xx_HAL_Driver\stm32l4xx_hal_cortex.o
                0x08002034                HAL_NVIC_SetPriority
 .text.HAL_NVIC_EnableIRQ
                0x0800206c       0x1c Drivers\STM32L4xx_HAL_Driver\stm32l4xx_hal_cortex.o
                0x0800206c                HAL_NVIC_EnableIRQ
 .text.HAL_EXTI_RegisterCallback
                0x08002088       0x34 Drivers\STM32L4xx_HAL_Driver\stm32l4xx_hal_exti.o
                0x08002088                HAL_EXTI_RegisterCallback
 .text.HAL_EXTI_GetHandle
                0x080020bc       0x28 Drivers\STM32L4xx_HAL_Driver\stm32l4xx_hal_exti.o
                0x080020bc                HAL_EXTI_GetHandle
 .text.HAL_EXTI_IRQHandler
                0x080020e4       0x60 Drivers\STM32L4xx_HAL_Driver\stm32l4xx_hal_exti.o
                0x080020e4                HAL_EXTI_IRQHandler
 .text.HAL_GPIO_Init
                0x08002144      0x350 Drivers\STM32L4xx_HAL_Driver\stm32l4xx_hal_gpio.o
                0x08002144                HAL_GPIO_Init
 .text.HAL_GPIO_DeInit
                0x08002494      0x1e8 Drivers\STM32L4xx_HAL_Driver\stm32l4xx_hal_gpio.o
                0x08002494                HAL_GPIO_DeInit
 .text.HAL_GPIO_ReadPin
                0x0800267c       0x30 Drivers\STM32L4xx_HAL_Driver\stm32l4xx_hal_gpio.o
                0x0800267c                HAL_GPIO_ReadPin
 .text.HAL_GPIO_WritePin
                0x080026ac       0x30 Drivers\STM32L4xx_HAL_Driver\stm32l4xx_hal_gpio.o
                0x080026ac                HAL_GPIO_WritePin
 .text.HAL_GPIO_TogglePin
                0x080026dc       0x32 Drivers\STM32L4xx_HAL_Driver\stm32l4xx_hal_gpio.o
                0x080026dc                HAL_GPIO_TogglePin
 *fill*         0x0800270e        0x2 
 .text.HAL_PWREx_GetVoltageRange
                0x08002710       0x1c Drivers\STM32L4xx_HAL_Driver\stm32l4xx_hal_pwr_ex.o
                0x08002710                HAL_PWREx_GetVoltageRange
 .text.HAL_PWREx_ControlVoltageScaling
                0x0800272c       0xac Drivers\STM32L4xx_HAL_Driver\stm32l4xx_hal_pwr_ex.o
                0x0800272c                HAL_PWREx_ControlVoltageScaling
 .text.HAL_RCC_OscConfig
                0x080027d8      0x7cc Drivers\STM32L4xx_HAL_Driver\stm32l4xx_hal_rcc.o
                0x080027d8                HAL_RCC_OscConfig
 .text.HAL_RCC_ClockConfig
                0x08002fa4      0x1c4 Drivers\STM32L4xx_HAL_Driver\stm32l4xx_hal_rcc.o
                0x08002fa4                HAL_RCC_ClockConfig
 .text.HAL_RCC_GetSysClockFreq
                0x08003168      0x114 Drivers\STM32L4xx_HAL_Driver\stm32l4xx_hal_rcc.o
                0x08003168                HAL_RCC_GetSysClockFreq
 .text.HAL_RCC_GetHCLKFreq
                0x0800327c       0x18 Drivers\STM32L4xx_HAL_Driver\stm32l4xx_hal_rcc.o
                0x0800327c                HAL_RCC_GetHCLKFreq
 .text.HAL_RCC_GetPCLK1Freq
                0x08003294       0x2c Drivers\STM32L4xx_HAL_Driver\stm32l4xx_hal_rcc.o
                0x08003294                HAL_RCC_GetPCLK1Freq
 .text.HAL_RCC_GetPCLK2Freq
                0x080032c0       0x2c Drivers\STM32L4xx_HAL_Driver\stm32l4xx_hal_rcc.o
                0x080032c0                HAL_RCC_GetPCLK2Freq
 .text.HAL_RCC_GetClockConfig
                0x080032ec       0x64 Drivers\STM32L4xx_HAL_Driver\stm32l4xx_hal_rcc.o
                0x080032ec                HAL_RCC_GetClockConfig
 .text.HAL_RCC_NMI_IRQHandler
                0x08003350       0x28 Drivers\STM32L4xx_HAL_Driver\stm32l4xx_hal_rcc.o
                0x08003350                HAL_RCC_NMI_IRQHandler
 .text.HAL_RCC_CSSCallback
                0x08003378        0xe Drivers\STM32L4xx_HAL_Driver\stm32l4xx_hal_rcc.o
                0x08003378                HAL_RCC_CSSCallback
 *fill*         0x08003386        0x2 
 .text.RCC_SetFlashLatencyFromMSIRange
                0x08003388       0xc0 Drivers\STM32L4xx_HAL_Driver\stm32l4xx_hal_rcc.o
 .text.HAL_RCCEx_PeriphCLKConfig
                0x08003448      0x5cc Drivers\STM32L4xx_HAL_Driver\stm32l4xx_hal_rcc_ex.o
                0x08003448                HAL_RCCEx_PeriphCLKConfig
 .text.RCCEx_PLLSAI1_Config
                0x08003a14      0x1e0 Drivers\STM32L4xx_HAL_Driver\stm32l4xx_hal_rcc_ex.o
 .text.RCCEx_PLLSAI2_Config
                0x08003bf4      0x1b4 Drivers\STM32L4xx_HAL_Driver\stm32l4xx_hal_rcc_ex.o
 .text.HAL_SPI_Init
                0x08003da8      0x110 Drivers\STM32L4xx_HAL_Driver\stm32l4xx_hal_spi.o
                0x08003da8                HAL_SPI_Init
 .text.HAL_SPI_MspInit
                0x08003eb8       0x14 Drivers\STM32L4xx_HAL_Driver\stm32l4xx_hal_spi.o
                0x08003eb8                HAL_SPI_MspInit
 .text.HAL_SPI_TransmitReceive
                0x08003ecc      0x420 Drivers\STM32L4xx_HAL_Driver\stm32l4xx_hal_spi.o
                0x08003ecc                HAL_SPI_TransmitReceive
 .text.HAL_SPI_GetState
                0x080042ec       0x1c Drivers\STM32L4xx_HAL_Driver\stm32l4xx_hal_spi.o
                0x080042ec                HAL_SPI_GetState
 .text.SPI_WaitFlagStateUntilTimeout
                0x08004308       0xd4 Drivers\STM32L4xx_HAL_Driver\stm32l4xx_hal_spi.o
 .text.SPI_WaitFifoStateUntilTimeout
                0x080043dc       0xda Drivers\STM32L4xx_HAL_Driver\stm32l4xx_hal_spi.o
 .text.SPI_EndRxTxTransaction
                0x080044b6       0x8c Drivers\STM32L4xx_HAL_Driver\stm32l4xx_hal_spi.o
 .text.HAL_TIM_Base_Init
                0x08004542       0x56 Drivers\STM32L4xx_HAL_Driver\stm32l4xx_hal_tim.o
                0x08004542                HAL_TIM_Base_Init
 .text.HAL_TIM_Base_Stop
                0x08004598       0x56 Drivers\STM32L4xx_HAL_Driver\stm32l4xx_hal_tim.o
                0x08004598                HAL_TIM_Base_Stop
 *fill*         0x080045ee        0x2 
 .text.HAL_TIM_Base_Start_IT
                0x080045f0       0x54 Drivers\STM32L4xx_HAL_Driver\stm32l4xx_hal_tim.o
                0x080045f0                HAL_TIM_Base_Start_IT
 .text.HAL_TIM_IRQHandler
                0x08004644      0x23e Drivers\STM32L4xx_HAL_Driver\stm32l4xx_hal_tim.o
                0x08004644                HAL_TIM_IRQHandler
 .text.HAL_TIM_OC_DelayElapsedCallback
                0x08004882       0x14 Drivers\STM32L4xx_HAL_Driver\stm32l4xx_hal_tim.o
                0x08004882                HAL_TIM_OC_DelayElapsedCallback
 .text.HAL_TIM_IC_CaptureCallback
                0x08004896       0x14 Drivers\STM32L4xx_HAL_Driver\stm32l4xx_hal_tim.o
                0x08004896                HAL_TIM_IC_CaptureCallback
 .text.HAL_TIM_PWM_PulseFinishedCallback
                0x080048aa       0x14 Drivers\STM32L4xx_HAL_Driver\stm32l4xx_hal_tim.o
                0x080048aa                HAL_TIM_PWM_PulseFinishedCallback
 .text.HAL_TIM_TriggerCallback
                0x080048be       0x14 Drivers\STM32L4xx_HAL_Driver\stm32l4xx_hal_tim.o
                0x080048be                HAL_TIM_TriggerCallback
 *fill*         0x080048d2        0x2 
 .text.TIM_Base_SetConfig
                0x080048d4      0x134 Drivers\STM32L4xx_HAL_Driver\stm32l4xx_hal_tim.o
                0x080048d4                TIM_Base_SetConfig
 .text.HAL_TIMEx_MasterConfigSynchronization
                0x08004a08      0x110 Drivers\STM32L4xx_HAL_Driver\stm32l4xx_hal_tim_ex.o
                0x08004a08                HAL_TIMEx_MasterConfigSynchronization
 .text.HAL_TIMEx_CommutCallback
                0x08004b18       0x14 Drivers\STM32L4xx_HAL_Driver\stm32l4xx_hal_tim_ex.o
                0x08004b18                HAL_TIMEx_CommutCallback
 .text.HAL_TIMEx_BreakCallback
                0x08004b2c       0x14 Drivers\STM32L4xx_HAL_Driver\stm32l4xx_hal_tim_ex.o
                0x08004b2c                HAL_TIMEx_BreakCallback
 .text.HAL_TIMEx_Break2Callback
                0x08004b40       0x14 Drivers\STM32L4xx_HAL_Driver\stm32l4xx_hal_tim_ex.o
                0x08004b40                HAL_TIMEx_Break2Callback
 .text.HAL_UART_Init
                0x08004b54       0x9c Drivers\STM32L4xx_HAL_Driver\stm32l4xx_hal_uart.o
                0x08004b54                HAL_UART_Init
 .text.HAL_UART_Transmit
                0x08004bf0      0x126 Drivers\STM32L4xx_HAL_Driver\stm32l4xx_hal_uart.o
                0x08004bf0                HAL_UART_Transmit
 *fill*         0x08004d16        0x2 
 .text.UART_SetConfig
                0x08004d18      0x6c8 Drivers\STM32L4xx_HAL_Driver\stm32l4xx_hal_uart.o
                0x08004d18                UART_SetConfig
 .text.UART_AdvFeatureConfig
                0x080053e0      0x144 Drivers\STM32L4xx_HAL_Driver\stm32l4xx_hal_uart.o
                0x080053e0                UART_AdvFeatureConfig
 .text.UART_CheckIdleState
                0x08005524       0x8a Drivers\STM32L4xx_HAL_Driver\stm32l4xx_hal_uart.o
                0x08005524                UART_CheckIdleState
 .text.UART_WaitOnFlagUntilTimeout
                0x080055ae       0xf6 Drivers\STM32L4xx_HAL_Driver\stm32l4xx_hal_uart.o
                0x080055ae                UART_WaitOnFlagUntilTimeout
 .text.aci_gap_init_IDB05A1
                0x080056a4       0xa0 Middlewares\BlueNRG-MS\Wireless\Controller\bluenrg_gap_aci.o
                0x080056a4                aci_gap_init_IDB05A1
 .text.aci_gap_init_IDB04A1
                0x08005744       0x94 Middlewares\BlueNRG-MS\Wireless\Controller\bluenrg_gap_aci.o
                0x08005744                aci_gap_init_IDB04A1
 .text.aci_gap_set_discoverable
                0x080057d8      0x1de Middlewares\BlueNRG-MS\Wireless\Controller\bluenrg_gap_aci.o
                0x080057d8                aci_gap_set_discoverable
 .text.aci_gap_set_auth_requirement
                0x080059b6       0xa8 Middlewares\BlueNRG-MS\Wireless\Controller\bluenrg_gap_aci.o
                0x080059b6                aci_gap_set_auth_requirement
 .text.aci_gap_create_connection
                0x08005a5e       0xa8 Middlewares\BlueNRG-MS\Wireless\Controller\bluenrg_gap_aci.o
                0x08005a5e                aci_gap_create_connection
 .text.aci_gatt_init
                0x08005b06       0x46 Middlewares\BlueNRG-MS\Wireless\Controller\bluenrg_gatt_aci.o
                0x08005b06                aci_gatt_init
 .text.aci_gatt_add_serv
                0x08005b4c      0x118 Middlewares\BlueNRG-MS\Wireless\Controller\bluenrg_gatt_aci.o
                0x08005b4c                aci_gatt_add_serv
 .text.aci_gatt_add_char
                0x08005c64      0x1a4 Middlewares\BlueNRG-MS\Wireless\Controller\bluenrg_gatt_aci.o
                0x08005c64                aci_gatt_add_char
 .text.aci_gatt_update_char_value
                0x08005e08      0x126 Middlewares\BlueNRG-MS\Wireless\Controller\bluenrg_gatt_aci.o
                0x08005e08                aci_gatt_update_char_value
 .text.aci_gatt_disc_charac_by_uuid
                0x08005f2e      0x11e Middlewares\BlueNRG-MS\Wireless\Controller\bluenrg_gatt_aci.o
                0x08005f2e                aci_gatt_disc_charac_by_uuid
 .text.aci_gatt_write_charac_descriptor
                0x0800604c       0xfa Middlewares\BlueNRG-MS\Wireless\Controller\bluenrg_gatt_aci.o
                0x0800604c                aci_gatt_write_charac_descriptor
 .text.aci_gatt_write_without_response
                0x08006146       0x8a Middlewares\BlueNRG-MS\Wireless\Controller\bluenrg_gatt_aci.o
                0x08006146                aci_gatt_write_without_response
 .text.aci_hal_write_config_data
                0x080061d0       0xd0 Middlewares\BlueNRG-MS\Wireless\Controller\bluenrg_hal_aci.o
                0x080061d0                aci_hal_write_config_data
 .text.aci_hal_set_tx_power_level
                0x080062a0       0x62 Middlewares\BlueNRG-MS\Wireless\Controller\bluenrg_hal_aci.o
                0x080062a0                aci_hal_set_tx_power_level
 .text.getBlueNRGVersion
                0x08006302       0x88 Middlewares\BlueNRG-MS\Wireless\Controller\bluenrg_utils_small.o
                0x08006302                getBlueNRGVersion
 .text.hci_reset
                0x0800638a       0x44 Middlewares\BlueNRG-MS\Wireless\HCI_TL\Basic\hci_le.o
                0x0800638a                hci_reset
 .text.hci_le_read_local_version
                0x080063ce       0x94 Middlewares\BlueNRG-MS\Wireless\HCI_TL\Basic\hci_le.o
                0x080063ce                hci_le_read_local_version
 .text.hci_le_set_scan_resp_data
                0x08006462       0x82 Middlewares\BlueNRG-MS\Wireless\HCI_TL\Basic\hci_le.o
                0x08006462                hci_le_set_scan_resp_data
 .text.verify_packet
                0x080064e4       0x40 Middlewares\BlueNRG-MS\Wireless\HCI_TL\Basic\hci_tl.o
 .text.send_cmd
                0x08006524       0x80 Middlewares\BlueNRG-MS\Wireless\HCI_TL\Basic\hci_tl.o
 .text.move_list
                0x080065a4       0x36 Middlewares\BlueNRG-MS\Wireless\HCI_TL\Basic\hci_tl.o
 *fill*         0x080065da        0x2 
 .text.free_event_list
                0x080065dc       0x38 Middlewares\BlueNRG-MS\Wireless\HCI_TL\Basic\hci_tl.o
 .text.hci_init
                0x08006614       0x84 Middlewares\BlueNRG-MS\Wireless\HCI_TL\Basic\hci_tl.o
                0x08006614                hci_init
 .text.hci_register_io_bus
                0x08006698       0x40 Middlewares\BlueNRG-MS\Wireless\HCI_TL\Basic\hci_tl.o
                0x08006698                hci_register_io_bus
 .text.hci_send_req
                0x080066d8      0x22c Middlewares\BlueNRG-MS\Wireless\HCI_TL\Basic\hci_tl.o
                0x080066d8                hci_send_req
 .text.hci_user_evt_proc
                0x08006904       0x54 Middlewares\BlueNRG-MS\Wireless\HCI_TL\Basic\hci_tl.o
                0x08006904                hci_user_evt_proc
 .text.hci_notify_asynch_evt
                0x08006958       0x9c Middlewares\BlueNRG-MS\Wireless\HCI_TL\Basic\hci_tl.o
                0x08006958                hci_notify_asynch_evt
 .text.list_init_head
                0x080069f4       0x20 Middlewares\BlueNRG-MS\Wireless\Utils\ble_list.o
                0x080069f4                list_init_head
 .text.list_is_empty
                0x08006a14       0x40 Middlewares\BlueNRG-MS\Wireless\Utils\ble_list.o
                0x08006a14                list_is_empty
 .text.list_insert_head
                0x08006a54       0x48 Middlewares\BlueNRG-MS\Wireless\Utils\ble_list.o
                0x08006a54                list_insert_head
 .text.list_insert_tail
                0x08006a9c       0x48 Middlewares\BlueNRG-MS\Wireless\Utils\ble_list.o
                0x08006a9c                list_insert_tail
 .text.list_remove_node
                0x08006ae4       0x3e Middlewares\BlueNRG-MS\Wireless\Utils\ble_list.o
                0x08006ae4                list_remove_node
 .text.list_remove_head
                0x08006b22       0x4a Middlewares\BlueNRG-MS\Wireless\Utils\ble_list.o
                0x08006b22                list_remove_head
 .text.list_remove_tail
                0x08006b6c       0x4a Middlewares\BlueNRG-MS\Wireless\Utils\ble_list.o
                0x08006b6c                list_remove_tail
 .text.list_get_size
                0x08006bb6       0x4c Middlewares\BlueNRG-MS\Wireless\Utils\ble_list.o
                0x08006bb6                list_get_size
 .text.makeFreeRtosPriority
                0x08006c02       0x30 Middlewares\FreeRTOS\cmsis_os.o
 .text.osKernelStart
                0x08006c32        0xe Middlewares\FreeRTOS\cmsis_os.o
                0x08006c32                osKernelStart
 .text.osThreadCreate
                0x08006c40       0x98 Middlewares\FreeRTOS\cmsis_os.o
                0x08006c40                osThreadCreate
 .text.osDelay  0x08006cd8       0x28 Middlewares\FreeRTOS\cmsis_os.o
                0x08006cd8                osDelay
 .text.pvPortMalloc
                0x08006d00      0x184 Middlewares\FreeRTOS\heap_4.o
                0x08006d00                pvPortMalloc
 .text.vPortFree
                0x08006e84       0xb0 Middlewares\FreeRTOS\heap_4.o
                0x08006e84                vPortFree
 .text.prvHeapInit
                0x08006f34       0xc4 Middlewares\FreeRTOS\heap_4.o
 .text.prvInsertBlockIntoFreeList
                0x08006ff8       0xb4 Middlewares\FreeRTOS\heap_4.o
 .text.vListInitialise
                0x080070ac       0x40 Middlewares\FreeRTOS\list.o
                0x080070ac                vListInitialise
 .text.vListInitialiseItem
                0x080070ec       0x1a Middlewares\FreeRTOS\list.o
                0x080070ec                vListInitialiseItem
 .text.vListInsertEnd
                0x08007106       0x48 Middlewares\FreeRTOS\list.o
                0x08007106                vListInsertEnd
 .text.vListInsert
                0x0800714e       0x72 Middlewares\FreeRTOS\list.o
                0x0800714e                vListInsert
 .text.uxListRemove
                0x080071c0       0x54 Middlewares\FreeRTOS\list.o
                0x080071c0                uxListRemove
 .text.pxPortInitialiseStack
                0x08007214       0x68 Middlewares\FreeRTOS\port.o
                0x08007214                pxPortInitialiseStack
 .text.prvTaskExitError
                0x0800727c       0x54 Middlewares\FreeRTOS\port.o
 .text.SVC_Handler
                0x080072d0       0x28 Middlewares\FreeRTOS\port.o
                0x080072d0                SVC_Handler
 .text.prvPortStartFirstTask
                0x080072f8       0x28 Middlewares\FreeRTOS\port.o
 .text.xPortStartScheduler
                0x08007320      0x13c Middlewares\FreeRTOS\port.o
                0x08007320                xPortStartScheduler
 .text.vPortEnterCritical
                0x0800745c       0x5c Middlewares\FreeRTOS\port.o
                0x0800745c                vPortEnterCritical
 .text.vPortExitCritical
                0x080074b8       0x50 Middlewares\FreeRTOS\port.o
                0x080074b8                vPortExitCritical
 *fill*         0x08007508        0x8 
 .text.PendSV_Handler
                0x08007510       0x68 Middlewares\FreeRTOS\port.o
                0x08007510                PendSV_Handler
 .text.SysTick_Handler
                0x08007578       0x40 Middlewares\FreeRTOS\port.o
                0x08007578                SysTick_Handler
 .text.vPortSetupTimerInterrupt
                0x080075b8       0x48 Middlewares\FreeRTOS\port.o
                0x080075b8                vPortSetupTimerInterrupt
 .text.vPortEnableVFP
                0x08007600       0x14 Middlewares\FreeRTOS\port.o
 .text.vPortValidateInterruptPriority
                0x08007614       0x7c Middlewares\FreeRTOS\port.o
                0x08007614                vPortValidateInterruptPriority
 .text.xQueueGenericReset
                0x08007690       0xd0 Middlewares\FreeRTOS\queue.o
                0x08007690                xQueueGenericReset
 .text.xQueueGenericCreate
                0x08007760       0x7e Middlewares\FreeRTOS\queue.o
                0x08007760                xQueueGenericCreate
 .text.prvInitialiseNewQueue
                0x080077de       0x3e Middlewares\FreeRTOS\queue.o
 .text.xQueueGiveFromISR
                0x0800781c      0x112 Middlewares\FreeRTOS\queue.o
                0x0800781c                xQueueGiveFromISR
 *fill*         0x0800792e        0x2 
 .text.xQueueSemaphoreTake
                0x08007930      0x210 Middlewares\FreeRTOS\queue.o
                0x08007930                xQueueSemaphoreTake
 .text.prvGetDisinheritPriorityAfterTimeout
                0x08007b40       0x30 Middlewares\FreeRTOS\queue.o
 .text.prvUnlockQueue
                0x08007b70       0xa4 Middlewares\FreeRTOS\queue.o
 .text.prvIsQueueEmpty
                0x08007c14       0x2c Middlewares\FreeRTOS\queue.o
 .text.xTaskCreateStatic
                0x08007c40       0xb4 Middlewares\FreeRTOS\tasks.o
                0x08007c40                xTaskCreateStatic
 .text.xTaskCreate
                0x08007cf4       0x8a Middlewares\FreeRTOS\tasks.o
                0x08007cf4                xTaskCreate
 .text.prvInitialiseNewTask
                0x08007d7e      0x10c Middlewares\FreeRTOS\tasks.o
 *fill*         0x08007e8a        0x2 
 .text.prvAddNewTaskToReadyList
                0x08007e8c       0xd4 Middlewares\FreeRTOS\tasks.o
 .text.vTaskDelay
                0x08007f60       0x68 Middlewares\FreeRTOS\tasks.o
                0x08007f60                vTaskDelay
 .text.vTaskStartScheduler
                0x08007fc8       0xbc Middlewares\FreeRTOS\tasks.o
                0x08007fc8                vTaskStartScheduler
 .text.vTaskSuspendAll
                0x08008084       0x1c Middlewares\FreeRTOS\tasks.o
                0x08008084                vTaskSuspendAll
 .text.xTaskResumeAll
                0x080080a0      0x138 Middlewares\FreeRTOS\tasks.o
                0x080080a0                xTaskResumeAll
 .text.xTaskIncrementTick
                0x080081d8      0x170 Middlewares\FreeRTOS\tasks.o
                0x080081d8                xTaskIncrementTick
 .text.vTaskSwitchContext
                0x08008348       0xb4 Middlewares\FreeRTOS\tasks.o
                0x08008348                vTaskSwitchContext
 .text.vTaskPlaceOnEventList
                0x080083fc       0x48 Middlewares\FreeRTOS\tasks.o
                0x080083fc                vTaskPlaceOnEventList
 .text.xTaskRemoveFromEventList
                0x08008444       0xc4 Middlewares\FreeRTOS\tasks.o
                0x08008444                xTaskRemoveFromEventList
 .text.vTaskInternalSetTimeOutState
                0x08008508       0x2c Middlewares\FreeRTOS\tasks.o
                0x08008508                vTaskInternalSetTimeOutState
 .text.xTaskCheckForTimeOut
                0x08008534       0xc0 Middlewares\FreeRTOS\tasks.o
                0x08008534                xTaskCheckForTimeOut
 .text.vTaskMissedYield
                0x080085f4       0x18 Middlewares\FreeRTOS\tasks.o
                0x080085f4                vTaskMissedYield
 .text.prvIdleTask
                0x0800860c       0x30 Middlewares\FreeRTOS\tasks.o
 .text.prvInitialiseTaskLists
                0x0800863c       0x80 Middlewares\FreeRTOS\tasks.o
 .text.prvCheckTasksWaitingTermination
                0x080086bc       0x58 Middlewares\FreeRTOS\tasks.o
 .text.prvDeleteTCB
                0x08008714       0x5c Middlewares\FreeRTOS\tasks.o
 .text.prvResetNextTaskUnblockTime
                0x08008770       0x40 Middlewares\FreeRTOS\tasks.o
 .text.xTaskGetSchedulerState
                0x080087b0       0x3c Middlewares\FreeRTOS\tasks.o
                0x080087b0                xTaskGetSchedulerState
 .text.xTaskPriorityInherit
                0x080087ec      0x100 Middlewares\FreeRTOS\tasks.o
                0x080087ec                xTaskPriorityInherit
 .text.vTaskPriorityDisinheritAfterTimeout
                0x080088ec      0x130 Middlewares\FreeRTOS\tasks.o
                0x080088ec                vTaskPriorityDisinheritAfterTimeout
 .text.pvTaskIncrementMutexHeldCount
                0x08008a1c       0x28 Middlewares\FreeRTOS\tasks.o
                0x08008a1c                pvTaskIncrementMutexHeldCount
 .text.xTaskNotifyWait
                0x08008a44       0xb4 Middlewares\FreeRTOS\tasks.o
                0x08008a44                xTaskNotifyWait
 .text.xTaskGenericNotify
                0x08008af8      0x164 Middlewares\FreeRTOS\tasks.o
                0x08008af8                xTaskGenericNotify
 .text.prvAddCurrentTaskToDelayedList
                0x08008c5c       0xcc Middlewares\FreeRTOS\tasks.o
 .text.MX_BlueNRG_MS_Init
                0x08008d28      0x218 Src\app_x-cube-ble1.o
                0x08008d28                MX_BlueNRG_MS_Init
 .text.MX_BlueNRG_MS_Process
                0x08008f40       0x22 Src\app_x-cube-ble1.o
                0x08008f40                MX_BlueNRG_MS_Process
 .text.User_Init
                0x08008f62       0x1c Src\app_x-cube-ble1.o
 *fill*         0x08008f7e        0x2 
 .text.User_Process
                0x08008f80       0xdc Src\app_x-cube-ble1.o
 .text.BSP_PB_Callback
                0x0800905c       0x20 Src\app_x-cube-ble1.o
                0x0800905c                BSP_PB_Callback
 .text._ZN13DeviceManagerC2Ev
                0x0800907c       0x92 Src\device_manager.o
                0x0800907c                DeviceManager::DeviceManager()
                0x0800907c                DeviceManager::DeviceManager()
 .text._ZN13DeviceManager14checkIfPinFreeEP7PinData
                0x0800910e       0x7a Src\device_manager.o
                0x0800910e                DeviceManager::checkIfPinFree(PinData*)
 .text._ZN13DeviceManager10getFreePinEv
                0x08009188       0x4a Src\device_manager.o
                0x08009188                DeviceManager::getFreePin()
 *fill*         0x080091d2        0x2 
 .text._ZN13DeviceManager17getNewTimerHandleEv
                0x080091d4       0x3c Src\device_manager.o
                0x080091d4                DeviceManager::getNewTimerHandle()
 .text._ZN13DeviceManager13getTimerIndexEP17TIM_HandleTypeDef
                0x08009210       0x58 Src\device_manager.o
                0x08009210                DeviceManager::getTimerIndex(TIM_HandleTypeDef*)
 .text._Z41__static_initialization_and_destruction_0ii
                0x08009268       0x54 Src\device_manager.o
 .text._GLOBAL__sub_I_htim7
                0x080092bc       0x10 Src\device_manager.o
 .text.vApplicationGetIdleTaskMemory
                0x080092cc       0x34 Src\freertos.o
                0x080092cc                vApplicationGetIdleTaskMemory
 .text.HCI_TL_SPI_Init
                0x08009300       0x90 Src\hci_tl_interface.o
                0x08009300                HCI_TL_SPI_Init
 .text.HCI_TL_SPI_DeInit
                0x08009390       0x2a Src\hci_tl_interface.o
                0x08009390                HCI_TL_SPI_DeInit
 .text.HCI_TL_SPI_Reset
                0x080093ba       0x32 Src\hci_tl_interface.o
                0x080093ba                HCI_TL_SPI_Reset
 .text.HCI_TL_SPI_Receive
                0x080093ec       0xb4 Src\hci_tl_interface.o
                0x080093ec                HCI_TL_SPI_Receive
 .text.HCI_TL_SPI_Send
                0x080094a0       0xa8 Src\hci_tl_interface.o
                0x080094a0                HCI_TL_SPI_Send
 .text.IsDataAvailable
                0x08009548       0x1e Src\hci_tl_interface.o
 *fill*         0x08009566        0x2 
 .text.hci_tl_lowlevel_init
                0x08009568       0x74 Src\hci_tl_interface.o
                0x08009568                hci_tl_lowlevel_init
 .text.hci_tl_lowlevel_isr
                0x080095dc       0x22 Src\hci_tl_interface.o
                0x080095dc                hci_tl_lowlevel_isr
 *fill*         0x080095fe        0x2 
 .text.main     0x08009600       0x98 Src\main.o
                0x08009600                main
 .text.SystemClock_Config
                0x08009698      0x116 Src\main.o
                0x08009698                SystemClock_Config
 *fill*         0x080097ae        0x2 
 .text.MX_USART3_UART_Init
                0x080097b0       0x68 Src\main.o
                0x080097b0                MX_USART3_UART_Init
 .text.MX_GPIO_Init
                0x08009818      0x110 Src\main.o
 .text.MX_TIM7_Init
                0x08009928       0x80 Src\main.o
 .text.MX_TIM6_Init
                0x080099a8       0x80 Src\main.o
 .text.MX_TIM4_Init
                0x08009a28       0x80 Src\main.o
 .text.StartDefaultTask
                0x08009aa8       0x60 Src\main.o
                0x08009aa8                StartDefaultTask
 .text.ReadoutTask
                0x08009b08       0x30 Src\main.o
                0x08009b08                ReadoutTask
 .text._ZN13OneWireDriver17firstStateHandlerEv
                0x08009b38       0x54 Src\main.o
                0x08009b38                OneWireDriver::firstStateHandler()
 .text._ZN13OneWireDriver18secondStateHandlerEv
                0x08009b8c       0x50 Src\main.o
                0x08009b8c                OneWireDriver::secondStateHandler()
 .text._ZN13OneWireDriver17thirdStateHandlerEv
                0x08009bdc      0x230 Src\main.o
                0x08009bdc                OneWireDriver::thirdStateHandler()
 *fill*         0x08009e0c        0x4 
 .text.delayMicroseconds
                0x08009e10       0xac Src\main.o
                0x08009e10                delayMicroseconds
 .text.HAL_TIM_PeriodElapsedCallback
                0x08009ebc       0x50 Src\main.o
                0x08009ebc                HAL_TIM_PeriodElapsedCallback
 .text.Error_Handler
                0x08009f0c       0x1c Src\main.o
                0x08009f0c                Error_Handler
 .text._Z41__static_initialization_and_destruction_0ii
                0x08009f28       0x4c Src\main.o
 .text._GLOBAL__sub_I_huart3
                0x08009f74       0x10 Src\main.o
 .text._ZN13GenericDriverC2EP7PinData
                0x08009f84       0x50 Src\one_wire_driver.o
                0x08009f84                GenericDriver::GenericDriver(PinData*)
                0x08009f84                GenericDriver::GenericDriver(PinData*)
 .text._ZN13GenericDriver18driverStartReadoutEv
                0x08009fd4       0x14 Src\one_wire_driver.o
                0x08009fd4                GenericDriver::driverStartReadout()
 .text._ZN13GenericDriver12executeStateEv
                0x08009fe8       0x14 Src\one_wire_driver.o
                0x08009fe8                GenericDriver::executeState()
 .text._ZN13OneWireDriverC2EP7PinData
                0x08009ffc       0x48 Src\one_wire_driver.o
                0x08009ffc                OneWireDriver::OneWireDriver(PinData*)
                0x08009ffc                OneWireDriver::OneWireDriver(PinData*)
 .text._ZN13OneWireDriver18driverStartReadoutEv
                0x0800a044       0x2c Src\one_wire_driver.o
                0x0800a044                OneWireDriver::driverStartReadout()
 .text._ZN13OneWireDriver12executeStateEv
                0x0800a070       0x48 Src\one_wire_driver.o
                0x0800a070                OneWireDriver::executeState()
 .text._ZN13OneWireDriver13changePinModeE11oneWireMode
                0x0800a0b8       0x4c Src\one_wire_driver.o
                0x0800a0b8                OneWireDriver::changePinMode(oneWireMode)
 .text._ZN13OneWireDriver8writePinEb
                0x0800a104       0x32 Src\one_wire_driver.o
                0x0800a104                OneWireDriver::writePin(bool)
 .text._ZN13OneWireDriver7readPinEv
                0x0800a136       0x34 Src\one_wire_driver.o
                0x0800a136                OneWireDriver::readPin()
 .text._ZN13OneWireSensorC2EP7PinData
                0x0800a16a       0x1e Src\one_wire_sensor.o
                0x0800a16a                OneWireSensor::OneWireSensor(PinData*)
                0x0800a16a                OneWireSensor::OneWireSensor(PinData*)
 .text._ZN13OneWireSensor15startNewReadoutEv
                0x0800a188       0x18 Src\one_wire_sensor.o
                0x0800a188                OneWireSensor::startNewReadout()
 .text.Add_Sample_Service
                0x0800a1a0       0xe4 Src\sample_service.o
                0x0800a1a0                Add_Sample_Service
 .text.Make_Connection
                0x0800a284       0xd8 Src\sample_service.o
                0x0800a284                Make_Connection
 .text.startReadTXCharHandle
                0x0800a35c       0x4c Src\sample_service.o
                0x0800a35c                startReadTXCharHandle
 .text.startReadRXCharHandle
                0x0800a3a8       0x4c Src\sample_service.o
                0x0800a3a8                startReadRXCharHandle
 .text.receiveData
                0x0800a3f4       0x4c Src\sample_service.o
                0x0800a3f4                receiveData
 .text.sendData
                0x0800a440       0x60 Src\sample_service.o
                0x0800a440                sendData
 .text.enableNotification
                0x0800a4a0       0x64 Src\sample_service.o
                0x0800a4a0                enableNotification
 .text.Attribute_Modified_CB
                0x0800a504       0x58 Src\sample_service.o
                0x0800a504                Attribute_Modified_CB
 .text.GAP_ConnectionComplete_CB
                0x0800a55c       0x68 Src\sample_service.o
                0x0800a55c                GAP_ConnectionComplete_CB
 .text.GAP_DisconnectionComplete_CB
                0x0800a5c4       0x58 Src\sample_service.o
                0x0800a5c4                GAP_DisconnectionComplete_CB
 .text.GATT_Notification_CB
                0x0800a61c       0x34 Src\sample_service.o
                0x0800a61c                GATT_Notification_CB
 .text.user_notify
                0x0800a650      0x214 Src\sample_service.o
                0x0800a650                user_notify
 .text.HAL_MspInit
                0x0800a864       0x50 Src\stm32l4xx_hal_msp.o
                0x0800a864                HAL_MspInit
 .text.HAL_TIM_Base_MspInit
                0x0800a8b4       0xb8 Src\stm32l4xx_hal_msp.o
                0x0800a8b4                HAL_TIM_Base_MspInit
 .text.HAL_UART_MspInit
                0x0800a96c       0x88 Src\stm32l4xx_hal_msp.o
                0x0800a96c                HAL_UART_MspInit
 .text.HAL_InitTick
                0x0800a9f4       0xac Src\stm32l4xx_hal_timebase_tim.o
                0x0800a9f4                HAL_InitTick
 .text.NMI_Handler
                0x0800aaa0        0xc Src\stm32l4xx_it.o
                0x0800aaa0                NMI_Handler
 .text.HardFault_Handler
                0x0800aaac        0x6 Src\stm32l4xx_it.o
                0x0800aaac                HardFault_Handler
 .text.MemManage_Handler
                0x0800aab2        0x6 Src\stm32l4xx_it.o
                0x0800aab2                MemManage_Handler
 .text.BusFault_Handler
                0x0800aab8        0x6 Src\stm32l4xx_it.o
                0x0800aab8                BusFault_Handler
 .text.UsageFault_Handler
                0x0800aabe        0x6 Src\stm32l4xx_it.o
                0x0800aabe                UsageFault_Handler
 .text.DebugMon_Handler
                0x0800aac4        0xe Src\stm32l4xx_it.o
                0x0800aac4                DebugMon_Handler
 *fill*         0x0800aad2        0x2 
 .text.EXTI0_IRQHandler
                0x0800aad4       0x14 Src\stm32l4xx_it.o
                0x0800aad4                EXTI0_IRQHandler
 .text.TIM3_IRQHandler
                0x0800aae8       0x14 Src\stm32l4xx_it.o
                0x0800aae8                TIM3_IRQHandler
 .text.EXTI15_10_IRQHandler
                0x0800aafc       0x14 Src\stm32l4xx_it.o
                0x0800aafc                EXTI15_10_IRQHandler
 .text.TIM7_IRQHandler
                0x0800ab10       0x14 Src\stm32l4xx_it.o
                0x0800ab10                TIM7_IRQHandler
 .text.BSP_LED_Init
                0x0800ab24       0x6c Src\stm32l4xx_nucleo.o
                0x0800ab24                BSP_LED_Init
 .text.BSP_LED_On
                0x0800ab90       0x2c Src\stm32l4xx_nucleo.o
                0x0800ab90                BSP_LED_On
 .text.BSP_LED_Off
                0x0800abbc       0x2c Src\stm32l4xx_nucleo.o
                0x0800abbc                BSP_LED_Off
 .text.BSP_LED_Toggle
                0x0800abe8       0x2c Src\stm32l4xx_nucleo.o
                0x0800abe8                BSP_LED_Toggle
 .text.BSP_PB_Init
                0x0800ac14       0xfc Src\stm32l4xx_nucleo.o
                0x0800ac14                BSP_PB_Init
 .text.BSP_PB_GetState
                0x0800ad10       0x38 Src\stm32l4xx_nucleo.o
                0x0800ad10                BSP_PB_GetState
 .text.BUTTON_USER_EXTI_Callback
                0x0800ad48        0xe Src\stm32l4xx_nucleo.o
 *fill*         0x0800ad56        0x2 
 .text.BSP_COM_Init
                0x0800ad58       0x68 Src\stm32l4xx_nucleo.o
                0x0800ad58                BSP_COM_Init
 .text.MX_USART2_UART_Init
                0x0800adc0       0x68 Src\stm32l4xx_nucleo.o
                0x0800adc0                MX_USART2_UART_Init
 .text.__io_putchar
                0x0800ae28       0x30 Src\stm32l4xx_nucleo.o
                0x0800ae28                __io_putchar
 .text.USART2_MspInit
                0x0800ae58       0x68 Src\stm32l4xx_nucleo.o
 .text.BSP_SPI1_Init
                0x0800aec0       0x60 Src\stm32l4xx_nucleo_bus.o
                0x0800aec0                BSP_SPI1_Init
 .text.BSP_SPI1_SendRecv
                0x0800af20       0x40 Src\stm32l4xx_nucleo_bus.o
                0x0800af20                BSP_SPI1_SendRecv
 .text.BSP_GetTick
                0x0800af60        0xe Src\stm32l4xx_nucleo_bus.o
                0x0800af60                BSP_GetTick
 *fill*         0x0800af6e        0x2 
 .text.MX_SPI1_Init
                0x0800af70       0x84 Src\stm32l4xx_nucleo_bus.o
                0x0800af70                MX_SPI1_Init
 .text.SPI1_MspInit
                0x0800aff4       0xa4 Src\stm32l4xx_nucleo_bus.o
 .text._getpid  0x0800b098       0x10 Src\syscalls.o
                0x0800b098                _getpid
 .text._kill    0x0800b0a8       0x20 Src\syscalls.o
                0x0800b0a8                _kill
 .text._exit    0x0800b0c8       0x14 Src\syscalls.o
                0x0800b0c8                _exit
 .text._read    0x0800b0dc       0x3a Src\syscalls.o
                0x0800b0dc                _read
 .text._write   0x0800b116       0x38 Src\syscalls.o
                0x0800b116                _write
 *fill*         0x0800b14e        0x2 
 .text._sbrk    0x0800b150       0x58 Src\syscalls.o
                0x0800b150                _sbrk
 .text._close   0x0800b1a8       0x18 Src\syscalls.o
                0x0800b1a8                _close
 .text._fstat   0x0800b1c0       0x20 Src\syscalls.o
                0x0800b1c0                _fstat
 .text._isatty  0x0800b1e0       0x16 Src\syscalls.o
                0x0800b1e0                _isatty
 .text._lseek   0x0800b1f6       0x1a Src\syscalls.o
                0x0800b1f6                _lseek
 .text.SystemInit
                0x0800b210       0x6c Src\system_stm32l4xx.o
                0x0800b210                SystemInit
 .text._ZN5TimerC2EP17TIM_HandleTypeDef
                0x0800b27c       0x1e Src\timer.o
                0x0800b27c                Timer::Timer(TIM_HandleTypeDef*)
                0x0800b27c                Timer::Timer(TIM_HandleTypeDef*)
 .text._ZN5Timer9getHandleEv
                0x0800b29a       0x18 Src\timer.o
                0x0800b29a                Timer::getHandle()
 .text._ZN5Timer9setDriverEP13GenericDriver
                0x0800b2b2       0x1c Src\timer.o
                0x0800b2b2                Timer::setDriver(GenericDriver*)
 .text._ZN5Timer9getDriverEv
                0x0800b2ce       0x18 Src\timer.o
                0x0800b2ce                Timer::getDriver()
 .text._ZN5Timer25wakeMeUpAfterMicrosecondsEt
                0x0800b2e6       0x5e Src\timer.o
                0x0800b2e6                Timer::wakeMeUpAfterMicroseconds(unsigned short)
 .text.Reset_Handler
                0x0800b344       0x50 startup\startup_stm32l476xx.o
                0x0800b344                Reset_Handler
 .text.Default_Handler
                0x0800b394        0x2 startup\startup_stm32l476xx.o
                0x0800b394                RTC_Alarm_IRQHandler
                0x0800b394                EXTI2_IRQHandler
                0x0800b394                TIM8_TRG_COM_IRQHandler
                0x0800b394                TIM8_CC_IRQHandler
                0x0800b394                TIM1_CC_IRQHandler
                0x0800b394                TSC_IRQHandler
                0x0800b394                TAMP_STAMP_IRQHandler
                0x0800b394                EXTI3_IRQHandler
                0x0800b394                LPTIM2_IRQHandler
                0x0800b394                DFSDM1_FLT1_IRQHandler
                0x0800b394                I2C3_ER_IRQHandler
                0x0800b394                DFSDM1_FLT2_IRQHandler
                0x0800b394                I2C2_EV_IRQHandler
                0x0800b394                CAN1_RX0_IRQHandler
                0x0800b394                FPU_IRQHandler
                0x0800b394                TIM1_UP_TIM16_IRQHandler
                0x0800b394                ADC1_2_IRQHandler
                0x0800b394                SPI1_IRQHandler
                0x0800b394                TIM6_DAC_IRQHandler
                0x0800b394                TIM8_UP_IRQHandler
                0x0800b394                DMA2_Channel2_IRQHandler
                0x0800b394                DMA1_Channel4_IRQHandler
                0x0800b394                SAI2_IRQHandler
                0x0800b394                DFSDM1_FLT3_IRQHandler
                0x0800b394                USART3_IRQHandler
                0x0800b394                DMA1_Channel7_IRQHandler
                0x0800b394                CAN1_RX1_IRQHandler
                0x0800b394                LCD_IRQHandler
                0x0800b394                UART5_IRQHandler
                0x0800b394                ADC3_IRQHandler
                0x0800b394                TIM4_IRQHandler
                0x0800b394                DMA2_Channel1_IRQHandler
                0x0800b394                QUADSPI_IRQHandler
                0x0800b394                I2C1_EV_IRQHandler
                0x0800b394                DMA1_Channel6_IRQHandler
                0x0800b394                UART4_IRQHandler
                0x0800b394                DMA2_Channel4_IRQHandler
                0x0800b394                RCC_IRQHandler
                0x0800b394                DMA1_Channel1_IRQHandler
                0x0800b394                Default_Handler
                0x0800b394                DMA2_Channel7_IRQHandler
                0x0800b394                SDMMC1_IRQHandler
                0x0800b394                TIM5_IRQHandler
                0x0800b394                I2C3_EV_IRQHandler
                0x0800b394                EXTI9_5_IRQHandler
                0x0800b394                RTC_WKUP_IRQHandler
                0x0800b394                PVD_PVM_IRQHandler
                0x0800b394                SPI2_IRQHandler
                0x0800b394                CAN1_TX_IRQHandler
                0x0800b394                DMA2_Channel5_IRQHandler
                0x0800b394                DMA1_Channel5_IRQHandler
                0x0800b394                EXTI4_IRQHandler
                0x0800b394                RNG_IRQHandler
                0x0800b394                TIM1_TRG_COM_TIM17_IRQHandler
                0x0800b394                DMA1_Channel3_IRQHandler
                0x0800b394                COMP_IRQHandler
                0x0800b394                WWDG_IRQHandler
                0x0800b394                LPUART1_IRQHandler
                0x0800b394                DMA2_Channel6_IRQHandler
                0x0800b394                TIM2_IRQHandler
                0x0800b394                EXTI1_IRQHandler
                0x0800b394                USART2_IRQHandler
                0x0800b394                DFSDM1_FLT0_IRQHandler
                0x0800b394                I2C2_ER_IRQHandler
                0x0800b394                DMA1_Channel2_IRQHandler
                0x0800b394                TIM8_BRK_IRQHandler
                0x0800b394                CAN1_SCE_IRQHandler
                0x0800b394                FLASH_IRQHandler
                0x0800b394                USART1_IRQHandler
                0x0800b394                OTG_FS_IRQHandler
                0x0800b394                SPI3_IRQHandler
                0x0800b394                I2C1_ER_IRQHandler
                0x0800b394                FMC_IRQHandler
                0x0800b394                SWPMI1_IRQHandler
                0x0800b394                LPTIM1_IRQHandler
                0x0800b394                SAI1_IRQHandler
                0x0800b394                DMA2_Channel3_IRQHandler
                0x0800b394                TIM1_BRK_TIM15_IRQHandler
 *fill*         0x0800b396        0x2 
 .text._ZN10__cxxabiv120__si_class_type_infoD2Ev
                0x0800b398       0x14 c:/program files (x86)/atollic/truestudio for stm32 9.3.0/armtools/bin/../lib/gcc/arm-atollic-eabi/6.3.1/../../../../arm-atollic-eabi/lib/armv7e-m/fpu\libstdc++.a(si_class_type_info.o)
                0x0800b398                __cxxabiv1::__si_class_type_info::~__si_class_type_info()
                0x0800b398                __cxxabiv1::__si_class_type_info::~__si_class_type_info()
 .text._ZN10__cxxabiv120__si_class_type_infoD0Ev
                0x0800b3ac       0x1c c:/program files (x86)/atollic/truestudio for stm32 9.3.0/armtools/bin/../lib/gcc/arm-atollic-eabi/6.3.1/../../../../arm-atollic-eabi/lib/armv7e-m/fpu\libstdc++.a(si_class_type_info.o)
                0x0800b3ac                __cxxabiv1::__si_class_type_info::~__si_class_type_info()
 .text._ZNK10__cxxabiv120__si_class_type_info20__do_find_public_srcEiPKvPKNS_17__class_type_infoES2_
                0x0800b3c8       0x3c c:/program files (x86)/atollic/truestudio for stm32 9.3.0/armtools/bin/../lib/gcc/arm-atollic-eabi/6.3.1/../../../../arm-atollic-eabi/lib/armv7e-m/fpu\libstdc++.a(si_class_type_info.o)
                0x0800b3c8                __cxxabiv1::__si_class_type_info::__do_find_public_src(int, void const*, __cxxabiv1::__class_type_info const*, void const*) const
 .text._ZNK10__cxxabiv120__si_class_type_info12__do_dyncastEiNS_17__class_type_info10__sub_kindEPKS1_PKvS4_S6_RNS1_16__dyncast_resultE
                0x0800b404       0x90 c:/program files (x86)/atollic/truestudio for stm32 9.3.0/armtools/bin/../lib/gcc/arm-atollic-eabi/6.3.1/../../../../arm-atollic-eabi/lib/armv7e-m/fpu\libstdc++.a(si_class_type_info.o)
                0x0800b404                __cxxabiv1::__si_class_type_info::__do_dyncast(int, __cxxabiv1::__class_type_info::__sub_kind, __cxxabiv1::__class_type_info const*, void const*, __cxxabiv1::__class_type_info const*, void const*, __cxxabiv1::__class_type_info::__dyncast_result&) const
 .text._ZNK10__cxxabiv120__si_class_type_info11__do_upcastEPKNS_17__class_type_infoEPKvRNS1_15__upcast_resultE
                0x0800b494       0x2c c:/program files (x86)/atollic/truestudio for stm32 9.3.0/armtools/bin/../lib/gcc/arm-atollic-eabi/6.3.1/../../../../arm-atollic-eabi/lib/armv7e-m/fpu\libstdc++.a(si_class_type_info.o)
                0x0800b494                __cxxabiv1::__si_class_type_info::__do_upcast(__cxxabiv1::__class_type_info const*, void const*, __cxxabiv1::__class_type_info::__upcast_result&) const
 .text._ZdlPvj  0x0800b4c0        0x4 c:/program files (x86)/atollic/truestudio for stm32 9.3.0/armtools/bin/../lib/gcc/arm-atollic-eabi/6.3.1/../../../../arm-atollic-eabi/lib/armv7e-m/fpu\libstdc++.a(del_ops.o)
                0x0800b4c0                operator delete(void*, unsigned int)
 .text._ZNK10__cxxabiv117__class_type_info11__do_upcastEPKS0_PPv
                0x0800b4c4       0x38 c:/program files (x86)/atollic/truestudio for stm32 9.3.0/armtools/bin/../lib/gcc/arm-atollic-eabi/6.3.1/../../../../arm-atollic-eabi/lib/armv7e-m/fpu\libstdc++.a(class_type_info.o)
                0x0800b4c4                __cxxabiv1::__class_type_info::__do_upcast(__cxxabiv1::__class_type_info const*, void**) const
 .text._ZNK10__cxxabiv117__class_type_info20__do_find_public_srcEiPKvPKS0_S2_
                0x0800b4fc        0xc c:/program files (x86)/atollic/truestudio for stm32 9.3.0/armtools/bin/../lib/gcc/arm-atollic-eabi/6.3.1/../../../../arm-atollic-eabi/lib/armv7e-m/fpu\libstdc++.a(class_type_info.o)
                0x0800b4fc                __cxxabiv1::__class_type_info::__do_find_public_src(int, void const*, __cxxabiv1::__class_type_info const*, void const*) const
 .text._ZN10__cxxabiv117__class_type_infoD2Ev
                0x0800b508       0x14 c:/program files (x86)/atollic/truestudio for stm32 9.3.0/armtools/bin/../lib/gcc/arm-atollic-eabi/6.3.1/../../../../arm-atollic-eabi/lib/armv7e-m/fpu\libstdc++.a(class_type_info.o)
                0x0800b508                __cxxabiv1::__class_type_info::~__class_type_info()
                0x0800b508                __cxxabiv1::__class_type_info::~__class_type_info()
 .text._ZN10__cxxabiv117__class_type_infoD0Ev
                0x0800b51c       0x1c c:/program files (x86)/atollic/truestudio for stm32 9.3.0/armtools/bin/../lib/gcc/arm-atollic-eabi/6.3.1/../../../../arm-atollic-eabi/lib/armv7e-m/fpu\libstdc++.a(class_type_info.o)
                0x0800b51c                __cxxabiv1::__class_type_info::~__class_type_info()
 .text._ZNK10__cxxabiv117__class_type_info11__do_upcastEPKS0_PKvRNS0_15__upcast_resultE
                0x0800b538       0x18 c:/program files (x86)/atollic/truestudio for stm32 9.3.0/armtools/bin/../lib/gcc/arm-atollic-eabi/6.3.1/../../../../arm-atollic-eabi/lib/armv7e-m/fpu\libstdc++.a(class_type_info.o)
                0x0800b538                __cxxabiv1::__class_type_info::__do_upcast(__cxxabiv1::__class_type_info const*, void const*, __cxxabiv1::__class_type_info::__upcast_result&) const
 .text._ZNK10__cxxabiv117__class_type_info10__do_catchEPKSt9type_infoPPvj
                0x0800b550       0x2c c:/program files (x86)/atollic/truestudio for stm32 9.3.0/armtools/bin/../lib/gcc/arm-atollic-eabi/6.3.1/../../../../arm-atollic-eabi/lib/armv7e-m/fpu\libstdc++.a(class_type_info.o)
                0x0800b550                __cxxabiv1::__class_type_info::__do_catch(std::type_info const*, void**, unsigned int) const
 .text._ZNK10__cxxabiv117__class_type_info12__do_dyncastEiNS0_10__sub_kindEPKS0_PKvS3_S5_RNS0_16__dyncast_resultE
                0x0800b57c       0x40 c:/program files (x86)/atollic/truestudio for stm32 9.3.0/armtools/bin/../lib/gcc/arm-atollic-eabi/6.3.1/../../../../arm-atollic-eabi/lib/armv7e-m/fpu\libstdc++.a(class_type_info.o)
                0x0800b57c                __cxxabiv1::__class_type_info::__do_dyncast(int, __cxxabiv1::__class_type_info::__sub_kind, __cxxabiv1::__class_type_info const*, void const*, __cxxabiv1::__class_type_info const*, void const*, __cxxabiv1::__class_type_info::__dyncast_result&) const
 .text._ZNSt9type_infoD2Ev
                0x0800b5bc        0x4 c:/program files (x86)/atollic/truestudio for stm32 9.3.0/armtools/bin/../lib/gcc/arm-atollic-eabi/6.3.1/../../../../arm-atollic-eabi/lib/armv7e-m/fpu\libstdc++.a(tinfo.o)
                0x0800b5bc                std::type_info::~type_info()
                0x0800b5bc                std::type_info::~type_info()
 .text._ZNKSt9type_info15__is_function_pEv
                0x0800b5c0        0x4 c:/program files (x86)/atollic/truestudio for stm32 9.3.0/armtools/bin/../lib/gcc/arm-atollic-eabi/6.3.1/../../../../arm-atollic-eabi/lib/armv7e-m/fpu\libstdc++.a(tinfo.o)
                0x0800b5c0                std::type_info::__is_pointer_p() const
                0x0800b5c0                std::type_info::__is_function_p() const
 .text._ZNKSt9type_infoeqERKS_
                0x0800b5c4       0x2c c:/program files (x86)/atollic/truestudio for stm32 9.3.0/armtools/bin/../lib/gcc/arm-atollic-eabi/6.3.1/../../../../arm-atollic-eabi/lib/armv7e-m/fpu\libstdc++.a(tinfo.o)
                0x0800b5c4                std::type_info::operator==(std::type_info const&) const
 .text._ZdlPv   0x0800b5f0        0x4 c:/program files (x86)/atollic/truestudio for stm32 9.3.0/armtools/bin/../lib/gcc/arm-atollic-eabi/6.3.1/../../../../arm-atollic-eabi/lib/armv7e-m/fpu\libstdc++.a(del_op.o)
                0x0800b5f0                operator delete(void*)
 .text.__errno  0x0800b5f4        0xc c:/program files (x86)/atollic/truestudio for stm32 9.3.0/armtools/bin/../lib/gcc/arm-atollic-eabi/6.3.1/../../../../arm-atollic-eabi/lib/armv7e-m/fpu\libc.a(lib_a-errno.o)
                0x0800b5f4                __errno
 .text.__sflush_r
                0x0800b600      0x124 c:/program files (x86)/atollic/truestudio for stm32 9.3.0/armtools/bin/../lib/gcc/arm-atollic-eabi/6.3.1/../../../../arm-atollic-eabi/lib/armv7e-m/fpu\libc.a(lib_a-fflush.o)
                0x0800b600                __sflush_r
 .text._fflush_r
                0x0800b724       0x78 c:/program files (x86)/atollic/truestudio for stm32 9.3.0/armtools/bin/../lib/gcc/arm-atollic-eabi/6.3.1/../../../../arm-atollic-eabi/lib/armv7e-m/fpu\libc.a(lib_a-fflush.o)
                0x0800b724                _fflush_r
 .text.fflush   0x0800b79c       0x24 c:/program files (x86)/atollic/truestudio for stm32 9.3.0/armtools/bin/../lib/gcc/arm-atollic-eabi/6.3.1/../../../../arm-atollic-eabi/lib/armv7e-m/fpu\libc.a(lib_a-fflush.o)
                0x0800b79c                fflush
 .text._cleanup_r
                0x0800b7c0        0xc c:/program files (x86)/atollic/truestudio for stm32 9.3.0/armtools/bin/../lib/gcc/arm-atollic-eabi/6.3.1/../../../../arm-atollic-eabi/lib/armv7e-m/fpu\libc.a(lib_a-findfp.o)
                0x0800b7c0                _cleanup_r
 .text.std.isra.0
                0x0800b7cc       0x48 c:/program files (x86)/atollic/truestudio for stm32 9.3.0/armtools/bin/../lib/gcc/arm-atollic-eabi/6.3.1/../../../../arm-atollic-eabi/lib/armv7e-m/fpu\libc.a(lib_a-findfp.o)
 .text.__sfmoreglue
                0x0800b814       0x2c c:/program files (x86)/atollic/truestudio for stm32 9.3.0/armtools/bin/../lib/gcc/arm-atollic-eabi/6.3.1/../../../../arm-atollic-eabi/lib/armv7e-m/fpu\libc.a(lib_a-findfp.o)
                0x0800b814                __sfmoreglue
 .text.__sfp_lock_acquire
                0x0800b840        0xc c:/program files (x86)/atollic/truestudio for stm32 9.3.0/armtools/bin/../lib/gcc/arm-atollic-eabi/6.3.1/../../../../arm-atollic-eabi/lib/armv7e-m/fpu\libc.a(lib_a-findfp.o)
                0x0800b840                __sfp_lock_acquire
 .text.__sfp_lock_release
                0x0800b84c        0xc c:/program files (x86)/atollic/truestudio for stm32 9.3.0/armtools/bin/../lib/gcc/arm-atollic-eabi/6.3.1/../../../../arm-atollic-eabi/lib/armv7e-m/fpu\libc.a(lib_a-findfp.o)
                0x0800b84c                __sfp_lock_release
 .text.__sinit_lock_acquire
                0x0800b858        0xc c:/program files (x86)/atollic/truestudio for stm32 9.3.0/armtools/bin/../lib/gcc/arm-atollic-eabi/6.3.1/../../../../arm-atollic-eabi/lib/armv7e-m/fpu\libc.a(lib_a-findfp.o)
                0x0800b858                __sinit_lock_acquire
 .text.__sinit_lock_release
                0x0800b864        0xc c:/program files (x86)/atollic/truestudio for stm32 9.3.0/armtools/bin/../lib/gcc/arm-atollic-eabi/6.3.1/../../../../arm-atollic-eabi/lib/armv7e-m/fpu\libc.a(lib_a-findfp.o)
                0x0800b864                __sinit_lock_release
 .text.__sinit  0x0800b870       0x74 c:/program files (x86)/atollic/truestudio for stm32 9.3.0/armtools/bin/../lib/gcc/arm-atollic-eabi/6.3.1/../../../../arm-atollic-eabi/lib/armv7e-m/fpu\libc.a(lib_a-findfp.o)
                0x0800b870                __sinit
 .text.__sfp    0x0800b8e4       0x8c c:/program files (x86)/atollic/truestudio for stm32 9.3.0/armtools/bin/../lib/gcc/arm-atollic-eabi/6.3.1/../../../../arm-atollic-eabi/lib/armv7e-m/fpu\libc.a(lib_a-findfp.o)
                0x0800b8e4                __sfp
 .text._malloc_trim_r
                0x0800b970       0xac c:/program files (x86)/atollic/truestudio for stm32 9.3.0/armtools/bin/../lib/gcc/arm-atollic-eabi/6.3.1/../../../../arm-atollic-eabi/lib/armv7e-m/fpu\libc.a(lib_a-freer.o)
                0x0800b970                _malloc_trim_r
 .text._free_r  0x0800ba1c      0x178 c:/program files (x86)/atollic/truestudio for stm32 9.3.0/armtools/bin/../lib/gcc/arm-atollic-eabi/6.3.1/../../../../arm-atollic-eabi/lib/armv7e-m/fpu\libc.a(lib_a-freer.o)
                0x0800ba1c                _free_r
 .text._fwalk_reent
                0x0800bb94       0x3c c:/program files (x86)/atollic/truestudio for stm32 9.3.0/armtools/bin/../lib/gcc/arm-atollic-eabi/6.3.1/../../../../arm-atollic-eabi/lib/armv7e-m/fpu\libc.a(lib_a-fwalk.o)
                0x0800bb94                _fwalk_reent
 .text.__libc_init_array
                0x0800bbd0       0x48 c:/program files (x86)/atollic/truestudio for stm32 9.3.0/armtools/bin/../lib/gcc/arm-atollic-eabi/6.3.1/../../../../arm-atollic-eabi/lib/armv7e-m/fpu\libc.a(lib_a-init.o)
                0x0800bbd0                __libc_init_array
 .text.__retarget_lock_init_recursive
                0x0800bc18        0x2 c:/program files (x86)/atollic/truestudio for stm32 9.3.0/armtools/bin/../lib/gcc/arm-atollic-eabi/6.3.1/../../../../arm-atollic-eabi/lib/armv7e-m/fpu\libc.a(lib_a-lock.o)
                0x0800bc18                __retarget_lock_init_recursive
 .text.__retarget_lock_close_recursive
                0x0800bc1a        0x2 c:/program files (x86)/atollic/truestudio for stm32 9.3.0/armtools/bin/../lib/gcc/arm-atollic-eabi/6.3.1/../../../../arm-atollic-eabi/lib/armv7e-m/fpu\libc.a(lib_a-lock.o)
                0x0800bc1a                __retarget_lock_close_recursive
 .text.__retarget_lock_acquire_recursive
                0x0800bc1c        0x2 c:/program files (x86)/atollic/truestudio for stm32 9.3.0/armtools/bin/../lib/gcc/arm-atollic-eabi/6.3.1/../../../../arm-atollic-eabi/lib/armv7e-m/fpu\libc.a(lib_a-lock.o)
                0x0800bc1c                __retarget_lock_acquire_recursive
 .text.__retarget_lock_release_recursive
                0x0800bc1e        0x2 c:/program files (x86)/atollic/truestudio for stm32 9.3.0/armtools/bin/../lib/gcc/arm-atollic-eabi/6.3.1/../../../../arm-atollic-eabi/lib/armv7e-m/fpu\libc.a(lib_a-lock.o)
                0x0800bc1e                __retarget_lock_release_recursive
 .text.malloc   0x0800bc20       0x10 c:/program files (x86)/atollic/truestudio for stm32 9.3.0/armtools/bin/../lib/gcc/arm-atollic-eabi/6.3.1/../../../../arm-atollic-eabi/lib/armv7e-m/fpu\libc.a(lib_a-malloc.o)
                0x0800bc20                malloc
 .text.free     0x0800bc30       0x10 c:/program files (x86)/atollic/truestudio for stm32 9.3.0/armtools/bin/../lib/gcc/arm-atollic-eabi/6.3.1/../../../../arm-atollic-eabi/lib/armv7e-m/fpu\libc.a(lib_a-malloc.o)
                0x0800bc30                free
 .text._malloc_r
                0x0800bc40      0x41c c:/program files (x86)/atollic/truestudio for stm32 9.3.0/armtools/bin/../lib/gcc/arm-atollic-eabi/6.3.1/../../../../arm-atollic-eabi/lib/armv7e-m/fpu\libc.a(lib_a-mallocr.o)
                0x0800bc40                _malloc_r
 .text.memcpy   0x0800c05c       0x16 c:/program files (x86)/atollic/truestudio for stm32 9.3.0/armtools/bin/../lib/gcc/arm-atollic-eabi/6.3.1/../../../../arm-atollic-eabi/lib/armv7e-m/fpu\libc.a(lib_a-memcpy-stub.o)
                0x0800c05c                memcpy
 .text.memset   0x0800c072       0x10 c:/program files (x86)/atollic/truestudio for stm32 9.3.0/armtools/bin/../lib/gcc/arm-atollic-eabi/6.3.1/../../../../arm-atollic-eabi/lib/armv7e-m/fpu\libc.a(lib_a-memset.o)
                0x0800c072                memset
 *fill*         0x0800c082        0x2 
 .text.__malloc_lock
                0x0800c084        0xc c:/program files (x86)/atollic/truestudio for stm32 9.3.0/armtools/bin/../lib/gcc/arm-atollic-eabi/6.3.1/../../../../arm-atollic-eabi/lib/armv7e-m/fpu\libc.a(lib_a-mlock.o)
                0x0800c084                __malloc_lock
 .text.__malloc_unlock
                0x0800c090        0xc c:/program files (x86)/atollic/truestudio for stm32 9.3.0/armtools/bin/../lib/gcc/arm-atollic-eabi/6.3.1/../../../../arm-atollic-eabi/lib/armv7e-m/fpu\libc.a(lib_a-mlock.o)
                0x0800c090                __malloc_unlock
 .text.printf   0x0800c09c       0x30 c:/program files (x86)/atollic/truestudio for stm32 9.3.0/armtools/bin/../lib/gcc/arm-atollic-eabi/6.3.1/../../../../arm-atollic-eabi/lib/armv7e-m/fpu\libc.a(lib_a-printf.o)
                0x0800c09c                printf
 .text.putchar  0x0800c0cc       0x28 c:/program files (x86)/atollic/truestudio for stm32 9.3.0/armtools/bin/../lib/gcc/arm-atollic-eabi/6.3.1/../../../../arm-atollic-eabi/lib/armv7e-m/fpu\libc.a(lib_a-putchar.o)
                0x0800c0cc                putchar
 .text._puts_r  0x0800c0f4       0xc0 c:/program files (x86)/atollic/truestudio for stm32 9.3.0/armtools/bin/../lib/gcc/arm-atollic-eabi/6.3.1/../../../../arm-atollic-eabi/lib/armv7e-m/fpu\libc.a(lib_a-puts.o)
                0x0800c0f4                _puts_r
 .text.puts     0x0800c1b4       0x10 c:/program files (x86)/atollic/truestudio for stm32 9.3.0/armtools/bin/../lib/gcc/arm-atollic-eabi/6.3.1/../../../../arm-atollic-eabi/lib/armv7e-m/fpu\libc.a(lib_a-puts.o)
                0x0800c1b4                puts
 .text._sbrk_r  0x0800c1c4       0x20 c:/program files (x86)/atollic/truestudio for stm32 9.3.0/armtools/bin/../lib/gcc/arm-atollic-eabi/6.3.1/../../../../arm-atollic-eabi/lib/armv7e-m/fpu\libc.a(lib_a-sbrkr.o)
                0x0800c1c4                _sbrk_r
 .text.sprintf  0x0800c1e4       0x48 c:/program files (x86)/atollic/truestudio for stm32 9.3.0/armtools/bin/../lib/gcc/arm-atollic-eabi/6.3.1/../../../../arm-atollic-eabi/lib/armv7e-m/fpu\libc.a(lib_a-sprintf.o)
                0x0800c1e4                sprintf
 .text.__sread  0x0800c22c       0x22 c:/program files (x86)/atollic/truestudio for stm32 9.3.0/armtools/bin/../lib/gcc/arm-atollic-eabi/6.3.1/../../../../arm-atollic-eabi/lib/armv7e-m/fpu\libc.a(lib_a-stdio.o)
                0x0800c22c                __sread
 .text.__swrite
                0x0800c24e       0x38 c:/program files (x86)/atollic/truestudio for stm32 9.3.0/armtools/bin/../lib/gcc/arm-atollic-eabi/6.3.1/../../../../arm-atollic-eabi/lib/armv7e-m/fpu\libc.a(lib_a-stdio.o)
                0x0800c24e                __swrite
 .text.__sseek  0x0800c286       0x24 c:/program files (x86)/atollic/truestudio for stm32 9.3.0/armtools/bin/../lib/gcc/arm-atollic-eabi/6.3.1/../../../../arm-atollic-eabi/lib/armv7e-m/fpu\libc.a(lib_a-stdio.o)
                0x0800c286                __sseek
 .text.__sclose
                0x0800c2aa        0x8 c:/program files (x86)/atollic/truestudio for stm32 9.3.0/armtools/bin/../lib/gcc/arm-atollic-eabi/6.3.1/../../../../arm-atollic-eabi/lib/armv7e-m/fpu\libc.a(lib_a-stdio.o)
                0x0800c2aa                __sclose
 *fill*         0x0800c2b2        0x6 
 .text._svfprintf_r
                0x0800c2b8      0xfa8 c:/program files (x86)/atollic/truestudio for stm32 9.3.0/armtools/bin/../lib/gcc/arm-atollic-eabi/6.3.1/../../../../arm-atollic-eabi/lib/armv7e-m/fpu\libc.a(lib_a-svfprintf.o)
                0x0800c2b8                _svfprintf_r
 .text._vfprintf_r
                0x0800d260     0x1078 c:/program files (x86)/atollic/truestudio for stm32 9.3.0/armtools/bin/../lib/gcc/arm-atollic-eabi/6.3.1/../../../../arm-atollic-eabi/lib/armv7e-m/fpu\libc.a(lib_a-vfprintf.o)
                0x0800d260                _vfprintf_r
 .text.__sbprintf
                0x0800e2d8       0x80 c:/program files (x86)/atollic/truestudio for stm32 9.3.0/armtools/bin/../lib/gcc/arm-atollic-eabi/6.3.1/../../../../arm-atollic-eabi/lib/armv7e-m/fpu\libc.a(lib_a-vfprintf.o)
 .text._write_r
                0x0800e358       0x24 c:/program files (x86)/atollic/truestudio for stm32 9.3.0/armtools/bin/../lib/gcc/arm-atollic-eabi/6.3.1/../../../../arm-atollic-eabi/lib/armv7e-m/fpu\libc.a(lib_a-writer.o)
                0x0800e358                _write_r
 .text.__swsetup_r
                0x0800e37c       0xdc c:/program files (x86)/atollic/truestudio for stm32 9.3.0/armtools/bin/../lib/gcc/arm-atollic-eabi/6.3.1/../../../../arm-atollic-eabi/lib/armv7e-m/fpu\libc.a(lib_a-wsetup.o)
                0x0800e37c                __swsetup_r
 .text._close_r
                0x0800e458       0x20 c:/program files (x86)/atollic/truestudio for stm32 9.3.0/armtools/bin/../lib/gcc/arm-atollic-eabi/6.3.1/../../../../arm-atollic-eabi/lib/armv7e-m/fpu\libc.a(lib_a-closer.o)
                0x0800e458                _close_r
 .text.quorem   0x0800e478      0x118 c:/program files (x86)/atollic/truestudio for stm32 9.3.0/armtools/bin/../lib/gcc/arm-atollic-eabi/6.3.1/../../../../arm-atollic-eabi/lib/armv7e-m/fpu\libc.a(lib_a-dtoa.o)
 .text._dtoa_r  0x0800e590      0xb9c c:/program files (x86)/atollic/truestudio for stm32 9.3.0/armtools/bin/../lib/gcc/arm-atollic-eabi/6.3.1/../../../../arm-atollic-eabi/lib/armv7e-m/fpu\libc.a(lib_a-dtoa.o)
                0x0800e590                _dtoa_r
 .text._fclose_r
                0x0800f12c       0xd8 c:/program files (x86)/atollic/truestudio for stm32 9.3.0/armtools/bin/../lib/gcc/arm-atollic-eabi/6.3.1/../../../../arm-atollic-eabi/lib/armv7e-m/fpu\libc.a(lib_a-fclose.o)
                0x0800f12c                _fclose_r
 .text.__sfvwrite_r
                0x0800f204      0x29c c:/program files (x86)/atollic/truestudio for stm32 9.3.0/armtools/bin/../lib/gcc/arm-atollic-eabi/6.3.1/../../../../arm-atollic-eabi/lib/armv7e-m/fpu\libc.a(lib_a-fvwrite.o)
                0x0800f204                __sfvwrite_r
 .text._localeconv_r
                0x0800f4a0       0x1c c:/program files (x86)/atollic/truestudio for stm32 9.3.0/armtools/bin/../lib/gcc/arm-atollic-eabi/6.3.1/../../../../arm-atollic-eabi/lib/armv7e-m/fpu\libc.a(lib_a-localeconv.o)
                0x0800f4a0                _localeconv_r
 .text._lseek_r
                0x0800f4bc       0x24 c:/program files (x86)/atollic/truestudio for stm32 9.3.0/armtools/bin/../lib/gcc/arm-atollic-eabi/6.3.1/../../../../arm-atollic-eabi/lib/armv7e-m/fpu\libc.a(lib_a-lseekr.o)
                0x0800f4bc                _lseek_r
 .text.__swhatbuf_r
                0x0800f4e0       0x56 c:/program files (x86)/atollic/truestudio for stm32 9.3.0/armtools/bin/../lib/gcc/arm-atollic-eabi/6.3.1/../../../../arm-atollic-eabi/lib/armv7e-m/fpu\libc.a(lib_a-makebuf.o)
                0x0800f4e0                __swhatbuf_r
 *fill*         0x0800f536        0x2 
 .text.__smakebuf_r
                0x0800f538       0x80 c:/program files (x86)/atollic/truestudio for stm32 9.3.0/armtools/bin/../lib/gcc/arm-atollic-eabi/6.3.1/../../../../arm-atollic-eabi/lib/armv7e-m/fpu\libc.a(lib_a-makebuf.o)
                0x0800f538                __smakebuf_r
 .text.memmove  0x0800f5b8       0x34 c:/program files (x86)/atollic/truestudio for stm32 9.3.0/armtools/bin/../lib/gcc/arm-atollic-eabi/6.3.1/../../../../arm-atollic-eabi/lib/armv7e-m/fpu\libc.a(lib_a-memmove.o)
                0x0800f5b8                memmove
 .text._Balloc  0x0800f5ec       0x68 c:/program files (x86)/atollic/truestudio for stm32 9.3.0/armtools/bin/../lib/gcc/arm-atollic-eabi/6.3.1/../../../../arm-atollic-eabi/lib/armv7e-m/fpu\libc.a(lib_a-mprec.o)
                0x0800f5ec                _Balloc
 .text._Bfree   0x0800f654       0x2e c:/program files (x86)/atollic/truestudio for stm32 9.3.0/armtools/bin/../lib/gcc/arm-atollic-eabi/6.3.1/../../../../arm-atollic-eabi/lib/armv7e-m/fpu\libc.a(lib_a-mprec.o)
                0x0800f654                _Bfree
 .text.__multadd
                0x0800f682       0x76 c:/program files (x86)/atollic/truestudio for stm32 9.3.0/armtools/bin/../lib/gcc/arm-atollic-eabi/6.3.1/../../../../arm-atollic-eabi/lib/armv7e-m/fpu\libc.a(lib_a-mprec.o)
                0x0800f682                __multadd
 .text.__hi0bits
                0x0800f6f8       0x3e c:/program files (x86)/atollic/truestudio for stm32 9.3.0/armtools/bin/../lib/gcc/arm-atollic-eabi/6.3.1/../../../../arm-atollic-eabi/lib/armv7e-m/fpu\libc.a(lib_a-mprec.o)
                0x0800f6f8                __hi0bits
 .text.__lo0bits
                0x0800f736       0x5e c:/program files (x86)/atollic/truestudio for stm32 9.3.0/armtools/bin/../lib/gcc/arm-atollic-eabi/6.3.1/../../../../arm-atollic-eabi/lib/armv7e-m/fpu\libc.a(lib_a-mprec.o)
                0x0800f736                __lo0bits
 .text.__i2b    0x0800f794       0x12 c:/program files (x86)/atollic/truestudio for stm32 9.3.0/armtools/bin/../lib/gcc/arm-atollic-eabi/6.3.1/../../../../arm-atollic-eabi/lib/armv7e-m/fpu\libc.a(lib_a-mprec.o)
                0x0800f794                __i2b
 .text.__multiply
                0x0800f7a6      0x11a c:/program files (x86)/atollic/truestudio for stm32 9.3.0/armtools/bin/../lib/gcc/arm-atollic-eabi/6.3.1/../../../../arm-atollic-eabi/lib/armv7e-m/fpu\libc.a(lib_a-mprec.o)
                0x0800f7a6                __multiply
 .text.__pow5mult
                0x0800f8c0       0x9c c:/program files (x86)/atollic/truestudio for stm32 9.3.0/armtools/bin/../lib/gcc/arm-atollic-eabi/6.3.1/../../../../arm-atollic-eabi/lib/armv7e-m/fpu\libc.a(lib_a-mprec.o)
                0x0800f8c0                __pow5mult
 .text.__lshift
                0x0800f95c       0xa2 c:/program files (x86)/atollic/truestudio for stm32 9.3.0/armtools/bin/../lib/gcc/arm-atollic-eabi/6.3.1/../../../../arm-atollic-eabi/lib/armv7e-m/fpu\libc.a(lib_a-mprec.o)
                0x0800f95c                __lshift
 .text.__mcmp   0x0800f9fe       0x34 c:/program files (x86)/atollic/truestudio for stm32 9.3.0/armtools/bin/../lib/gcc/arm-atollic-eabi/6.3.1/../../../../arm-atollic-eabi/lib/armv7e-m/fpu\libc.a(lib_a-mprec.o)
                0x0800f9fe                __mcmp
 .text.__mdiff  0x0800fa32       0xbc c:/program files (x86)/atollic/truestudio for stm32 9.3.0/armtools/bin/../lib/gcc/arm-atollic-eabi/6.3.1/../../../../arm-atollic-eabi/lib/armv7e-m/fpu\libc.a(lib_a-mprec.o)
                0x0800fa32                __mdiff
 .text.__d2b    0x0800faee       0x9e c:/program files (x86)/atollic/truestudio for stm32 9.3.0/armtools/bin/../lib/gcc/arm-atollic-eabi/6.3.1/../../../../arm-atollic-eabi/lib/armv7e-m/fpu\libc.a(lib_a-mprec.o)
                0x0800faee                __d2b
 .text._putc_r  0x0800fb8c       0x90 c:/program files (x86)/atollic/truestudio for stm32 9.3.0/armtools/bin/../lib/gcc/arm-atollic-eabi/6.3.1/../../../../arm-atollic-eabi/lib/armv7e-m/fpu\libc.a(lib_a-putc.o)
                0x0800fb8c                _putc_r
 .text._read_r  0x0800fc1c       0x24 c:/program files (x86)/atollic/truestudio for stm32 9.3.0/armtools/bin/../lib/gcc/arm-atollic-eabi/6.3.1/../../../../arm-atollic-eabi/lib/armv7e-m/fpu\libc.a(lib_a-readr.o)
                0x0800fc1c                _read_r
 .text._realloc_r
                0x0800fc40      0x300 c:/program files (x86)/atollic/truestudio for stm32 9.3.0/armtools/bin/../lib/gcc/arm-atollic-eabi/6.3.1/../../../../arm-atollic-eabi/lib/armv7e-m/fpu\libc.a(lib_a-reallocr.o)
                0x0800fc40                _realloc_r
 .text.__ssprint_r
                0x0800ff40       0xf4 c:/program files (x86)/atollic/truestudio for stm32 9.3.0/armtools/bin/../lib/gcc/arm-atollic-eabi/6.3.1/../../../../arm-atollic-eabi/lib/armv7e-m/fpu\libc.a(lib_a-svfiprintf.o)
                0x0800ff40                __ssprint_r
 .text.__sprint_r
                0x08010034       0x6a c:/program files (x86)/atollic/truestudio for stm32 9.3.0/armtools/bin/../lib/gcc/arm-atollic-eabi/6.3.1/../../../../arm-atollic-eabi/lib/armv7e-m/fpu\libc.a(lib_a-vfiprintf.o)
                0x08010034                __sprint_r
 *fill*         0x0801009e        0x2 
 .text.__swbuf_r
                0x080100a0       0xbc c:/program files (x86)/atollic/truestudio for stm32 9.3.0/armtools/bin/../lib/gcc/arm-atollic-eabi/6.3.1/../../../../arm-atollic-eabi/lib/armv7e-m/fpu\libc.a(lib_a-wbuf.o)
                0x080100a0                __swbuf_r
 .text._calloc_r
                0x0801015c       0x5a c:/program files (x86)/atollic/truestudio for stm32 9.3.0/armtools/bin/../lib/gcc/arm-atollic-eabi/6.3.1/../../../../arm-atollic-eabi/lib/armv7e-m/fpu\libc.a(lib_a-callocr.o)
                0x0801015c                _calloc_r
 .text.__fputwc
                0x080101b6       0x82 c:/program files (x86)/atollic/truestudio for stm32 9.3.0/armtools/bin/../lib/gcc/arm-atollic-eabi/6.3.1/../../../../arm-atollic-eabi/lib/armv7e-m/fpu\libc.a(lib_a-fputwc.o)
                0x080101b6                __fputwc
 .text._fputwc_r
                0x08010238       0x52 c:/program files (x86)/atollic/truestudio for stm32 9.3.0/armtools/bin/../lib/gcc/arm-atollic-eabi/6.3.1/../../../../arm-atollic-eabi/lib/armv7e-m/fpu\libc.a(lib_a-fputwc.o)
                0x08010238                _fputwc_r
 *fill*         0x0801028a        0x2 
 .text._fstat_r
                0x0801028c       0x24 c:/program files (x86)/atollic/truestudio for stm32 9.3.0/armtools/bin/../lib/gcc/arm-atollic-eabi/6.3.1/../../../../arm-atollic-eabi/lib/armv7e-m/fpu\libc.a(lib_a-fstatr.o)
                0x0801028c                _fstat_r
 .text._isatty_r
                0x080102b0       0x20 c:/program files (x86)/atollic/truestudio for stm32 9.3.0/armtools/bin/../lib/gcc/arm-atollic-eabi/6.3.1/../../../../arm-atollic-eabi/lib/armv7e-m/fpu\libc.a(lib_a-isattyr.o)
                0x080102b0                _isatty_r
 .text.__locale_mb_cur_max
                0x080102d0       0x1c c:/program files (x86)/atollic/truestudio for stm32 9.3.0/armtools/bin/../lib/gcc/arm-atollic-eabi/6.3.1/../../../../arm-atollic-eabi/lib/armv7e-m/fpu\libc.a(lib_a-locale.o)
                0x080102d0                __locale_mb_cur_max
 .text.__ascii_mbtowc
                0x080102ec       0x24 c:/program files (x86)/atollic/truestudio for stm32 9.3.0/armtools/bin/../lib/gcc/arm-atollic-eabi/6.3.1/../../../../arm-atollic-eabi/lib/armv7e-m/fpu\libc.a(lib_a-mbtowc_r.o)
                0x080102ec                __ascii_mbtowc
 .text._wcrtomb_r
                0x08010310       0x50 c:/program files (x86)/atollic/truestudio for stm32 9.3.0/armtools/bin/../lib/gcc/arm-atollic-eabi/6.3.1/../../../../arm-atollic-eabi/lib/armv7e-m/fpu\libc.a(lib_a-wcrtomb.o)
                0x08010310                _wcrtomb_r
 .text.__ascii_wctomb
                0x08010360       0x1a c:/program files (x86)/atollic/truestudio for stm32 9.3.0/armtools/bin/../lib/gcc/arm-atollic-eabi/6.3.1/../../../../arm-atollic-eabi/lib/armv7e-m/fpu\libc.a(lib_a-wctomb_r.o)
                0x08010360                __ascii_wctomb
 .text.abort    0x0801037a        0xe c:/program files (x86)/atollic/truestudio for stm32 9.3.0/armtools/bin/../lib/gcc/arm-atollic-eabi/6.3.1/../../../../arm-atollic-eabi/lib/armv7e-m/fpu\libc.a(lib_a-abort.o)
                0x0801037a                abort
 .text._raise_r
                0x08010388       0x50 c:/program files (x86)/atollic/truestudio for stm32 9.3.0/armtools/bin/../lib/gcc/arm-atollic-eabi/6.3.1/../../../../arm-atollic-eabi/lib/armv7e-m/fpu\libc.a(lib_a-signal.o)
                0x08010388                _raise_r
 .text.raise    0x080103d8       0x10 c:/program files (x86)/atollic/truestudio for stm32 9.3.0/armtools/bin/../lib/gcc/arm-atollic-eabi/6.3.1/../../../../arm-atollic-eabi/lib/armv7e-m/fpu\libc.a(lib_a-signal.o)
                0x080103d8                raise
 .text._kill_r  0x080103e8       0x24 c:/program files (x86)/atollic/truestudio for stm32 9.3.0/armtools/bin/../lib/gcc/arm-atollic-eabi/6.3.1/../../../../arm-atollic-eabi/lib/armv7e-m/fpu\libc.a(lib_a-signalr.o)
                0x080103e8                _kill_r
 .text._getpid_r
                0x0801040c        0x4 c:/program files (x86)/atollic/truestudio for stm32 9.3.0/armtools/bin/../lib/gcc/arm-atollic-eabi/6.3.1/../../../../arm-atollic-eabi/lib/armv7e-m/fpu\libc.a(lib_a-signalr.o)
                0x0801040c                _getpid_r
 *(.glue_7)
 .glue_7        0x08010410        0x0 linker stubs
 *(.glue_7t)
 .glue_7t       0x08010410        0x0 linker stubs
 *(.eh_frame)
 .eh_frame      0x08010410        0x0 c:/program files (x86)/atollic/truestudio for stm32 9.3.0/armtools/bin/../lib/gcc/arm-atollic-eabi/6.3.1/armv7e-m/fpu/crtbegin.o
 *(.init)
 .init          0x08010410        0x4 c:/program files (x86)/atollic/truestudio for stm32 9.3.0/armtools/bin/../lib/gcc/arm-atollic-eabi/6.3.1/armv7e-m/fpu/crti.o
                0x08010410                _init
 .init          0x08010414        0x8 c:/program files (x86)/atollic/truestudio for stm32 9.3.0/armtools/bin/../lib/gcc/arm-atollic-eabi/6.3.1/armv7e-m/fpu/crtn.o
 *(.fini)
 .fini          0x0801041c        0x4 c:/program files (x86)/atollic/truestudio for stm32 9.3.0/armtools/bin/../lib/gcc/arm-atollic-eabi/6.3.1/armv7e-m/fpu/crti.o
                0x0801041c                _fini
 .fini          0x08010420        0x8 c:/program files (x86)/atollic/truestudio for stm32 9.3.0/armtools/bin/../lib/gcc/arm-atollic-eabi/6.3.1/armv7e-m/fpu/crtn.o
                0x08010428                . = ALIGN (0x4)
                0x08010428                _etext = .

.vfp11_veneer   0x08010428        0x0
 .vfp11_veneer  0x08010428        0x0 linker stubs

.v4_bx          0x08010428        0x0
 .v4_bx         0x08010428        0x0 linker stubs

.iplt           0x08010428        0x0
 .iplt          0x08010428        0x0 c:/program files (x86)/atollic/truestudio for stm32 9.3.0/armtools/bin/../lib/gcc/arm-atollic-eabi/6.3.1/armv7e-m/fpu/crtbegin.o

.rodata         0x08010428      0x728
                0x08010428                . = ALIGN (0x4)
 *(.rodata)
 .rodata        0x08010428        0x5 Middlewares\FreeRTOS\tasks.o
 *fill*         0x0801042d        0x3 
 .rodata        0x08010430       0xfa Src\app_x-cube-ble1.o
 *fill*         0x0801052a        0x2 
 .rodata        0x0801052c       0xc1 Src\main.o
 *fill*         0x080105ed        0x3 
 .rodata        0x080105f0       0x2c Src\one_wire_driver.o
                0x080105f0                vtable for OneWireDriver
                0x08010600                typeinfo for OneWireDriver
                0x0801060c                typeinfo name for OneWireDriver
 .rodata        0x0801061c       0xed Src\sample_service.o
 *(.rodata*)
 *fill*         0x08010709        0x3 
 .rodata._ZTV13GenericDriver
                0x0801070c       0x10 Src\one_wire_driver.o
                0x0801070c                vtable for GenericDriver
 .rodata._ZTI13GenericDriver
                0x0801071c        0x8 Src\one_wire_driver.o
                0x0801071c                typeinfo for GenericDriver
 .rodata._ZTS13GenericDriver
                0x08010724       0x10 Src\one_wire_driver.o
                0x08010724                typeinfo name for GenericDriver
 .rodata.BUTTON_EXTI_LINE.11268
                0x08010734        0x4 Src\stm32l4xx_nucleo.o
 .rodata.ButtonCallback.11266
                0x08010738        0x4 Src\stm32l4xx_nucleo.o
 .rodata.BSP_BUTTON_PRIO.11267
                0x0801073c        0x4 Src\stm32l4xx_nucleo.o
 .rodata.AHBPrescTable
                0x08010740       0x10 Src\system_stm32l4xx.o
                0x08010740                AHBPrescTable
 .rodata.APBPrescTable
                0x08010750        0x8 Src\system_stm32l4xx.o
                0x08010750                APBPrescTable
 .rodata.MSIRangeTable
                0x08010758       0x30 Src\system_stm32l4xx.o
                0x08010758                MSIRangeTable
 .rodata._ZTIN10__cxxabiv120__si_class_type_infoE
                0x08010788        0xc c:/program files (x86)/atollic/truestudio for stm32 9.3.0/armtools/bin/../lib/gcc/arm-atollic-eabi/6.3.1/../../../../arm-atollic-eabi/lib/armv7e-m/fpu\libstdc++.a(si_class_type_info.o)
                0x08010788                typeinfo for __cxxabiv1::__si_class_type_info
 .rodata._ZTSN10__cxxabiv120__si_class_type_infoE
                0x08010794       0x25 c:/program files (x86)/atollic/truestudio for stm32 9.3.0/armtools/bin/../lib/gcc/arm-atollic-eabi/6.3.1/../../../../arm-atollic-eabi/lib/armv7e-m/fpu\libstdc++.a(si_class_type_info.o)