main.cpp:86:5:int main()	72	static
main.cpp:166:6:void SystemClock_Config()	232	static
main.cpp:221:6:void MX_USART3_UART_Init()	8	static
main.cpp:256:13:void MX_GPIO_Init()	48	static
main.cpp:303:13:void MX_TIM7_Init()	24	static
main.cpp:329:13:void MX_TIM6_Init()	24	static
main.cpp:349:13:void MX_TIM4_Init()	24	static
main.cpp:377:6:void StartDefaultTask(const void*)	24	static
main.cpp:397:6:void ReadoutTask(const void*)	24	static
main.cpp:409:6:void OneWireDriver::firstStateHandler()	16	static
main.cpp:420:6:void OneWireDriver::secondStateHandler()	16	static
main.cpp:431:6:void OneWireDriver::thirdStateHandler()	112	static
main.cpp:484:6:void delayMicroseconds(uint32_t)	40	static
main.cpp:505:6:void HAL_TIM_PeriodElapsedCallback(TIM_HandleTypeDef*)	16	static
main.cpp:536:6:void Error_Handler()	8	static
main.cpp:545:1:void __static_initialization_and_destruction_0(int, int)	16	static
main.cpp:545:1:cpp)	8	static
