gthr-default.h:229:1:int __gthread_key_delete(__gthread_key_t)	16	static
sensor.hpp:15:7:void Sensor::startNewReadout()	16	static
main.cpp:89:5:int main()	72	static
main.cpp:169:6:void SystemClock_Config()	232	static
main.cpp:224:6:void MX_USART3_UART_Init()	8	static
main.cpp:259:13:void MX_GPIO_Init()	48	static
main.cpp:306:13:void MX_TIM7_Init()	24	static
main.cpp:332:13:void MX_TIM6_Init()	24	static
main.cpp:352:13:void MX_TIM4_Init()	24	static
main.cpp:380:6:void StartDefaultTask(const void*)	24	static
main.cpp:399:6:void ReadoutTask(const void*)	24	static
main.cpp:411:6:void OneWireDriver::firstStateHandler()	16	static
main.cpp:423:6:void OneWireDriver::secondStateHandler()	16	static
main.cpp:434:6:void OneWireDriver::thirdStateHandler()	112	static
main.cpp:494:6:void delayMicroseconds(uint32_t)	40	static
main.cpp:515:6:void HAL_TIM_PeriodElapsedCallback(TIM_HandleTypeDef*)	16	static
main.cpp:538:6:void Error_Handler()	8	static
unique_ptr.h:299:7:std::unique_ptr<_Tp, _Dp>::pointer std::unique_ptr<_Tp, _Dp>::operator->() const [with _Tp = GenericDriver; _Dp = std::default_delete<GenericDriver>]	16	static
tuple:145:7:static constexpr const _Head& std::_Head_base<_Idx, _Head, false>::_M_head(const std::_Head_base<_Idx, _Head, false>&) [with unsigned int _Idx = 0u; _Head = GenericDriver*]	16	static
tuple:193:7:>&) [with unsigned int _Idx = 0u; _Head = GenericDriver*; _Tail = {std::default_delete<GenericDriver>}]	16	static
tuple:1252:5:>&) [with unsigned int __i = 0u; _Head = GenericDriver*; _Tail = {std::default_delete<GenericDriver>}]	16	static
tuple:1264:5:>&) [with unsigned int __i = 0u; _Elements = {GenericDriver*, std::default_delete<GenericDriver>}]	16	static
unique_ptr.h:307:7:std::unique_ptr<_Tp, _Dp>::pointer std::unique_ptr<_Tp, _Dp>::get() const [with _Tp = GenericDriver; _Dp = std::default_delete<GenericDriver>]	16	static
sensor.hpp:9:7:Sensor::~Sensor()	16	static
one_wire_sensor.hpp:10:7:OneWireSensor::~OneWireSensor()	16	static
main.cpp:544:1:void __static_initialization_and_destruction_0(int, int)	16	static
tuple:142:7:static constexpr _Head& std::_Head_base<_Idx, _Head, false>::_M_head(std::_Head_base<_Idx, _Head, false>&) [with unsigned int _Idx = 0u; _Head = GenericDriver*]	16	static
tuple:190:7:>&) [with unsigned int _Idx = 0u; _Head = GenericDriver*; _Tail = {std::default_delete<GenericDriver>}]	16	static
tuple:1247:5:>&) [with unsigned int __i = 0u; _Head = GenericDriver*; _Tail = {std::default_delete<GenericDriver>}]	16	static
tuple:1258:5:>&) [with unsigned int __i = 0u; _Elements = {GenericDriver*, std::default_delete<GenericDriver>}]	16	static
unique_ptr.h:235:7:std::unique_ptr<_Tp, _Dp>::~unique_ptr() [with _Tp = GenericDriver; _Dp = std::default_delete<GenericDriver>]	24	static
tuple:95:7:static constexpr _Head& std::_Head_base<_Idx, _Head, true>::_M_head(std::_Head_base<_Idx, _Head, true>&) [with unsigned int _Idx = 1u; _Head = std::default_delete<GenericDriver>]	16	static
tuple:346:7:static constexpr _Head& std::_Tuple_impl<_Idx, _Head>::_M_head(std::_Tuple_impl<_Idx, _Head>&) [with unsigned int _Idx = 1u; _Head = std::default_delete<GenericDriver>]	16	static
tuple:1247:5:>&) [with unsigned int __i = 1u; _Head = std::default_delete<GenericDriver>; _Tail = {}]	16	static
tuple:1258:5:>&) [with unsigned int __i = 1u; _Elements = {GenericDriver*, std::default_delete<GenericDriver>}]	16	static
unique_ptr.h:312:7:std::unique_ptr<_Tp, _Dp>::deleter_type& std::unique_ptr<_Tp, _Dp>::get_deleter() [with _Tp = GenericDriver; _Dp = std::default_delete<GenericDriver>]	16	static
unique_ptr.h:70:7:void std::default_delete<_Tp>::operator()(_Tp*) const [with _Tp = GenericDriver]	16	static
main.cpp:544:1:cpp)	8	static
