gthr-default.h:229:1:int __gthread_key_delete(__gthread_key_t)	16	static
shared_ptr_base.h:298:5:void std::_Sp_counted_base<_Lp>::_M_add_ref_copy() [with __gnu_cxx::_Lock_policy _Lp = (__gnu_cxx::_Lock_policy)0u]	16	static
shared_ptr_base.h:303:5:void std::_Sp_counted_base<_Lp>::_M_release() [with __gnu_cxx::_Lock_policy _Lp = (__gnu_cxx::_Lock_policy)0u]	16	static
shared_ptr_base.h:563:17:constexpr std::__shared_count<_Lp>::__shared_count() [with __gnu_cxx::_Lock_policy _Lp = (__gnu_cxx::_Lock_policy)0u]	16	static
shared_ptr_base.h:879:17:constexpr std::__shared_ptr<_Tp, _Lp>::__shared_ptr() [with _Tp = GenericDriver; __gnu_cxx::_Lock_policy _Lp = (__gnu_cxx::_Lock_policy)0u]	16	static
shared_ptr_base.h:928:7:std::__shared_ptr<_Tp, _Lp>::~__shared_ptr() [with _Tp = GenericDriver; __gnu_cxx::_Lock_policy _Lp = (__gnu_cxx::_Lock_policy)0u]	16	static
shared_ptr.h:104:17:constexpr std::shared_ptr<_Tp>::shared_ptr() [with _Tp = GenericDriver]	16	static
shared_ptr.h:93:11:std::shared_ptr<GenericDriver>::~shared_ptr()	16	static
sensor.hpp:9:7:Sensor::Sensor()	16	static
sensor.hpp:9:7:Sensor::~Sensor()	16	static
shared_ptr_base.h:928:7:std::__shared_ptr<_Tp, _Lp>::~__shared_ptr() [with _Tp = OneWireDriver; __gnu_cxx::_Lock_policy _Lp = (__gnu_cxx::_Lock_policy)0u]	16	static
shared_ptr.h:93:11:std::shared_ptr<OneWireDriver>::~shared_ptr()	16	static
one_wire_sensor.cpp:11:1:OneWireSensor::OneWireSensor(PinData)	48	static
one_wire_sensor.cpp:38:7:float OneWireSensor::getLastTempVal()	16	static
one_wire_sensor.cpp:42:7:float OneWireSensor::getLastHumidVal()	16	static
shared_ptr_base.h:126:7:void std::_Sp_counted_base<_Lp>::_M_destroy() [with __gnu_cxx::_Lock_policy _Lp = (__gnu_cxx::_Lock_policy)0u]	16	static
shared_ptr_base.h:659:7:std::__shared_count<_Lp>::~__shared_count() [with __gnu_cxx::_Lock_policy _Lp = (__gnu_cxx::_Lock_policy)0u]	16	static
shared_ptr.h:116:11:std::shared_ptr<_Tp>::shared_ptr(_Tp1*) [with _Tp1 = OneWireDriver; _Tp = OneWireDriver]	16	static
shared_ptr.h:275:2:std::shared_ptr<_Tp>& std::shared_ptr<_Tp>::operator=(const std::shared_ptr<_Tp1>&) [with _Tp1 = OneWireDriver; _Tp = GenericDriver]	16	static
shared_ptr_base.h:116:7:std::_Sp_counted_base<_Lp>::~_Sp_counted_base() [with __gnu_cxx::_Lock_policy _Lp = (__gnu_cxx::_Lock_policy)0u]	16	static
shared_ptr_base.h:116:7:std::_Sp_counted_base<_Lp>::~_Sp_counted_base() [with __gnu_cxx::_Lock_policy _Lp = (__gnu_cxx::_Lock_policy)0u]	16	static
shared_ptr_base.h:884:11:std::__shared_ptr<_Tp, _Lp>::__shared_ptr(_Tp1*) [with _Tp1 = OneWireDriver; _Tp = OneWireDriver; __gnu_cxx::_Lock_policy _Lp = (__gnu_cxx::_Lock_policy)0u]	16	static
shared_ptr_base.h:983:2:std::__shared_ptr<_Tp, _Lp>& std::__shared_ptr<_Tp, _Lp>::operator=(const std::__shared_ptr<_Tp1, _Lp>&) [with _Tp1 = OneWireDriver; _Tp = GenericDriver; __gnu_cxx::_Lock_policy _Lp = (__gnu_cxx::_Lock_policy)0u]	16	static
shared_ptr_base.h:568:2:std::__shared_count<_Lp>::__shared_count(_Ptr) [with _Ptr = OneWireDriver*; __gnu_cxx::_Lock_policy _Lp = (__gnu_cxx::_Lock_policy)0u]	24	static
shared_ptr_base.h:865:5:) [with __gnu_cxx::_Lock_policy _Lp = (__gnu_cxx::_Lock_policy)0u]	4	static
shared_ptr_base.h:673:7:std::__shared_count<_Lp>& std::__shared_count<_Lp>::operator=(const std::__shared_count<_Lp>&) [with __gnu_cxx::_Lock_policy _Lp = (__gnu_cxx::_Lock_policy)0u]	24	static
shared_ptr_base.h:367:7:std::_Sp_counted_ptr<_Ptr, _Lp>::_Sp_counted_ptr(_Ptr) [with _Ptr = OneWireDriver*; __gnu_cxx::_Lock_policy _Lp = (__gnu_cxx::_Lock_policy)0u]	16	static
shared_ptr_base.h:89:11:constexpr std::_Mutex_base<(__gnu_cxx::_Lock_policy)0u>::_Mutex_base()	16	static
shared_ptr_base.h:112:7:std::_Sp_counted_base<_Lp>::_Sp_counted_base() [with __gnu_cxx::_Lock_policy _Lp = (__gnu_cxx::_Lock_policy)0u]	16	static
shared_ptr_base.h:363:11:std::_Sp_counted_ptr<OneWireDriver*, (__gnu_cxx::_Lock_policy)0u>::~_Sp_counted_ptr()	16	static
shared_ptr_base.h:363:11:virtual std::_Sp_counted_ptr<OneWireDriver*, (__gnu_cxx::_Lock_policy)0u>::~_Sp_counted_ptr()	16	static
shared_ptr_base.h:371:7:void std::_Sp_counted_ptr<_Ptr, _Lp>::_M_dispose() [with _Ptr = OneWireDriver*; __gnu_cxx::_Lock_policy _Lp = (__gnu_cxx::_Lock_policy)0u]	16	static
shared_ptr_base.h:375:7:void std::_Sp_counted_ptr<_Ptr, _Lp>::_M_destroy() [with _Ptr = OneWireDriver*; __gnu_cxx::_Lock_policy _Lp = (__gnu_cxx::_Lock_policy)0u]	16	static
shared_ptr_base.h:379:7:void* std::_Sp_counted_ptr<_Ptr, _Lp>::_M_get_deleter(const std::type_info&) [with _Ptr = OneWireDriver*; __gnu_cxx::_Lock_policy _Lp = (__gnu_cxx::_Lock_policy)0u]	16	static
