sample_service.c:109:12:Add_Sample_Service	104	static
sample_service.c:149:6:Make_Connection	56	static
sample_service.c:211:6:startReadTXCharHandle	48	static
sample_service.c:228:6:startReadRXCharHandle	48	static
sample_service.c:247:6:receiveData	16	static
sample_service.c:264:6:sendData	16	static
sample_service.c:280:6:enableNotification	24	static
sample_service.c:300:6:Attribute_Modified_CB	8	static
sample_service.c:326:6:GAP_ConnectionComplete_CB	24	static
sample_service.c:343:6:GAP_DisconnectionComplete_CB	8	static
sample_service.c:364:6:GATT_Notification_CB	0	static
sample_service.c:376:6:user_notify	0	static
