gthr-default.h:229:1:int __gthread_key_delete(__gthread_key_t)	16	static
functional:1458:17:void* std::_Any_data::_M_access()	16	static
functional:1459:17:const void* std::_Any_data::_M_access() const	16	static
functional:1685:5:std::_Function_base::_Function_base()	16	static
functional:1687:5:std::_Function_base::~_Function_base()	16	static
functional:1694:10:bool std::_Function_base::_M_empty() const	16	static
functional:1834:11:std::function<void(long unsigned int, unsigned char, long unsigned int, std::__cxx11::basic_string<char>)>::~function()	16	static
move.h:76:5:constexpr _Tp&& std::forward(typename std::remove_reference<_From>::type&) [with _Tp = TemperatureSensor*&]	16	static
functional:1834:11:std::function<void()>::~function()	16	static
temperature_sensor.cpp:5:1:TemperatureSensor::TemperatureSensor(PinData, uint16_t, std::__cxx11::string, std::function<void(long unsigned int, unsigned char, long unsigned int, std::__cxx11::basic_string<char>)>)	72	static
temperature_sensor.cpp:18:6:virtual void TemperatureSensor::startReadout()	16	static
temperature_sensor.cpp:24:6:virtual void TemperatureSensor::executeState()	16	static
temperature_sensor.cpp:28:6:void TemperatureSensor::changePinMode(oneWireMode)	40	static
temperature_sensor.cpp:42:6:void TemperatureSensor::writePin(bool)	16	static
temperature_sensor.cpp:48:6:bool TemperatureSensor::readPin()	16	static
temperature_sensor.cpp:52:6:void TemperatureSensor::performDataReadout(uint32_t&, uint8_t&)	32	static
temperature_sensor.cpp:81:6:bool TemperatureSensor::hasTempOrHumidChanged(uint32_t, uint8_t)	48	static
temperature_sensor.cpp:108:6:bool checkIfTempSensorReadoutCorrect(uint32_t, uint8_t)	24	static
temperature_sensor.cpp:115:7:float calculateTempValue(uint32_t)	24	static
temperature_sensor.cpp:121:7:float calculateHumidValue(uint32_t)	24	static
functional:525:12:constexpr std::_Maybe_unary_or_binary_function<void, long unsigned int, unsigned char, long unsigned int, std::__cxx11::basic_string<char, std::char_traits<char>, std::allocator<char> > >::_Maybe_unary_or_binary_function()	16	static
functional:1861:7:)>::function() [with _Res = void; _ArgTypes = {long unsigned int, unsigned char, long unsigned int, std::__cxx11::basic_string<char, std::char_traits<char>, std::allocator<char> >}]	16	static
functional:1929:7:)>&) [with _Res = void; _ArgTypes = {long unsigned int, unsigned char, long unsigned int, std::__cxx11::basic_string<char, std::char_traits<char>, std::allocator<char> >}]	32	static
stl_function.h:105:12:constexpr std::unary_function<TemperatureSensor*, void>::unary_function()	16	static
functional:529:12:constexpr std::_Maybe_unary_or_binary_function<void, TemperatureSensor*>::_Maybe_unary_or_binary_function()	16	static
functional:596:7:constexpr std::_Mem_fn_base<_MemFunPtr, __is_mem_fn>::_Mem_fn_base(_MemFunPtr) [with _MemFunPtr = void (TemperatureSensor::*)(); bool __is_mem_fn = true]	24	static
functional:635:43:constexpr std::_Mem_fn<void (TemperatureSensor::*)()>::_Mem_fn(void (TemperatureSensor::*)())	24	static
functional:885:7:static constexpr std::_Maybe_wrap_member_pointer<_Tp _Class::*>::type std::_Maybe_wrap_member_pointer<_Tp _Class::*>::__do_wrap(_Tp _Class::*) [with _Tp = void(); _Class = TemperatureSensor]	24	static
move.h:76:5:constexpr _Tp&& std::forward(typename std::remove_reference<_From>::type&) [with _Tp = void (TemperatureSensor::*)()]	16	static
move.h:76:5:constexpr _Tp&& std::forward(typename std::remove_reference<_From>::type&) [with _Tp = TemperatureSensor*]	16	static
functional:1322:5:) [with _Func = void (TemperatureSensor::*)(); _BoundArgs = {TemperatureSensor*}]	32	static
move.h:101:5:constexpr typename std::remove_reference< <template-parameter-1-1> >::type&& std::move(_Tp&&) [with _Tp = std::_Mem_fn<void (TemperatureSensor::*)()>&]	16	static
move.h:101:5:constexpr typename std::remove_reference< <template-parameter-1-1> >::type&& std::move(_Tp&&) [with _Tp = std::tuple<TemperatureSensor*>&]	16	static
functional:76:12:constexpr std::_Maybe_get_result_type<std::_Mem_fn<void (TemperatureSensor::*)()>, void>::_Maybe_get_result_type()	16	static
functional:85:12:constexpr std::_Weak_result_type_impl<std::_Mem_fn<void (TemperatureSensor::*)()> >::_Weak_result_type_impl()	16	static
functional:183:12:constexpr std::_Weak_result_type<std::_Mem_fn<void (TemperatureSensor::*)()> >::_Weak_result_type()	16	static
tuple:142:7:static constexpr _Head& std::_Head_base<_Idx, _Head, false>::_M_head(std::_Head_base<_Idx, _Head, false>&) [with unsigned int _Idx = 0u; _Head = TemperatureSensor*]	16	static
tuple:346:7:static constexpr _Head& std::_Tuple_impl<_Idx, _Head>::_M_head(std::_Tuple_impl<_Idx, _Head>&) [with unsigned int _Idx = 0u; _Head = TemperatureSensor*]	16	static
tuple:114:19:constexpr std::_Head_base<_Idx, _Head, false>::_Head_base(_UHead&&) [with _UHead = TemperatureSensor*; unsigned int _Idx = 0u; _Head = TemperatureSensor*]	16	static
tuple:366:7:constexpr std::_Tuple_impl<_Idx, _Head>::_Tuple_impl(std::_Tuple_impl<_Idx, _Head>&&) [with unsigned int _Idx = 0u; _Head = TemperatureSensor*]	24	static
tuple:654:17:constexpr std::tuple< <template-parameter-1-1> >::tuple(std::tuple< <template-parameter-1-1> >&&) [with _Elements = {TemperatureSensor*}]	16	static
functional:979:7:)>&&) [with _Functor = std::_Mem_fn<void (TemperatureSensor::*)()>; _Bound_args = {TemperatureSensor*}]	24	static
functional:525:12:constexpr std::_Maybe_unary_or_binary_function<void>::_Maybe_unary_or_binary_function()	16	static
move.h:101:5:constexpr typename std::remove_reference< <template-parameter-1-1> >::type&& std::move(_Tp&&) [with _Tp = std::_Bind<std::_Mem_fn<void (TemperatureSensor::*)()>(TemperatureSensor*)>&]	16	static
functional:2106:7:)>::function(_Functor) [with _Functor = std::_Bind<std::_Mem_fn<void (TemperatureSensor::*)()>(TemperatureSensor*)>; <template-parameter-2-2> = void; <template-parameter-2-3> = void; _Res = void; _ArgTypes = {}]	24	static
functional:2092:5:)>&) [with _Res = void; _ArgTypes = {long unsigned int, unsigned char, long unsigned int, std::__cxx11::basic_string<char, std::char_traits<char>, std::allocator<char> >}]	16	static
functional:2014:12:)>&) [with _Res = void; _ArgTypes = {long unsigned int, unsigned char, long unsigned int, std::__cxx11::basic_string<char, std::char_traits<char>, std::allocator<char> >}]	16	static
tuple:360:19:constexpr std::_Tuple_impl<_Idx, _Head>::_Tuple_impl(_UHead&&) [with _UHead = TemperatureSensor*; unsigned int _Idx = 0u; _Head = TemperatureSensor*]	24	static
tuple:636:19: (_Elements) >= 1)), bool>::type <anonymous> = 1u; _Elements = {TemperatureSensor*}]	24	static
functional:973:11:) [with _Args = {TemperatureSensor*}; _Functor = std::_Mem_fn<void (TemperatureSensor::*)()>; _Bound_args = {TemperatureSensor*}]	32	static
functional:1637:4:static bool std::_Function_base::_Base_manager<_Functor>::_M_not_empty_function(const _Tp&) [with _Tp = std::_Bind<std::_Mem_fn<void (TemperatureSensor::*)()>(TemperatureSensor*)>; _Functor = std::_Bind<std::_Mem_fn<void (TemperatureSensor::*)()>(TemperatureSensor*)>]	16	static
functional:1617:2:static void std::_Function_base::_Base_manager<_Functor>::_M_init_functor(std::_Any_data&, _Functor&&) [with _Functor = std::_Bind<std::_Mem_fn<void (TemperatureSensor::*)()>(TemperatureSensor*)>]	32	static
functional:1729:7:) [with _Functor = std::_Bind<std::_Mem_fn<void (TemperatureSensor::*)()>(TemperatureSensor*)>; _ArgTypes = {}]	16	static
functional:1591:2:static bool std::_Function_base::_Base_manager<_Functor>::_M_manager(std::_Any_data&, const std::_Any_data&, std::_Manager_operation) [with _Functor = std::_Bind<std::_Mem_fn<void (TemperatureSensor::*)()>(TemperatureSensor*)>]	40	static
functional:2042:16:)>::operator bool() const [with _Res = void; _ArgTypes = {long unsigned int, unsigned char, long unsigned int, std::__cxx11::basic_string<char, std::char_traits<char>, std::allocator<char> >}]	16	static
move.h:101:5:constexpr typename std::remove_reference< <template-parameter-1-1> >::type&& std::move(_Tp&&) [with _Tp = std::_Any_data&]	16	static
move.h:179:5:typename std::enable_if<std::__and_<std::is_move_constructible<_Tp>, std::is_move_assignable<_Tp> >::value>::type std::swap(_Tp&, _Tp&) [with _Tp = std::_Any_data]	24	static
move.h:101:5:constexpr typename std::remove_reference< <template-parameter-1-1> >::type&& std::move(_Tp&&) [with _Tp = bool (*&)(std::_Any_data&, const std::_Any_data&, std::_Manager_operation)]	16	static
move.h:179:5:typename std::enable_if<std::__and_<std::is_move_constructible<_Tp>, std::is_move_assignable<_Tp> >::value>::type std::swap(_Tp&, _Tp&) [with _Tp = bool (*)(std::_Any_data&, const std::_Any_data&, std::_Manager_operation)]	24	static
move.h:101:5:constexpr typename std::remove_reference< <template-parameter-1-1> >::type&& std::move(_Tp&&) [with _Tp = void (*&)(const std::_Any_data&, long unsigned int&&, unsigned char&&, long unsigned int&&, std::__cxx11::basic_string<char>&&)]	16	static
move.h:179:5:typename std::enable_if<std::__and_<std::is_move_constructible<_Tp>, std::is_move_assignable<_Tp> >::value>::type std::swap(_Tp&, _Tp&) [with _Tp = void (*)(const std::_Any_data&, long unsigned int&&, unsigned char&&, long unsigned int&&, std::__cxx11::basic_string<char>&&)]	24	static
functional:1646:2:static void std::_Function_base::_Base_manager<_Functor>::_M_init_functor(std::_Any_data&, _Functor&&, std::false_type) [with _Functor = std::_Bind<std::_Mem_fn<void (TemperatureSensor::*)()>(TemperatureSensor*)>]	32	static
functional:1549:2:static _Functor* std::_Function_base::_Base_manager<_Functor>::_M_get_pointer(const std::_Any_data&) [with _Functor = std::_Bind<std::_Mem_fn<void (TemperatureSensor::*)()>(TemperatureSensor*)>]	24	static
tuple:1403:5:) [with _Elements = {}]	4	static
functional:989:2:) [with _Args = {}; _Result = void; _Functor = std::_Mem_fn<void (TemperatureSensor::*)()>; _Bound_args = {TemperatureSensor*}]	32	static
functional:1463:7:_Tp& std::_Any_data::_M_access() [with _Tp = const std::type_info*]	16	static
functional:1463:7:_Tp& std::_Any_data::_M_access() [with _Tp = std::_Bind<std::_Mem_fn<void (TemperatureSensor::*)()>(TemperatureSensor*)>*]	16	static
functional:1568:2:static void std::_Function_base::_Base_manager<_Functor>::_M_clone(std::_Any_data&, const std::_Any_data&, std::false_type) [with _Functor = std::_Bind<std::_Mem_fn<void (TemperatureSensor::*)()>(TemperatureSensor*)>]	32	static
functional:1584:2:static void std::_Function_base::_Base_manager<_Functor>::_M_destroy(std::_Any_data&, std::false_type) [with _Functor = std::_Bind<std::_Mem_fn<void (TemperatureSensor::*)()>(TemperatureSensor*)>]	16	static
functional:1468:7:const _Tp& std::_Any_data::_M_access() const [with _Tp = std::_Bind<std::_Mem_fn<void (TemperatureSensor::*)()>(TemperatureSensor*)>*]	16	static
tuple:1247:5:>&) [with unsigned int __i = 0u; _Head = TemperatureSensor*; _Tail = {}]	16	static
tuple:1258:5:>&) [with unsigned int __i = 0u; _Elements = {TemperatureSensor*}]	16	static
functional:931:2:_Indexes = {0u}; _Functor = std::_Mem_fn<void (TemperatureSensor::*)()>; _Bound_args = {TemperatureSensor*}]	40	static
functional:851:2:_CVArg&& std::_Mu<_Arg, false, false>::operator()(_CVArg&&, _Tuple&) const volatile [with _CVArg = TemperatureSensor*&; _Tuple = std::tuple<>; _Arg = TemperatureSensor*]	24	static
functional:600:2:) const [with _Args = {TemperatureSensor*&}; _MemFunPtr = void (TemperatureSensor::*)(); bool __is_mem_fn = true]	24	static
move.h:76:5:constexpr _Tp&& std::forward(typename std::remove_reference<_From>::type&) [with _Tp = void (TemperatureSensor::* const&)()]	16	static
functional:245:5:) [with _Callable = void (TemperatureSensor::* const&)(); _Args = {TemperatureSensor*&}]	32	static
functional:222:5:) [with _Res = void; _MemFun = void (TemperatureSensor::* const&)(); _Tp = TemperatureSensor*&; _Args = {}]	24	static
temperature_sensor.cpp:125:1:void __static_initialization_and_destruction_0(int, int)	16	static
temperature_sensor.cpp:125:1:cpp)	8	static
