tasks.c:1071:13:prvAddNewTaskToReadyList	24	static
tasks.c:3879:13:prvResetNextTaskUnblockTime	0	static
tasks.c:820:13:prvInitialiseNewTask.isra.2	32	static
tasks.c:3825:14:prvDeleteTCB	8	static
tasks.c:3333:8:prvIdleTask	8	static
tasks.c:5080:13:prvAddCurrentTaskToDelayedList	24	static
tasks.c:577:15:xTaskCreateStatic.part.5	0	static
tasks.c:577:15:xTaskCreateStatic	40	static
tasks.c:729:13:xTaskCreate	48	static
tasks.c:1156:7:vTaskDelete	16	static
tasks.c:1469:14:uxTaskPriorityGet	8	static
tasks.c:1491:14:uxTaskPriorityGetFromISR	8	static
tasks.c:1531:7:vTaskPrioritySet	24	static
tasks.c:1842:7:vTaskResume	16	static
tasks.c:1896:13:xTaskResumeFromISR	24	static
tasks.c:1966:6:vTaskStartScheduler	40	static
tasks.c:2088:6:vTaskEndScheduler	0	static
tasks.c:2099:6:vTaskSuspendAll	0	static
tasks.c:2283:12:xTaskGetTickCount	0	static
tasks.c:2298:12:xTaskGetTickCountFromISR	8	static
tasks.c:2329:13:uxTaskGetNumberOfTasks	0	static
tasks.c:2337:7:pcTaskGetName	0	static
tasks.c:2664:12:xTaskIncrementTick	40	static
tasks.c:2173:12:xTaskResumeAll	32	static
tasks.c:1332:7:vTaskDelay	8	static
tasks.c:2946:6:vTaskSwitchContext	8	static
tasks.c:1695:7:vTaskSuspend	16	static
tasks.c:3019:6:vTaskPlaceOnEventList	8	static
tasks.c:3036:6:vTaskPlaceOnUnorderedEventList	8	static
tasks.c:3093:12:xTaskRemoveFromEventList	16	static
tasks.c:3161:6:vTaskRemoveFromUnorderedEventList	16	static
tasks.c:3195:6:vTaskSetTimeOutState	8	static
tasks.c:3207:6:vTaskInternalSetTimeOutState	0	static
tasks.c:3215:12:xTaskCheckForTimeOut	16	static
tasks.c:3278:6:vTaskMissedYield	0	static
tasks.c:3905:15:xTaskGetCurrentTaskHandle	0	static
tasks.c:3922:13:xTaskGetSchedulerState	0	static
tasks.c:3950:13:xTaskPriorityInherit	24	static
tasks.c:4037:13:xTaskPriorityDisinherit	24	static
tasks.c:4117:7:vTaskPriorityDisinheritAfterTimeout	24	static
tasks.c:4532:12:uxTaskResetEventItemValue	0	static
tasks.c:4548:15:pvTaskIncrementMutexHeldCount	0	static
tasks.c:4565:11:ulTaskNotifyTake	16	static
tasks.c:4633:13:xTaskNotifyWait	24	static
tasks.c:4713:13:xTaskGenericNotify	24	static
tasks.c:4827:13:xTaskGenericNotifyFromISR	32	static
tasks.c:4956:7:vTaskNotifyGiveFromISR	24	static
tasks.c:5043:13:xTaskNotifyStateClear	16	static
